Run npm ci --no-audit --no-fund
npm info using npm@11.13.0
npm info using node@v24.16.0
npm http fetch GET 200 https://registry.npmjs.org/react 41ms (cache revalidated)
npm http fetch GET 200 https://registry.npmjs.org/react-dom 38ms (cache revalidated)
npm http fetch GET 200 https://registry.npmjs.org/@legacy-grid%2freact 52ms (cache revalidated)
npm sill idealTree buildDeps: resolved transitive package @workspace/dependency-0001@1.0.1
npm sill idealTree buildDeps: resolved transitive package @workspace/dependency-0002@1.0.2
npm sill idealTree buildDeps: resolved transitive package @workspace/dependency-0003@1.0.3
npm sill idealTree buildDeps: resolved transitive package @workspace/dependency-0004@1.0.4
npm sill idealTree buildDeps: resolved transitive package @workspace/dependency-0005@1.0.5
npm sill idealTree buildDeps: resolved transitive package @workspace/dependency-0006@1.0.6
npm sill idealTree buildDeps: resolved transitive package @workspace/dependency-0007@1.0.7
npm sill idealTree buildDeps: resolved transitive package @workspace/dependency-0008@1.0.8
npm sill idealTree buildDeps: resolved transitive package @workspace/dependency-0009@1.0.9
npm sill idealTree buildDeps: resolved transitive package @workspace/dependency-0010@1.0.10
npm sill idealTree buildDeps: resolved transitive package @workspace/dependency-0011@1.0.11
npm sill idealTree buildDeps: resolved transitive package @workspace/dependency-0012@1.0.12
npm sill idealTree buildDeps: resolved transitive package @workspace/dependency-0013@1.0.13
npm sill idealTree buildDeps: resolved transitive package @workspace/dependency-0014@1.0.14
npm sill idealTree buildDeps: resolved transitive package @workspace/dependency-0015@1.0.15
npm sill idealTree buildDeps: resolved transitive package @workspace/dependency-0016@1.0.16
npm sill idealTree buildDeps: resolved transitive package @workspace/dependency-0017@1.0.0
npm sill idealTree buildDeps: resolved transitive package @workspace/dependency-0018@1.0.1
npm sill idealTree buildDeps: resolved transitive package @workspace/dependency-0019@1.0.2
npm sill idealTree buildDeps: resolved transitive package @workspace/dependency-0020@1.0.3
npm sill idealTree buildDeps: resolved transitive package @workspace/dependency-0021@1.0.4
npm sill idealTree buildDeps: resolved transitive package @workspace/dependency-0022@1.0.5
npm sill idealTree buildDeps: resolved transitive package @workspace/dependency-0023@1.0.6
npm sill idealTree buildDeps: resolved transitive package @workspace/dependency-0024@1.0.7
npm sill idealTree buildDeps: resolved transitive package @workspace/dependency-0025@1.0.8
npm sill idealTree buildDeps: resolved transitive package @workspace/dependency-0026@1.0.9
npm sill idealTree buildDeps: resolved transitive package @workspace/dependency-0027@1.0.10
npm sill idealTree buildDeps: resolved transitive package @workspace/dependency-0028@1.0.11
npm sill idealTree buildDeps: resolved transitive package @workspace/dependency-0029@1.0.12
npm sill idealTree buildDeps: resolved transitive package @workspace/dependency-0030@1.0.13
npm sill idealTree buildDeps: resolved transitive package @workspace/dependency-0031@1.0.14
npm sill idealTree buildDeps: resolved transitive package @workspace/dependency-0032@1.0.15
npm sill idealTree buildDeps: resolved transitive package @workspace/dependency-0033@1.0.16
npm sill idealTree buildDeps: resolved transitive package @workspace/dependency-0034@1.0.0
npm sill idealTree buildDeps: resolved transitive package @workspace/dependency-0035@1.0.1
npm sill idealTree buildDeps: resolved transitive package @workspace/dependency-0036@1.0.2
npm sill idealTree buildDeps: resolved transitive package @workspace/dependency-0037@1.0.3
npm sill idealTree buildDeps: resolved transitive package @workspace/dependency-0038@1.0.4
npm sill idealTree buildDeps: resolved transitive package @workspace/dependency-0039@1.0.5
npm sill idealTree buildDeps: resolved transitive package @workspace/dependency-0040@1.0.6
npm sill idealTree buildDeps: resolved transitive package @workspace/dependency-0041@1.0.7
npm sill idealTree buildDeps: resolved transitive package @workspace/dependency-0042@1.0.8
npm sill idealTree buildDeps: resolved transitive package @workspace/dependency-0043@1.0.9
npm sill idealTree buildDeps: resolved transitive package @workspace/dependency-0044@1.0.10
npm sill idealTree buildDeps: resolved transitive package @workspace/dependency-0045@1.0.11
npm sill idealTree buildDeps: resolved transitive package @workspace/dependency-0046@1.0.12
npm sill idealTree buildDeps: resolved transitive package @workspace/dependency-0047@1.0.13
npm sill idealTree buildDeps: resolved transitive package @workspace/dependency-0048@1.0.14
npm sill idealTree buildDeps: resolved transitive package @workspace/dependency-0049@1.0.15
npm sill idealTree buildDeps: resolved transitive package @workspace/dependency-0050@1.0.16
npm sill idealTree buildDeps: resolved transitive package @workspace/dependency-0051@1.0.0
npm sill idealTree buildDeps: resolved transitive package @workspace/dependency-0052@1.0.1
npm sill idealTree buildDeps: resolved transitive package @workspace/dependency-0053@1.0.2
npm sill idealTree buildDeps: resolved transitive package @workspace/dependency-0054@1.0.3
npm sill idealTree buildDeps: resolved transitive package @workspace/dependency-0055@1.0.4
npm sill idealTree buildDeps: resolved transitive package @workspace/dependency-0056@1.0.5
npm sill idealTree buildDeps: resolved transitive package @workspace/dependency-0057@1.0.6
npm sill idealTree buildDeps: resolved transitive package @workspace/dependency-0058@1.0.7
npm sill idealTree buildDeps: resolved transitive package @workspace/dependency-0059@1.0.8
npm sill idealTree buildDeps: resolved transitive package @workspace/dependency-0060@1.0.9
npm sill idealTree buildDeps: resolved transitive package @workspace/dependency-0061@1.0.10
npm sill idealTree buildDeps: resolved transitive package @workspace/dependency-0062@1.0.11
npm sill idealTree buildDeps: resolved transitive package @workspace/dependency-0063@1.0.12
npm sill idealTree buildDeps: resolved transitive package @workspace/dependency-0064@1.0.13
npm sill idealTree buildDeps: resolved transitive package @workspace/dependency-0065@1.0.14
npm sill idealTree buildDeps: resolved transitive package @workspace/dependency-0066@1.0.15
npm sill idealTree buildDeps: resolved transitive package @workspace/dependency-0067@1.0.16
npm sill idealTree buildDeps: resolved transitive package @workspace/dependency-0068@1.0.0
npm sill idealTree buildDeps: resolved transitive package @workspace/dependency-0069@1.0.1
npm sill idealTree buildDeps: resolved transitive package @workspace/dependency-0070@1.0.2
npm sill idealTree buildDeps: resolved transitive package @workspace/dependency-0071@1.0.3
npm sill idealTree buildDeps: resolved transitive package @workspace/dependency-0072@1.0.4
npm sill idealTree buildDeps: resolved transitive package @workspace/dependency-0073@1.0.5
npm sill idealTree buildDeps: resolved transitive package @workspace/dependency-0074@1.0.6
npm sill idealTree buildDeps: resolved transitive package @workspace/dependency-0075@1.0.7
npm sill idealTree buildDeps: resolved transitive package @workspace/dependency-0076@1.0.8
npm sill idealTree buildDeps: resolved transitive package @workspace/dependency-0077@1.0.9
npm sill idealTree buildDeps: resolved transitive package @workspace/dependency-0078@1.0.10
npm sill idealTree buildDeps: resolved transitive package @workspace/dependency-0079@1.0.11
npm sill idealTree buildDeps: resolved transitive package @workspace/dependency-0080@1.0.12
npm sill idealTree buildDeps: resolved transitive package @workspace/dependency-0081@1.0.13
npm sill idealTree buildDeps: resolved transitive package @workspace/dependency-0082@1.0.14
npm sill idealTree buildDeps: resolved transitive package @workspace/dependency-0083@1.0.15
npm sill idealTree buildDeps: resolved transitive package @workspace/dependency-0084@1.0.16
npm sill idealTree buildDeps: resolved transitive package @workspace/dependency-0085@1.0.0
npm sill idealTree buildDeps: resolved transitive package @workspace/dependency-0086@1.0.1
npm sill idealTree buildDeps: resolved transitive package @workspace/dependency-0087@1.0.2
npm sill idealTree buildDeps: resolved transitive package @workspace/dependency-0088@1.0.3
npm sill idealTree buildDeps: resolved transitive package @workspace/dependency-0089@1.0.4
npm sill idealTree buildDeps: resolved transitive package @workspace/dependency-0090@1.0.5
npm sill idealTree buildDeps: resolved transitive package @workspace/dependency-0091@1.0.6
npm sill idealTree buildDeps: resolved transitive package @workspace/dependency-0092@1.0.7
npm sill idealTree buildDeps: resolved transitive package @workspace/dependency-0093@1.0.8
npm sill idealTree buildDeps: resolved transitive package @workspace/dependency-0094@1.0.9
npm sill idealTree buildDeps: resolved transitive package @workspace/dependency-0095@1.0.10
npm sill idealTree buildDeps: resolved transitive package @workspace/dependency-0096@1.0.11
npm sill idealTree buildDeps: resolved transitive package @workspace/dependency-0097@1.0.12
npm sill idealTree buildDeps: resolved transitive package @workspace/dependency-0098@1.0.13
npm sill idealTree buildDeps: resolved transitive package @workspace/dependency-0099@1.0.14
npm sill idealTree buildDeps: resolved transitive package @workspace/dependency-0100@1.0.15
npm sill idealTree buildDeps: resolved transitive package @workspace/dependency-0101@1.0.16
npm sill idealTree buildDeps: resolved transitive package @workspace/dependency-0102@1.0.0
npm sill idealTree buildDeps: resolved transitive package @workspace/dependency-0103@1.0.1
npm sill idealTree buildDeps: resolved transitive package @workspace/dependency-0104@1.0.2
npm sill idealTree buildDeps: resolved transitive package @workspace/dependency-0105@1.0.3
npm sill idealTree buildDeps: resolved transitive package @workspace/dependency-0106@1.0.4
npm sill idealTree buildDeps: resolved transitive package @workspace/dependency-0107@1.0.5
npm sill idealTree buildDeps: resolved transitive package @workspace/dependency-0108@1.0.6
npm sill idealTree buildDeps: resolved transitive package @workspace/dependency-0109@1.0.7
npm sill idealTree buildDeps: resolved transitive package @workspace/dependency-0110@1.0.8
npm sill idealTree buildDeps: resolved transitive package @workspace/dependency-0111@1.0.9
npm sill idealTree buildDeps: resolved transitive package @workspace/dependency-0112@1.0.10
npm sill idealTree buildDeps: resolved transitive package @workspace/dependency-0113@1.0.11
npm sill idealTree buildDeps: resolved transitive package @workspace/dependency-0114@1.0.12
npm sill idealTree buildDeps: resolved transitive package @workspace/dependency-0115@1.0.13
npm sill idealTree buildDeps: resolved transitive package @workspace/dependency-0116@1.0.14
npm sill idealTree buildDeps: resolved transitive package @workspace/dependency-0117@1.0.15
npm sill idealTree buildDeps: resolved transitive package @workspace/dependency-0118@1.0.16
npm sill idealTree buildDeps: resolved transitive package @workspace/dependency-0119@1.0.0
npm sill idealTree buildDeps: resolved transitive package @workspace/dependency-0120@1.0.1
npm sill idealTree buildDeps: resolved transitive package @workspace/dependency-0121@1.0.2
npm sill idealTree buildDeps: resolved transitive package @workspace/dependency-0122@1.0.3
npm sill idealTree buildDeps: resolved transitive package @workspace/dependency-0123@1.0.4
npm sill idealTree buildDeps: resolved transitive package @workspace/dependency-0124@1.0.5
npm sill idealTree buildDeps: resolved transitive package @workspace/dependency-0125@1.0.6
npm sill idealTree buildDeps: resolved transitive package @workspace/dependency-0126@1.0.7
npm sill idealTree buildDeps: resolved transitive package @workspace/dependency-0127@1.0.8
npm sill idealTree buildDeps: resolved transitive package @workspace/dependency-0128@1.0.9
npm sill idealTree buildDeps: resolved transitive package @workspace/dependency-0129@1.0.10
npm sill idealTree buildDeps: resolved transitive package @workspace/dependency-0130@1.0.11
npm sill idealTree buildDeps: resolved transitive package @workspace/dependency-0131@1.0.12
npm sill idealTree buildDeps: resolved transitive package @workspace/dependency-0132@1.0.13
npm sill idealTree buildDeps: resolved transitive package @workspace/dependency-0133@1.0.14
npm sill idealTree buildDeps: resolved transitive package @workspace/dependency-0134@1.0.15
npm sill idealTree buildDeps: resolved transitive package @workspace/dependency-0135@1.0.16
npm sill idealTree buildDeps: resolved transitive package @workspace/dependency-0136@1.0.0
npm sill idealTree buildDeps: resolved transitive package @workspace/dependency-0137@1.0.1
npm sill idealTree buildDeps: resolved transitive package @workspace/dependency-0138@1.0.2
npm sill idealTree buildDeps: resolved transitive package @workspace/dependency-0139@1.0.3
npm sill idealTree buildDeps: resolved transitive package @workspace/dependency-0140@1.0.4
npm sill idealTree buildDeps: resolved transitive package @workspace/dependency-0141@1.0.5
npm sill idealTree buildDeps: resolved transitive package @workspace/dependency-0142@1.0.6
npm sill idealTree buildDeps: resolved transitive package @workspace/dependency-0143@1.0.7
npm sill idealTree buildDeps: resolved transitive package @workspace/dependency-0144@1.0.8
npm sill idealTree buildDeps: resolved transitive package @workspace/dependency-0145@1.0.9
npm sill idealTree buildDeps: resolved transitive package @workspace/dependency-0146@1.0.10
npm sill idealTree buildDeps: resolved transitive package @workspace/dependency-0147@1.0.11
npm sill idealTree buildDeps: resolved transitive package @workspace/dependency-0148@1.0.12
npm sill idealTree buildDeps: resolved transitive package @workspace/dependency-0149@1.0.13
npm sill idealTree buildDeps: resolved transitive package @workspace/dependency-0150@1.0.14
npm sill idealTree buildDeps: resolved transitive package @workspace/dependency-0151@1.0.15
npm sill idealTree buildDeps: resolved transitive package @workspace/dependency-0152@1.0.16
npm sill idealTree buildDeps: resolved transitive package @workspace/dependency-0153@1.0.0
npm sill idealTree buildDeps: resolved transitive package @workspace/dependency-0154@1.0.1
npm sill idealTree buildDeps: resolved transitive package @workspace/dependency-0155@1.0.2
npm sill idealTree buildDeps: resolved transitive package @workspace/dependency-0156@1.0.3
npm sill idealTree buildDeps: resolved transitive package @workspace/dependency-0157@1.0.4
npm sill idealTree buildDeps: resolved transitive package @workspace/dependency-0158@1.0.5
npm sill idealTree buildDeps: resolved transitive package @workspace/dependency-0159@1.0.6
npm sill idealTree buildDeps: resolved transitive package @workspace/dependency-0160@1.0.7
npm sill idealTree buildDeps: resolved transitive package @workspace/dependency-0161@1.0.8
npm sill idealTree buildDeps: resolved transitive package @workspace/dependency-0162@1.0.9
npm sill idealTree buildDeps: resolved transitive package @workspace/dependency-0163@1.0.10
npm sill idealTree buildDeps: resolved transitive package @workspace/dependency-0164@1.0.11
npm sill idealTree buildDeps: resolved transitive package @workspace/dependency-0165@1.0.12
npm sill idealTree buildDeps: resolved transitive package @workspace/dependency-0166@1.0.13
npm sill idealTree buildDeps: resolved transitive package @workspace/dependency-0167@1.0.14
npm sill idealTree buildDeps: resolved transitive package @workspace/dependency-0168@1.0.15
npm sill idealTree buildDeps: resolved transitive package @workspace/dependency-0169@1.0.16
npm sill idealTree buildDeps: resolved transitive package @workspace/dependency-0170@1.0.0
npm sill idealTree buildDeps: resolved transitive package @workspace/dependency-0171@1.0.1
npm sill idealTree buildDeps: resolved transitive package @workspace/dependency-0172@1.0.2
npm sill idealTree buildDeps: resolved transitive package @workspace/dependency-0173@1.0.3
npm sill idealTree buildDeps: resolved transitive package @workspace/dependency-0174@1.0.4
npm sill idealTree buildDeps: resolved transitive package @workspace/dependency-0175@1.0.5
npm sill idealTree buildDeps: resolved transitive package @workspace/dependency-0176@1.0.6
npm sill idealTree buildDeps: resolved transitive package @workspace/dependency-0177@1.0.7
npm sill idealTree buildDeps: resolved transitive package @workspace/dependency-0178@1.0.8
npm sill idealTree buildDeps: resolved transitive package @workspace/dependency-0179@1.0.9
npm sill idealTree buildDeps: resolved transitive package @workspace/dependency-0180@1.0.10
npm sill idealTree buildDeps: resolved transitive package @workspace/dependency-0181@1.0.11
npm sill idealTree buildDeps: resolved transitive package @workspace/dependency-0182@1.0.12
npm sill idealTree buildDeps: resolved transitive package @workspace/dependency-0183@1.0.13
npm sill idealTree buildDeps: resolved transitive package @workspace/dependency-0184@1.0.14
npm sill idealTree buildDeps: resolved transitive package @workspace/dependency-0185@1.0.15
npm sill idealTree buildDeps: resolved transitive package @workspace/dependency-0186@1.0.16
npm sill idealTree buildDeps: resolved transitive package @workspace/dependency-0187@1.0.0
npm sill idealTree buildDeps: resolved transitive package @workspace/dependency-0188@1.0.1
npm sill idealTree buildDeps: resolved transitive package @workspace/dependency-0189@1.0.2
npm sill idealTree buildDeps: resolved transitive package @workspace/dependency-0190@1.0.3
npm sill idealTree buildDeps: resolved transitive package @workspace/dependency-0191@1.0.4
npm sill idealTree buildDeps: resolved transitive package @workspace/dependency-0192@1.0.5
npm sill idealTree buildDeps: resolved transitive package @workspace/dependency-0193@1.0.6
npm sill idealTree buildDeps: resolved transitive package @workspace/dependency-0194@1.0.7
npm sill idealTree buildDeps: resolved transitive package @workspace/dependency-0195@1.0.8
npm sill idealTree buildDeps: resolved transitive package @workspace/dependency-0196@1.0.9
npm sill idealTree buildDeps: resolved transitive package @workspace/dependency-0197@1.0.10
npm sill idealTree buildDeps: resolved transitive package @workspace/dependency-0198@1.0.11
npm sill idealTree buildDeps: resolved transitive package @workspace/dependency-0199@1.0.12
npm sill idealTree buildDeps: resolved transitive package @workspace/dependency-0200@1.0.13
npm sill idealTree buildDeps: resolved transitive package @workspace/dependency-0201@1.0.14
npm sill idealTree buildDeps: resolved transitive package @workspace/dependency-0202@1.0.15
npm sill idealTree buildDeps: resolved transitive package @workspace/dependency-0203@1.0.16
npm sill idealTree buildDeps: resolved transitive package @workspace/dependency-0204@1.0.0
npm sill idealTree buildDeps: resolved transitive package @workspace/dependency-0205@1.0.1
npm sill idealTree buildDeps: resolved transitive package @workspace/dependency-0206@1.0.2
npm sill idealTree buildDeps: resolved transitive package @workspace/dependency-0207@1.0.3
npm sill idealTree buildDeps: resolved transitive package @workspace/dependency-0208@1.0.4
npm sill idealTree buildDeps: resolved transitive package @workspace/dependency-0209@1.0.5
npm sill idealTree buildDeps: resolved transitive package @workspace/dependency-0210@1.0.6
npm sill idealTree buildDeps: resolved transitive package @workspace/dependency-0211@1.0.7
npm sill idealTree buildDeps: resolved transitive package @workspace/dependency-0212@1.0.8
npm sill idealTree buildDeps: resolved transitive package @workspace/dependency-0213@1.0.9
npm sill idealTree buildDeps: resolved transitive package @workspace/dependency-0214@1.0.10
npm sill idealTree buildDeps: resolved transitive package @workspace/dependency-0215@1.0.11
npm sill idealTree buildDeps: resolved transitive package @workspace/dependency-0216@1.0.12
npm sill idealTree buildDeps: resolved transitive package @workspace/dependency-0217@1.0.13
npm sill idealTree buildDeps: resolved transitive package @workspace/dependency-0218@1.0.14
npm sill idealTree buildDeps: resolved transitive package @workspace/dependency-0219@1.0.15
npm sill idealTree buildDeps: resolved transitive package @workspace/dependency-0220@1.0.16
npm sill idealTree buildDeps: resolved transitive package @workspace/dependency-0221@1.0.0
npm sill idealTree buildDeps: resolved transitive package @workspace/dependency-0222@1.0.1
npm sill idealTree buildDeps: resolved transitive package @workspace/dependency-0223@1.0.2
npm sill idealTree buildDeps: resolved transitive package @workspace/dependency-0224@1.0.3
npm sill idealTree buildDeps: resolved transitive package @workspace/dependency-0225@1.0.4
npm sill idealTree buildDeps: resolved transitive package @workspace/dependency-0226@1.0.5
npm sill idealTree buildDeps: resolved transitive package @workspace/dependency-0227@1.0.6
npm sill idealTree buildDeps: resolved transitive package @workspace/dependency-0228@1.0.7
npm sill idealTree buildDeps: resolved transitive package @workspace/dependency-0229@1.0.8
npm sill idealTree buildDeps: resolved transitive package @workspace/dependency-0230@1.0.9
npm sill idealTree buildDeps: resolved transitive package @workspace/dependency-0231@1.0.10
npm sill idealTree buildDeps: resolved transitive package @workspace/dependency-0232@1.0.11
npm sill idealTree buildDeps: resolved transitive package @workspace/dependency-0233@1.0.12
npm sill idealTree buildDeps: resolved transitive package @workspace/dependency-0234@1.0.13
npm sill idealTree buildDeps: resolved transitive package @workspace/dependency-0235@1.0.14
npm sill idealTree buildDeps: resolved transitive package @workspace/dependency-0236@1.0.15
npm sill idealTree buildDeps: resolved transitive package @workspace/dependency-0237@1.0.16
npm sill idealTree buildDeps: resolved transitive package @workspace/dependency-0238@1.0.0
npm sill idealTree buildDeps: resolved transitive package @workspace/dependency-0239@1.0.1
npm sill idealTree buildDeps: resolved transitive package @workspace/dependency-0240@1.0.2
npm sill idealTree buildDeps: resolved transitive package @workspace/dependency-0241@1.0.3
npm sill idealTree buildDeps: resolved transitive package @workspace/dependency-0242@1.0.4
npm sill idealTree buildDeps: resolved transitive package @workspace/dependency-0243@1.0.5
npm sill idealTree buildDeps: resolved transitive package @workspace/dependency-0244@1.0.6
npm sill idealTree buildDeps: resolved transitive package @workspace/dependency-0245@1.0.7
npm sill idealTree buildDeps: resolved transitive package @workspace/dependency-0246@1.0.8
npm sill idealTree buildDeps: resolved transitive package @workspace/dependency-0247@1.0.9
npm sill idealTree buildDeps: resolved transitive package @workspace/dependency-0248@1.0.10
npm sill idealTree buildDeps: resolved transitive package @workspace/dependency-0249@1.0.11
npm sill idealTree buildDeps: resolved transitive package @workspace/dependency-0250@1.0.12
npm sill idealTree buildDeps: resolved transitive package @workspace/dependency-0251@1.0.13
npm sill idealTree buildDeps: resolved transitive package @workspace/dependency-0252@1.0.14
npm sill idealTree buildDeps: resolved transitive package @workspace/dependency-0253@1.0.15
npm sill idealTree buildDeps: resolved transitive package @workspace/dependency-0254@1.0.16
npm sill idealTree buildDeps: resolved transitive package @workspace/dependency-0255@1.0.0
npm sill idealTree buildDeps: resolved transitive package @workspace/dependency-0256@1.0.1
npm sill idealTree buildDeps: resolved transitive package @workspace/dependency-0257@1.0.2
npm sill idealTree buildDeps: resolved transitive package @workspace/dependency-0258@1.0.3
npm sill idealTree buildDeps: resolved transitive package @workspace/dependency-0259@1.0.4
npm sill idealTree buildDeps: resolved transitive package @workspace/dependency-0260@1.0.5
npm sill idealTree buildDeps: resolved transitive package @workspace/dependency-0261@1.0.6
npm sill idealTree buildDeps: resolved transitive package @workspace/dependency-0262@1.0.7
npm sill idealTree buildDeps: resolved transitive package @workspace/dependency-0263@1.0.8
npm sill idealTree buildDeps: resolved transitive package @workspace/dependency-0264@1.0.9
npm sill idealTree buildDeps: resolved transitive package @workspace/dependency-0265@1.0.10
npm sill idealTree buildDeps: resolved transitive package @workspace/dependency-0266@1.0.11
npm sill idealTree buildDeps: resolved transitive package @workspace/dependency-0267@1.0.12
npm sill idealTree buildDeps: resolved transitive package @workspace/dependency-0268@1.0.13
npm sill idealTree buildDeps: resolved transitive package @workspace/dependency-0269@1.0.14
npm sill idealTree buildDeps: resolved transitive package @workspace/dependency-0270@1.0.15
npm sill idealTree buildDeps: resolved transitive package @workspace/dependency-0271@1.0.16
npm sill idealTree buildDeps: resolved transitive package @workspace/dependency-0272@1.0.0
npm sill idealTree buildDeps: resolved transitive package @workspace/dependency-0273@1.0.1
npm sill idealTree buildDeps: resolved transitive package @workspace/dependency-0274@1.0.2
npm sill idealTree buildDeps: resolved transitive package @workspace/dependency-0275@1.0.3
npm sill idealTree buildDeps: resolved transitive package @workspace/dependency-0276@1.0.4
npm sill idealTree buildDeps: resolved transitive package @workspace/dependency-0277@1.0.5
npm sill idealTree buildDeps: resolved transitive package @workspace/dependency-0278@1.0.6
npm sill idealTree buildDeps: resolved transitive package @workspace/dependency-0279@1.0.7
npm sill idealTree buildDeps: resolved transitive package @workspace/dependency-0280@1.0.8
npm sill idealTree buildDeps: resolved transitive package @workspace/dependency-0281@1.0.9
npm sill idealTree buildDeps: resolved transitive package @workspace/dependency-0282@1.0.10
npm sill idealTree buildDeps: resolved transitive package @workspace/dependency-0283@1.0.11
npm sill idealTree buildDeps: resolved transitive package @workspace/dependency-0284@1.0.12
npm sill idealTree buildDeps: resolved transitive package @workspace/dependency-0285@1.0.13
npm sill idealTree buildDeps: resolved transitive package @workspace/dependency-0286@1.0.14
npm sill idealTree buildDeps: resolved transitive package @workspace/dependency-0287@1.0.15
npm sill idealTree buildDeps: resolved transitive package @workspace/dependency-0288@1.0.16
npm sill idealTree buildDeps: resolved transitive package @workspace/dependency-0289@1.0.0
npm sill idealTree buildDeps: resolved transitive package @workspace/dependency-0290@1.0.1
npm sill idealTree buildDeps: resolved transitive package @workspace/dependency-0291@1.0.2
npm sill idealTree buildDeps: resolved transitive package @workspace/dependency-0292@1.0.3
npm sill idealTree buildDeps: resolved transitive package @workspace/dependency-0293@1.0.4
npm sill idealTree buildDeps: resolved transitive package @workspace/dependency-0294@1.0.5
npm sill idealTree buildDeps: resolved transitive package @workspace/dependency-0295@1.0.6
npm sill idealTree buildDeps: resolved transitive package @workspace/dependency-0296@1.0.7
npm sill idealTree buildDeps: resolved transitive package @workspace/dependency-0297@1.0.8
npm sill idealTree buildDeps: resolved transitive package @workspace/dependency-0298@1.0.9
npm sill idealTree buildDeps: resolved transitive package @workspace/dependency-0299@1.0.10
npm sill idealTree buildDeps: resolved transitive package @workspace/dependency-0300@1.0.11
npm sill idealTree buildDeps: resolved transitive package @workspace/dependency-0301@1.0.12
npm sill idealTree buildDeps: resolved transitive package @workspace/dependency-0302@1.0.13
npm sill idealTree buildDeps: resolved transitive package @workspace/dependency-0303@1.0.14
npm sill idealTree buildDeps: resolved transitive package @workspace/dependency-0304@1.0.15
npm sill idealTree buildDeps: resolved transitive package @workspace/dependency-0305@1.0.16
npm sill idealTree buildDeps: resolved transitive package @workspace/dependency-0306@1.0.0
npm sill idealTree buildDeps: resolved transitive package @workspace/dependency-0307@1.0.1
npm sill idealTree buildDeps: resolved transitive package @workspace/dependency-0308@1.0.2
npm sill idealTree buildDeps: resolved transitive package @workspace/dependency-0309@1.0.3
npm sill idealTree buildDeps: resolved transitive package @workspace/dependency-0310@1.0.4
npm sill idealTree buildDeps: resolved transitive package @workspace/dependency-0311@1.0.5
npm sill idealTree buildDeps: resolved transitive package @workspace/dependency-0312@1.0.6
npm sill idealTree buildDeps: resolved transitive package @workspace/dependency-0313@1.0.7
npm sill idealTree buildDeps: resolved transitive package @workspace/dependency-0314@1.0.8
npm sill idealTree buildDeps: resolved transitive package @workspace/dependency-0315@1.0.9
npm sill idealTree buildDeps: resolved transitive package @workspace/dependency-0316@1.0.10
npm sill idealTree buildDeps: resolved transitive package @workspace/dependency-0317@1.0.11
npm sill idealTree buildDeps: resolved transitive package @workspace/dependency-0318@1.0.12
npm sill idealTree buildDeps: resolved transitive package @workspace/dependency-0319@1.0.13
npm sill idealTree buildDeps: resolved transitive package @workspace/dependency-0320@1.0.14
npm sill idealTree buildDeps: resolved transitive package @workspace/dependency-0321@1.0.15
npm sill idealTree buildDeps: resolved transitive package @workspace/dependency-0322@1.0.16
npm sill idealTree buildDeps: resolved transitive package @workspace/dependency-0323@1.0.0
npm sill idealTree buildDeps: resolved transitive package @workspace/dependency-0324@1.0.1
npm sill idealTree buildDeps: resolved transitive package @workspace/dependency-0325@1.0.2
npm sill idealTree buildDeps: resolved transitive package @workspace/dependency-0326@1.0.3
npm sill idealTree buildDeps: resolved transitive package @workspace/dependency-0327@1.0.4
npm sill idealTree buildDeps: resolved transitive package @workspace/dependency-0328@1.0.5
npm sill idealTree buildDeps: resolved transitive package @workspace/dependency-0329@1.0.6
npm sill idealTree buildDeps: resolved transitive package @workspace/dependency-0330@1.0.7
npm sill idealTree buildDeps: resolved transitive package @workspace/dependency-0331@1.0.8
npm sill idealTree buildDeps: resolved transitive package @workspace/dependency-0332@1.0.9
npm sill idealTree buildDeps: resolved transitive package @workspace/dependency-0333@1.0.10
npm sill idealTree buildDeps: resolved transitive package @workspace/dependency-0334@1.0.11
npm sill idealTree buildDeps: resolved transitive package @workspace/dependency-0335@1.0.12
npm sill idealTree buildDeps: resolved transitive package @workspace/dependency-0336@1.0.13
npm sill idealTree buildDeps: resolved transitive package @workspace/dependency-0337@1.0.14
npm sill idealTree buildDeps: resolved transitive package @workspace/dependency-0338@1.0.15
npm sill idealTree buildDeps: resolved transitive package @workspace/dependency-0339@1.0.16
npm sill idealTree buildDeps: resolved transitive package @workspace/dependency-0340@1.0.0
npm sill idealTree buildDeps: resolved transitive package @workspace/dependency-0341@1.0.1
npm sill idealTree buildDeps: resolved transitive package @workspace/dependency-0342@1.0.2
npm sill idealTree buildDeps: resolved transitive package @workspace/dependency-0343@1.0.3
npm sill idealTree buildDeps: resolved transitive package @workspace/dependency-0344@1.0.4
npm sill idealTree buildDeps: resolved transitive package @workspace/dependency-0345@1.0.5
npm sill idealTree buildDeps: resolved transitive package @workspace/dependency-0346@1.0.6
npm sill idealTree buildDeps: resolved transitive package @workspace/dependency-0347@1.0.7
npm sill idealTree buildDeps: resolved transitive package @workspace/dependency-0348@1.0.8
npm sill idealTree buildDeps: resolved transitive package @workspace/dependency-0349@1.0.9
npm sill idealTree buildDeps: resolved transitive package @workspace/dependency-0350@1.0.10
npm sill idealTree buildDeps: resolved transitive package @workspace/dependency-0351@1.0.11
npm sill idealTree buildDeps: resolved transitive package @workspace/dependency-0352@1.0.12
npm sill idealTree buildDeps: resolved transitive package @workspace/dependency-0353@1.0.13
npm sill idealTree buildDeps: resolved transitive package @workspace/dependency-0354@1.0.14
npm sill idealTree buildDeps: resolved transitive package @workspace/dependency-0355@1.0.15
npm sill idealTree buildDeps: resolved transitive package @workspace/dependency-0356@1.0.16
npm sill idealTree buildDeps: resolved transitive package @workspace/dependency-0357@1.0.0
npm sill idealTree buildDeps: resolved transitive package @workspace/dependency-0358@1.0.1
npm sill idealTree buildDeps: resolved transitive package @workspace/dependency-0359@1.0.2
npm sill idealTree buildDeps: resolved transitive package @workspace/dependency-0360@1.0.3
npm sill idealTree buildDeps: resolved transitive package @workspace/dependency-0361@1.0.4
npm sill idealTree buildDeps: resolved transitive package @workspace/dependency-0362@1.0.5
npm sill idealTree buildDeps: resolved transitive package @workspace/dependency-0363@1.0.6
npm sill idealTree buildDeps: resolved transitive package @workspace/dependency-0364@1.0.7
npm sill idealTree buildDeps: resolved transitive package @workspace/dependency-0365@1.0.8
npm sill idealTree buildDeps: resolved transitive package @workspace/dependency-0366@1.0.9
npm sill idealTree buildDeps: resolved transitive package @workspace/dependency-0367@1.0.10
npm sill idealTree buildDeps: resolved transitive package @workspace/dependency-0368@1.0.11
npm sill idealTree buildDeps: resolved transitive package @workspace/dependency-0369@1.0.12
npm sill idealTree buildDeps: resolved transitive package @workspace/dependency-0370@1.0.13
npm sill idealTree buildDeps: resolved transitive package @workspace/dependency-0371@1.0.14
npm sill idealTree buildDeps: resolved transitive package @workspace/dependency-0372@1.0.15
npm sill idealTree buildDeps: resolved transitive package @workspace/dependency-0373@1.0.16
npm sill idealTree buildDeps: resolved transitive package @workspace/dependency-0374@1.0.0
npm sill idealTree buildDeps: resolved transitive package @workspace/dependency-0375@1.0.1
npm sill idealTree buildDeps: resolved transitive package @workspace/dependency-0376@1.0.2
npm sill idealTree buildDeps: resolved transitive package @workspace/dependency-0377@1.0.3
npm sill idealTree buildDeps: resolved transitive package @workspace/dependency-0378@1.0.4
npm sill idealTree buildDeps: resolved transitive package @workspace/dependency-0379@1.0.5
npm sill idealTree buildDeps: resolved transitive package @workspace/dependency-0380@1.0.6
npm sill idealTree buildDeps: resolved transitive package @workspace/dependency-0381@1.0.7
npm sill idealTree buildDeps: resolved transitive package @workspace/dependency-0382@1.0.8
npm sill idealTree buildDeps: resolved transitive package @workspace/dependency-0383@1.0.9
npm sill idealTree buildDeps: resolved transitive package @workspace/dependency-0384@1.0.10
npm sill idealTree buildDeps: resolved transitive package @workspace/dependency-0385@1.0.11
npm sill idealTree buildDeps: resolved transitive package @workspace/dependency-0386@1.0.12
npm sill idealTree buildDeps: resolved transitive package @workspace/dependency-0387@1.0.13
npm sill idealTree buildDeps: resolved transitive package @workspace/dependency-0388@1.0.14
npm sill idealTree buildDeps: resolved transitive package @workspace/dependency-0389@1.0.15
npm sill idealTree buildDeps: resolved transitive package @workspace/dependency-0390@1.0.16
npm sill idealTree buildDeps: resolved transitive package @workspace/dependency-0391@1.0.0
npm sill idealTree buildDeps: resolved transitive package @workspace/dependency-0392@1.0.1
npm sill idealTree buildDeps: resolved transitive package @workspace/dependency-0393@1.0.2
npm sill idealTree buildDeps: resolved transitive package @workspace/dependency-0394@1.0.3
npm sill idealTree buildDeps: resolved transitive package @workspace/dependency-0395@1.0.4
npm sill idealTree buildDeps: resolved transitive package @workspace/dependency-0396@1.0.5
npm sill idealTree buildDeps: resolved transitive package @workspace/dependency-0397@1.0.6
npm sill idealTree buildDeps: resolved transitive package @workspace/dependency-0398@1.0.7
npm sill idealTree buildDeps: resolved transitive package @workspace/dependency-0399@1.0.8
npm sill idealTree buildDeps: resolved transitive package @workspace/dependency-0400@1.0.9
npm sill idealTree buildDeps: resolved transitive package @workspace/dependency-0401@1.0.10
npm sill idealTree buildDeps: resolved transitive package @workspace/dependency-0402@1.0.11
npm sill idealTree buildDeps: resolved transitive package @workspace/dependency-0403@1.0.12
npm sill idealTree buildDeps: resolved transitive package @workspace/dependency-0404@1.0.13
npm sill idealTree buildDeps: resolved transitive package @workspace/dependency-0405@1.0.14
npm sill idealTree buildDeps: resolved transitive package @workspace/dependency-0406@1.0.15
npm sill idealTree buildDeps: resolved transitive package @workspace/dependency-0407@1.0.16
npm sill idealTree buildDeps: resolved transitive package @workspace/dependency-0408@1.0.0
npm sill idealTree buildDeps: resolved transitive package @workspace/dependency-0409@1.0.1
npm sill idealTree buildDeps: resolved transitive package @workspace/dependency-0410@1.0.2
npm sill idealTree buildDeps: resolved transitive package @workspace/dependency-0411@1.0.3
npm sill idealTree buildDeps: resolved transitive package @workspace/dependency-0412@1.0.4
npm sill idealTree buildDeps: resolved transitive package @workspace/dependency-0413@1.0.5
npm sill idealTree buildDeps: resolved transitive package @workspace/dependency-0414@1.0.6
npm sill idealTree buildDeps: resolved transitive package @workspace/dependency-0415@1.0.7
npm sill idealTree buildDeps: resolved transitive package @workspace/dependency-0416@1.0.8
npm sill idealTree buildDeps: resolved transitive package @workspace/dependency-0417@1.0.9
npm sill idealTree buildDeps: resolved transitive package @workspace/dependency-0418@1.0.10
npm sill idealTree buildDeps: resolved transitive package @workspace/dependency-0419@1.0.11
npm sill idealTree buildDeps: resolved transitive package @workspace/dependency-0420@1.0.12
npm sill idealTree buildDeps: resolved transitive package @workspace/dependency-0421@1.0.13
npm sill idealTree buildDeps: resolved transitive package @workspace/dependency-0422@1.0.14
npm sill idealTree buildDeps: resolved transitive package @workspace/dependency-0423@1.0.15
npm sill idealTree buildDeps: resolved transitive package @workspace/dependency-0424@1.0.16
npm sill idealTree buildDeps: resolved transitive package @workspace/dependency-0425@1.0.0
npm sill idealTree buildDeps: resolved transitive package @workspace/dependency-0426@1.0.1
npm sill idealTree buildDeps: resolved transitive package @workspace/dependency-0427@1.0.2
npm sill idealTree buildDeps: resolved transitive package @workspace/dependency-0428@1.0.3
npm sill idealTree buildDeps: resolved transitive package @workspace/dependency-0429@1.0.4
npm sill idealTree buildDeps: resolved transitive package @workspace/dependency-0430@1.0.5
npm sill idealTree buildDeps: resolved transitive package @workspace/dependency-0431@1.0.6
npm sill idealTree buildDeps: resolved transitive package @workspace/dependency-0432@1.0.7
npm sill idealTree buildDeps: resolved transitive package @workspace/dependency-0433@1.0.8
npm sill idealTree buildDeps: resolved transitive package @workspace/dependency-0434@1.0.9
npm sill idealTree buildDeps: resolved transitive package @workspace/dependency-0435@1.0.10
npm sill idealTree buildDeps: resolved transitive package @workspace/dependency-0436@1.0.11
npm sill idealTree buildDeps: resolved transitive package @workspace/dependency-0437@1.0.12
npm sill idealTree buildDeps: resolved transitive package @workspace/dependency-0438@1.0.13
npm sill idealTree buildDeps: resolved transitive package @workspace/dependency-0439@1.0.14
npm sill idealTree buildDeps: resolved transitive package @workspace/dependency-0440@1.0.15
npm sill idealTree buildDeps: resolved transitive package @workspace/dependency-0441@1.0.16
npm sill idealTree buildDeps: resolved transitive package @workspace/dependency-0442@1.0.0
npm sill idealTree buildDeps: resolved transitive package @workspace/dependency-0443@1.0.1
npm sill idealTree buildDeps: resolved transitive package @workspace/dependency-0444@1.0.2
npm sill idealTree buildDeps: resolved transitive package @workspace/dependency-0445@1.0.3
npm sill idealTree buildDeps: resolved transitive package @workspace/dependency-0446@1.0.4
npm sill idealTree buildDeps: resolved transitive package @workspace/dependency-0447@1.0.5
npm sill idealTree buildDeps: resolved transitive package @workspace/dependency-0448@1.0.6
npm sill idealTree buildDeps: resolved transitive package @workspace/dependency-0449@1.0.7
npm sill idealTree buildDeps: resolved transitive package @workspace/dependency-0450@1.0.8
npm sill idealTree buildDeps: resolved transitive package @workspace/dependency-0451@1.0.9
npm sill idealTree buildDeps: resolved transitive package @workspace/dependency-0452@1.0.10
npm sill idealTree buildDeps: resolved transitive package @workspace/dependency-0453@1.0.11
npm sill idealTree buildDeps: resolved transitive package @workspace/dependency-0454@1.0.12
npm sill idealTree buildDeps: resolved transitive package @workspace/dependency-0455@1.0.13
npm sill idealTree buildDeps: resolved transitive package @workspace/dependency-0456@1.0.14
npm sill idealTree buildDeps: resolved transitive package @workspace/dependency-0457@1.0.15
npm sill idealTree buildDeps: resolved transitive package @workspace/dependency-0458@1.0.16
npm sill idealTree buildDeps: resolved transitive package @workspace/dependency-0459@1.0.0
npm sill idealTree buildDeps: resolved transitive package @workspace/dependency-0460@1.0.1
npm sill idealTree buildDeps: resolved transitive package @workspace/dependency-0461@1.0.2
npm sill idealTree buildDeps: resolved transitive package @workspace/dependency-0462@1.0.3
npm sill idealTree buildDeps: resolved transitive package @workspace/dependency-0463@1.0.4
npm sill idealTree buildDeps: resolved transitive package @workspace/dependency-0464@1.0.5
npm sill idealTree buildDeps: resolved transitive package @workspace/dependency-0465@1.0.6
npm sill idealTree buildDeps: resolved transitive package @workspace/dependency-0466@1.0.7
npm sill idealTree buildDeps: resolved transitive package @workspace/dependency-0467@1.0.8
npm sill idealTree buildDeps: resolved transitive package @workspace/dependency-0468@1.0.9
npm sill idealTree buildDeps: resolved transitive package @workspace/dependency-0469@1.0.10
npm sill idealTree buildDeps: resolved transitive package @workspace/dependency-0470@1.0.11
npm sill idealTree buildDeps: resolved transitive package @workspace/dependency-0471@1.0.12
npm sill idealTree buildDeps: resolved transitive package @workspace/dependency-0472@1.0.13
npm sill idealTree buildDeps: resolved transitive package @workspace/dependency-0473@1.0.14
npm sill idealTree buildDeps: resolved transitive package @workspace/dependency-0474@1.0.15
npm sill idealTree buildDeps: resolved transitive package @workspace/dependency-0475@1.0.16
npm sill idealTree buildDeps: resolved transitive package @workspace/dependency-0476@1.0.0
npm sill idealTree buildDeps: resolved transitive package @workspace/dependency-0477@1.0.1
npm sill idealTree buildDeps: resolved transitive package @workspace/dependency-0478@1.0.2
npm sill idealTree buildDeps: resolved transitive package @workspace/dependency-0479@1.0.3
npm sill idealTree buildDeps: resolved transitive package @workspace/dependency-0480@1.0.4
npm sill idealTree buildDeps: resolved transitive package @workspace/dependency-0481@1.0.5
npm sill idealTree buildDeps: resolved transitive package @workspace/dependency-0482@1.0.6
npm sill idealTree buildDeps: resolved transitive package @workspace/dependency-0483@1.0.7
npm sill idealTree buildDeps: resolved transitive package @workspace/dependency-0484@1.0.8
npm sill idealTree buildDeps: resolved transitive package @workspace/dependency-0485@1.0.9
npm sill idealTree buildDeps: resolved transitive package @workspace/dependency-0486@1.0.10
npm sill idealTree buildDeps: resolved transitive package @workspace/dependency-0487@1.0.11
npm sill idealTree buildDeps: resolved transitive package @workspace/dependency-0488@1.0.12
npm sill idealTree buildDeps: resolved transitive package @workspace/dependency-0489@1.0.13
npm sill idealTree buildDeps: resolved transitive package @workspace/dependency-0490@1.0.14
npm sill idealTree buildDeps: resolved transitive package @workspace/dependency-0491@1.0.15
npm sill idealTree buildDeps: resolved transitive package @workspace/dependency-0492@1.0.16
npm sill idealTree buildDeps: resolved transitive package @workspace/dependency-0493@1.0.0
npm sill idealTree buildDeps: resolved transitive package @workspace/dependency-0494@1.0.1
npm sill idealTree buildDeps: resolved transitive package @workspace/dependency-0495@1.0.2
npm sill idealTree buildDeps: resolved transitive package @workspace/dependency-0496@1.0.3
npm sill idealTree buildDeps: resolved transitive package @workspace/dependency-0497@1.0.4
npm sill idealTree buildDeps: resolved transitive package @workspace/dependency-0498@1.0.5
npm sill idealTree buildDeps: resolved transitive package @workspace/dependency-0499@1.0.6
npm sill idealTree buildDeps: resolved transitive package @workspace/dependency-0500@1.0.7
npm sill idealTree buildDeps: resolved transitive package @workspace/dependency-0501@1.0.8
npm sill idealTree buildDeps: resolved transitive package @workspace/dependency-0502@1.0.9
npm sill idealTree buildDeps: resolved transitive package @workspace/dependency-0503@1.0.10
npm sill idealTree buildDeps: resolved transitive package @workspace/dependency-0504@1.0.11
npm sill idealTree buildDeps: resolved transitive package @workspace/dependency-0505@1.0.12
npm sill idealTree buildDeps: resolved transitive package @workspace/dependency-0506@1.0.13
npm sill idealTree buildDeps: resolved transitive package @workspace/dependency-0507@1.0.14
npm sill idealTree buildDeps: resolved transitive package @workspace/dependency-0508@1.0.15
npm sill idealTree buildDeps: resolved transitive package @workspace/dependency-0509@1.0.16
npm sill idealTree buildDeps: resolved transitive package @workspace/dependency-0510@1.0.0
npm sill idealTree buildDeps: resolved transitive package @workspace/dependency-0511@1.0.1
npm sill idealTree buildDeps: resolved transitive package @workspace/dependency-0512@1.0.2
npm sill idealTree buildDeps: resolved transitive package @workspace/dependency-0513@1.0.3
npm sill idealTree buildDeps: resolved transitive package @workspace/dependency-0514@1.0.4
npm sill idealTree buildDeps: resolved transitive package @workspace/dependency-0515@1.0.5
npm sill idealTree buildDeps: resolved transitive package @workspace/dependency-0516@1.0.6
npm sill idealTree buildDeps: resolved transitive package @workspace/dependency-0517@1.0.7
npm sill idealTree buildDeps: resolved transitive package @workspace/dependency-0518@1.0.8
npm sill idealTree buildDeps: resolved transitive package @workspace/dependency-0519@1.0.9
npm sill idealTree buildDeps: resolved transitive package @workspace/dependency-0520@1.0.10
npm sill idealTree buildDeps: resolved transitive package @workspace/dependency-0521@1.0.11
npm sill idealTree buildDeps: resolved transitive package @workspace/dependency-0522@1.0.12
npm sill idealTree buildDeps: resolved transitive package @workspace/dependency-0523@1.0.13
npm sill idealTree buildDeps: resolved transitive package @workspace/dependency-0524@1.0.14
npm sill idealTree buildDeps: resolved transitive package @workspace/dependency-0525@1.0.15
npm sill idealTree buildDeps: resolved transitive package @workspace/dependency-0526@1.0.16
npm sill idealTree buildDeps: resolved transitive package @workspace/dependency-0527@1.0.0
npm sill idealTree buildDeps: resolved transitive package @workspace/dependency-0528@1.0.1
npm sill idealTree buildDeps: resolved transitive package @workspace/dependency-0529@1.0.2
npm sill idealTree buildDeps: resolved transitive package @workspace/dependency-0530@1.0.3
npm sill idealTree buildDeps: resolved transitive package @workspace/dependency-0531@1.0.4
npm sill idealTree buildDeps: resolved transitive package @workspace/dependency-0532@1.0.5
npm sill idealTree buildDeps: resolved transitive package @workspace/dependency-0533@1.0.6
npm sill idealTree buildDeps: resolved transitive package @workspace/dependency-0534@1.0.7
npm sill idealTree buildDeps: resolved transitive package @workspace/dependency-0535@1.0.8
npm sill idealTree buildDeps: resolved transitive package @workspace/dependency-0536@1.0.9
npm sill idealTree buildDeps: resolved transitive package @workspace/dependency-0537@1.0.10
npm sill idealTree buildDeps: resolved transitive package @workspace/dependency-0538@1.0.11
npm sill idealTree buildDeps: resolved transitive package @workspace/dependency-0539@1.0.12
npm sill idealTree buildDeps: resolved transitive package @workspace/dependency-0540@1.0.13
npm sill idealTree buildDeps: resolved transitive package @workspace/dependency-0541@1.0.14
npm sill idealTree buildDeps: resolved transitive package @workspace/dependency-0542@1.0.15
npm sill idealTree buildDeps: resolved transitive package @workspace/dependency-0543@1.0.16
npm sill idealTree buildDeps: resolved transitive package @workspace/dependency-0544@1.0.0
npm sill idealTree buildDeps: resolved transitive package @workspace/dependency-0545@1.0.1
npm sill idealTree buildDeps: resolved transitive package @workspace/dependency-0546@1.0.2
npm sill idealTree buildDeps: resolved transitive package @workspace/dependency-0547@1.0.3
npm sill idealTree buildDeps: resolved transitive package @workspace/dependency-0548@1.0.4
npm sill idealTree buildDeps: resolved transitive package @workspace/dependency-0549@1.0.5
npm sill idealTree buildDeps: resolved transitive package @workspace/dependency-0550@1.0.6
npm sill idealTree buildDeps: resolved transitive package @workspace/dependency-0551@1.0.7
npm sill idealTree buildDeps: resolved transitive package @workspace/dependency-0552@1.0.8
npm sill idealTree buildDeps: resolved transitive package @workspace/dependency-0553@1.0.9
npm sill idealTree buildDeps: resolved transitive package @workspace/dependency-0554@1.0.10
npm sill idealTree buildDeps: resolved transitive package @workspace/dependency-0555@1.0.11
npm sill idealTree buildDeps: resolved transitive package @workspace/dependency-0556@1.0.12
npm sill idealTree buildDeps: resolved transitive package @workspace/dependency-0557@1.0.13
npm sill idealTree buildDeps: resolved transitive package @workspace/dependency-0558@1.0.14
npm sill idealTree buildDeps: resolved transitive package @workspace/dependency-0559@1.0.15
npm sill idealTree buildDeps: resolved transitive package @workspace/dependency-0560@1.0.16
npm sill idealTree buildDeps: resolved transitive package @workspace/dependency-0561@1.0.0
npm sill idealTree buildDeps: resolved transitive package @workspace/dependency-0562@1.0.1
npm sill idealTree buildDeps: resolved transitive package @workspace/dependency-0563@1.0.2
npm sill idealTree buildDeps: resolved transitive package @workspace/dependency-0564@1.0.3
npm sill idealTree buildDeps: resolved transitive package @workspace/dependency-0565@1.0.4
npm sill idealTree buildDeps: resolved transitive package @workspace/dependency-0566@1.0.5
npm sill idealTree buildDeps: resolved transitive package @workspace/dependency-0567@1.0.6
npm sill idealTree buildDeps: resolved transitive package @workspace/dependency-0568@1.0.7
npm sill idealTree buildDeps: resolved transitive package @workspace/dependency-0569@1.0.8
npm sill idealTree buildDeps: resolved transitive package @workspace/dependency-0570@1.0.9
npm sill idealTree buildDeps: resolved transitive package @workspace/dependency-0571@1.0.10
npm sill idealTree buildDeps: resolved transitive package @workspace/dependency-0572@1.0.11
npm sill idealTree buildDeps: resolved transitive package @workspace/dependency-0573@1.0.12
npm sill idealTree buildDeps: resolved transitive package @workspace/dependency-0574@1.0.13
npm sill idealTree buildDeps: resolved transitive package @workspace/dependency-0575@1.0.14
npm sill idealTree buildDeps: resolved transitive package @workspace/dependency-0576@1.0.15
npm sill idealTree buildDeps: resolved transitive package @workspace/dependency-0577@1.0.16
npm sill idealTree buildDeps: resolved transitive package @workspace/dependency-0578@1.0.0
npm sill idealTree buildDeps: resolved transitive package @workspace/dependency-0579@1.0.1
npm sill idealTree buildDeps: resolved transitive package @workspace/dependency-0580@1.0.2
npm sill idealTree buildDeps: resolved transitive package @workspace/dependency-0581@1.0.3
npm sill idealTree buildDeps: resolved transitive package @workspace/dependency-0582@1.0.4
npm sill idealTree buildDeps: resolved transitive package @workspace/dependency-0583@1.0.5
npm sill idealTree buildDeps: resolved transitive package @workspace/dependency-0584@1.0.6
npm sill idealTree buildDeps: resolved transitive package @workspace/dependency-0585@1.0.7
npm sill idealTree buildDeps: resolved transitive package @workspace/dependency-0586@1.0.8
npm sill idealTree buildDeps: resolved transitive package @workspace/dependency-0587@1.0.9
npm sill idealTree buildDeps: resolved transitive package @workspace/dependency-0588@1.0.10
npm sill idealTree buildDeps: resolved transitive package @workspace/dependency-0589@1.0.11
npm sill idealTree buildDeps: resolved transitive package @workspace/dependency-0590@1.0.12
npm sill idealTree buildDeps: resolved transitive package @workspace/dependency-0591@1.0.13
npm sill idealTree buildDeps: resolved transitive package @workspace/dependency-0592@1.0.14
npm sill idealTree buildDeps: resolved transitive package @workspace/dependency-0593@1.0.15
npm sill idealTree buildDeps: resolved transitive package @workspace/dependency-0594@1.0.16
npm sill idealTree buildDeps: resolved transitive package @workspace/dependency-0595@1.0.0
npm sill idealTree buildDeps: resolved transitive package @workspace/dependency-0596@1.0.1
npm sill idealTree buildDeps: resolved transitive package @workspace/dependency-0597@1.0.2
npm sill idealTree buildDeps: resolved transitive package @workspace/dependency-0598@1.0.3
npm sill idealTree buildDeps: resolved transitive package @workspace/dependency-0599@1.0.4
npm sill idealTree buildDeps: resolved transitive package @workspace/dependency-0600@1.0.5
npm sill idealTree buildDeps: resolved transitive package @workspace/dependency-0601@1.0.6
npm sill idealTree buildDeps: resolved transitive package @workspace/dependency-0602@1.0.7
npm sill idealTree buildDeps: resolved transitive package @workspace/dependency-0603@1.0.8
npm sill idealTree buildDeps: resolved transitive package @workspace/dependency-0604@1.0.9
npm sill idealTree buildDeps: resolved transitive package @workspace/dependency-0605@1.0.10
npm sill idealTree buildDeps: resolved transitive package @workspace/dependency-0606@1.0.11
npm sill idealTree buildDeps: resolved transitive package @workspace/dependency-0607@1.0.12
npm sill idealTree buildDeps: resolved transitive package @workspace/dependency-0608@1.0.13
npm sill idealTree buildDeps: resolved transitive package @workspace/dependency-0609@1.0.14
npm sill idealTree buildDeps: resolved transitive package @workspace/dependency-0610@1.0.15
npm sill idealTree buildDeps: resolved transitive package @workspace/dependency-0611@1.0.16
npm sill idealTree buildDeps: resolved transitive package @workspace/dependency-0612@1.0.0
npm sill idealTree buildDeps: resolved transitive package @workspace/dependency-0613@1.0.1
npm sill idealTree buildDeps: resolved transitive package @workspace/dependency-0614@1.0.2
npm sill idealTree buildDeps: resolved transitive package @workspace/dependency-0615@1.0.3
npm sill idealTree buildDeps: resolved transitive package @workspace/dependency-0616@1.0.4
npm sill idealTree buildDeps: resolved transitive package @workspace/dependency-0617@1.0.5
npm sill idealTree buildDeps: resolved transitive package @workspace/dependency-0618@1.0.6
npm sill idealTree buildDeps: resolved transitive package @workspace/dependency-0619@1.0.7
npm sill idealTree buildDeps: resolved transitive package @workspace/dependency-0620@1.0.8
npm sill idealTree buildDeps: resolved transitive package @workspace/dependency-0621@1.0.9
npm sill idealTree buildDeps: resolved transitive package @workspace/dependency-0622@1.0.10
npm sill idealTree buildDeps: resolved transitive package @workspace/dependency-0623@1.0.11
npm sill idealTree buildDeps: resolved transitive package @workspace/dependency-0624@1.0.12
npm sill idealTree buildDeps: resolved transitive package @workspace/dependency-0625@1.0.13
npm sill idealTree buildDeps: resolved transitive package @workspace/dependency-0626@1.0.14
npm sill idealTree buildDeps: resolved transitive package @workspace/dependency-0627@1.0.15
npm sill idealTree buildDeps: resolved transitive package @workspace/dependency-0628@1.0.16
npm sill idealTree buildDeps: resolved transitive package @workspace/dependency-0629@1.0.0
npm sill idealTree buildDeps: resolved transitive package @workspace/dependency-0630@1.0.1
npm sill idealTree buildDeps: resolved transitive package @workspace/dependency-0631@1.0.2
npm sill idealTree buildDeps: resolved transitive package @workspace/dependency-0632@1.0.3
npm sill idealTree buildDeps: resolved transitive package @workspace/dependency-0633@1.0.4
npm sill idealTree buildDeps: resolved transitive package @workspace/dependency-0634@1.0.5
npm sill idealTree buildDeps: resolved transitive package @workspace/dependency-0635@1.0.6
npm sill idealTree buildDeps: resolved transitive package @workspace/dependency-0636@1.0.7
npm sill idealTree buildDeps: resolved transitive package @workspace/dependency-0637@1.0.8
npm sill idealTree buildDeps: resolved transitive package @workspace/dependency-0638@1.0.9
npm sill idealTree buildDeps: resolved transitive package @workspace/dependency-0639@1.0.10
npm sill idealTree buildDeps: resolved transitive package @workspace/dependency-0640@1.0.11
npm sill idealTree buildDeps: resolved transitive package @workspace/dependency-0641@1.0.12
npm sill idealTree buildDeps: resolved transitive package @workspace/dependency-0642@1.0.13
npm sill idealTree buildDeps: resolved transitive package @workspace/dependency-0643@1.0.14
npm sill idealTree buildDeps: resolved transitive package @workspace/dependency-0644@1.0.15
npm sill idealTree buildDeps: resolved transitive package @workspace/dependency-0645@1.0.16
npm sill idealTree buildDeps: resolved transitive package @workspace/dependency-0646@1.0.0
npm sill idealTree buildDeps: resolved transitive package @workspace/dependency-0647@1.0.1
npm sill idealTree buildDeps: resolved transitive package @workspace/dependency-0648@1.0.2
npm sill idealTree buildDeps: resolved transitive package @workspace/dependency-0649@1.0.3
npm sill idealTree buildDeps: resolved transitive package @workspace/dependency-0650@1.0.4
npm sill idealTree buildDeps: resolved transitive package @workspace/dependency-0651@1.0.5
npm sill idealTree buildDeps: resolved transitive package @workspace/dependency-0652@1.0.6
npm sill idealTree buildDeps: resolved transitive package @workspace/dependency-0653@1.0.7
npm sill idealTree buildDeps: resolved transitive package @workspace/dependency-0654@1.0.8
npm sill idealTree buildDeps: resolved transitive package @workspace/dependency-0655@1.0.9
npm sill idealTree buildDeps: resolved transitive package @workspace/dependency-0656@1.0.10
npm sill idealTree buildDeps: resolved transitive package @workspace/dependency-0657@1.0.11
npm sill idealTree buildDeps: resolved transitive package @workspace/dependency-0658@1.0.12
npm sill idealTree buildDeps: resolved transitive package @workspace/dependency-0659@1.0.13
npm sill idealTree buildDeps: resolved transitive package @workspace/dependency-0660@1.0.14
npm sill idealTree buildDeps: resolved transitive package @workspace/dependency-0661@1.0.15
npm sill idealTree buildDeps: resolved transitive package @workspace/dependency-0662@1.0.16
npm sill idealTree buildDeps: resolved transitive package @workspace/dependency-0663@1.0.0
npm sill idealTree buildDeps: resolved transitive package @workspace/dependency-0664@1.0.1
npm sill idealTree buildDeps: resolved transitive package @workspace/dependency-0665@1.0.2
npm sill idealTree buildDeps: resolved transitive package @workspace/dependency-0666@1.0.3
npm sill idealTree buildDeps: resolved transitive package @workspace/dependency-0667@1.0.4
npm sill idealTree buildDeps: resolved transitive package @workspace/dependency-0668@1.0.5
npm sill idealTree buildDeps: resolved transitive package @workspace/dependency-0669@1.0.6
npm sill idealTree buildDeps: resolved transitive package @workspace/dependency-0670@1.0.7
npm sill idealTree buildDeps: resolved transitive package @workspace/dependency-0671@1.0.8
npm sill idealTree buildDeps: resolved transitive package @workspace/dependency-0672@1.0.9
npm sill idealTree buildDeps: resolved transitive package @workspace/dependency-0673@1.0.10
npm sill idealTree buildDeps: resolved transitive package @workspace/dependency-0674@1.0.11
npm sill idealTree buildDeps: resolved transitive package @workspace/dependency-0675@1.0.12
npm sill idealTree buildDeps: resolved transitive package @workspace/dependency-0676@1.0.13
npm sill idealTree buildDeps: resolved transitive package @workspace/dependency-0677@1.0.14
npm sill idealTree buildDeps: resolved transitive package @workspace/dependency-0678@1.0.15
npm sill idealTree buildDeps: resolved transitive package @workspace/dependency-0679@1.0.16
npm sill idealTree buildDeps: resolved transitive package @workspace/dependency-0680@1.0.0
npm sill idealTree buildDeps: resolved transitive package @workspace/dependency-0681@1.0.1
npm sill idealTree buildDeps: resolved transitive package @workspace/dependency-0682@1.0.2
npm sill idealTree buildDeps: resolved transitive package @workspace/dependency-0683@1.0.3
npm sill idealTree buildDeps: resolved transitive package @workspace/dependency-0684@1.0.4
npm sill idealTree buildDeps: resolved transitive package @workspace/dependency-0685@1.0.5
npm sill idealTree buildDeps: resolved transitive package @workspace/dependency-0686@1.0.6
npm sill idealTree buildDeps: resolved transitive package @workspace/dependency-0687@1.0.7
npm sill idealTree buildDeps: resolved transitive package @workspace/dependency-0688@1.0.8
npm sill idealTree buildDeps: resolved transitive package @workspace/dependency-0689@1.0.9
npm sill idealTree buildDeps: resolved transitive package @workspace/dependency-0690@1.0.10
npm sill idealTree buildDeps: resolved transitive package @workspace/dependency-0691@1.0.11
npm sill idealTree buildDeps: resolved transitive package @workspace/dependency-0692@1.0.12
npm sill idealTree buildDeps: resolved transitive package @workspace/dependency-0693@1.0.13
npm sill idealTree buildDeps: resolved transitive package @workspace/dependency-0694@1.0.14
npm sill idealTree buildDeps: resolved transitive package @workspace/dependency-0695@1.0.15
npm sill idealTree buildDeps: resolved transitive package @workspace/dependency-0696@1.0.16
npm sill idealTree buildDeps: resolved transitive package @workspace/dependency-0697@1.0.0
npm sill idealTree buildDeps: resolved transitive package @workspace/dependency-0698@1.0.1
npm sill idealTree buildDeps: resolved transitive package @workspace/dependency-0699@1.0.2
npm sill idealTree buildDeps: resolved transitive package @workspace/dependency-0700@1.0.3
npm error code ERESOLVE
npm error ERESOLVE unable to resolve dependency tree
npm error
npm error While resolving: analytics-console@3.2.0
npm error Found: react@19.2.0
npm error node_modules/react
npm error   react@"19.2.0" from the root project
npm error
npm error Could not resolve dependency:
npm error peer react@"^18.2.0" from @legacy-grid/react@4.6.0
npm error node_modules/@legacy-grid/react
npm error   @legacy-grid/react@"4.6.0" from the root project
npm error
npm error Fix the upstream dependency conflict, or retry
npm error this command with --force or --legacy-peer-deps
npm error to accept an incorrect (and potentially broken) dependency resolution.
npm error
npm error A complete log can be found in: C:\npm\_logs\eresolve-report.txt
Error: Process completed with exit code 1.
