Run npm ci --no-audit --no-fund
npm info using npm@11.13.0
npm info using node@v24.16.0
npm verbose title npm ci
npm verbose argv "ci" "--no-audit" "--no-fund"
npm http cache https://registry.npmjs.org/vite/-/vite-2.1.1.tgz 3ms (cache hit)
npm http cache https://registry.npmjs.org/react/-/react-3.2.2.tgz 4ms (cache hit)
npm http cache https://registry.npmjs.org/react-dom/-/react-dom-4.3.3.tgz 5ms (cache hit)
npm http cache https://registry.npmjs.org/eslint/-/eslint-5.4.4.tgz 6ms (cache hit)
npm http cache https://registry.npmjs.org/vitest/-/vitest-6.5.5.tgz 7ms (cache hit)
npm http cache https://registry.npmjs.org/zod/-/zod-7.6.6.tgz 8ms (cache hit)
npm http cache https://registry.npmjs.org/undici/-/undici-8.7.7.tgz 9ms (cache hit)
npm http cache https://registry.npmjs.org/rollup/-/rollup-1.8.8.tgz 10ms (cache hit)
npm http cache https://registry.npmjs.org/esbuild/-/esbuild-2.9.9.tgz 11ms (cache hit)
npm http cache https://registry.npmjs.org/typescript/-/typescript-3.10.10.tgz 12ms (cache hit)
npm http cache https://registry.npmjs.org/vite/-/vite-4.11.11.tgz 13ms (cache hit)
npm http cache https://registry.npmjs.org/react/-/react-5.12.12.tgz 14ms (cache hit)
npm http cache https://registry.npmjs.org/react-dom/-/react-dom-6.13.13.tgz 15ms (cache hit)
npm http cache https://registry.npmjs.org/eslint/-/eslint-7.14.14.tgz 16ms (cache hit)
npm http cache https://registry.npmjs.org/vitest/-/vitest-8.15.15.tgz 17ms (cache hit)
npm http cache https://registry.npmjs.org/zod/-/zod-1.16.16.tgz 18ms (cache hit)
npm http cache https://registry.npmjs.org/undici/-/undici-2.17.0.tgz 19ms (cache hit)
npm http cache https://registry.npmjs.org/rollup/-/rollup-3.18.1.tgz 20ms (cache hit)
npm http cache https://registry.npmjs.org/esbuild/-/esbuild-4.19.2.tgz 21ms (cache hit)
npm http cache https://registry.npmjs.org/typescript/-/typescript-5.20.3.tgz 22ms (cache hit)
npm http cache https://registry.npmjs.org/vite/-/vite-6.21.4.tgz 23ms (cache hit)
npm http cache https://registry.npmjs.org/react/-/react-7.22.5.tgz 24ms (cache hit)
npm http cache https://registry.npmjs.org/react-dom/-/react-dom-8.23.6.tgz 25ms (cache hit)
npm http cache https://registry.npmjs.org/eslint/-/eslint-1.24.7.tgz 26ms (cache hit)
npm http cache https://registry.npmjs.org/vitest/-/vitest-2.25.8.tgz 27ms (cache hit)
npm http cache https://registry.npmjs.org/zod/-/zod-3.26.9.tgz 28ms (cache hit)
npm http cache https://registry.npmjs.org/undici/-/undici-4.27.10.tgz 29ms (cache hit)
npm http cache https://registry.npmjs.org/rollup/-/rollup-5.28.11.tgz 30ms (cache hit)
npm http cache https://registry.npmjs.org/esbuild/-/esbuild-6.29.12.tgz 31ms (cache hit)
npm http cache https://registry.npmjs.org/typescript/-/typescript-7.30.13.tgz 32ms (cache hit)
npm http cache https://registry.npmjs.org/vite/-/vite-8.0.14.tgz 33ms (cache hit)
npm http cache https://registry.npmjs.org/react/-/react-1.1.15.tgz 34ms (cache hit)
npm http cache https://registry.npmjs.org/react-dom/-/react-dom-2.2.16.tgz 35ms (cache hit)
npm http cache https://registry.npmjs.org/eslint/-/eslint-3.3.0.tgz 36ms (cache hit)
npm http cache https://registry.npmjs.org/vitest/-/vitest-4.4.1.tgz 37ms (cache hit)
npm http cache https://registry.npmjs.org/zod/-/zod-5.5.2.tgz 38ms (cache hit)
npm http cache https://registry.npmjs.org/undici/-/undici-6.6.3.tgz 2ms (cache hit)
npm http cache https://registry.npmjs.org/rollup/-/rollup-7.7.4.tgz 3ms (cache hit)
npm http cache https://registry.npmjs.org/esbuild/-/esbuild-8.8.5.tgz 4ms (cache hit)
npm http cache https://registry.npmjs.org/typescript/-/typescript-1.9.6.tgz 5ms (cache hit)
npm http cache https://registry.npmjs.org/vite/-/vite-2.10.7.tgz 6ms (cache hit)
npm http cache https://registry.npmjs.org/react/-/react-3.11.8.tgz 7ms (cache hit)
npm http cache https://registry.npmjs.org/react-dom/-/react-dom-4.12.9.tgz 8ms (cache hit)
npm http cache https://registry.npmjs.org/eslint/-/eslint-5.13.10.tgz 9ms (cache hit)
npm http cache https://registry.npmjs.org/vitest/-/vitest-6.14.11.tgz 10ms (cache hit)
npm http cache https://registry.npmjs.org/zod/-/zod-7.15.12.tgz 11ms (cache hit)
npm http cache https://registry.npmjs.org/undici/-/undici-8.16.13.tgz 12ms (cache hit)
npm http cache https://registry.npmjs.org/rollup/-/rollup-1.17.14.tgz 13ms (cache hit)
npm http cache https://registry.npmjs.org/esbuild/-/esbuild-2.18.15.tgz 14ms (cache hit)
npm http cache https://registry.npmjs.org/typescript/-/typescript-3.19.16.tgz 15ms (cache hit)
npm http cache https://registry.npmjs.org/vite/-/vite-4.20.0.tgz 16ms (cache hit)
npm http cache https://registry.npmjs.org/react/-/react-5.21.1.tgz 17ms (cache hit)
npm http cache https://registry.npmjs.org/react-dom/-/react-dom-6.22.2.tgz 18ms (cache hit)
npm http cache https://registry.npmjs.org/eslint/-/eslint-7.23.3.tgz 19ms (cache hit)
npm http cache https://registry.npmjs.org/vitest/-/vitest-8.24.4.tgz 20ms (cache hit)
npm http cache https://registry.npmjs.org/zod/-/zod-1.25.5.tgz 21ms (cache hit)
npm http cache https://registry.npmjs.org/undici/-/undici-2.26.6.tgz 22ms (cache hit)
npm http cache https://registry.npmjs.org/rollup/-/rollup-3.27.7.tgz 23ms (cache hit)
npm http cache https://registry.npmjs.org/esbuild/-/esbuild-4.28.8.tgz 24ms (cache hit)
npm http cache https://registry.npmjs.org/typescript/-/typescript-5.29.9.tgz 25ms (cache hit)
npm http cache https://registry.npmjs.org/vite/-/vite-6.30.10.tgz 26ms (cache hit)
npm http cache https://registry.npmjs.org/react/-/react-7.0.11.tgz 27ms (cache hit)
npm http cache https://registry.npmjs.org/react-dom/-/react-dom-8.1.12.tgz 28ms (cache hit)
npm http cache https://registry.npmjs.org/eslint/-/eslint-1.2.13.tgz 29ms (cache hit)
npm http cache https://registry.npmjs.org/vitest/-/vitest-2.3.14.tgz 30ms (cache hit)
npm http cache https://registry.npmjs.org/zod/-/zod-3.4.15.tgz 31ms (cache hit)
npm http cache https://registry.npmjs.org/undici/-/undici-4.5.16.tgz 32ms (cache hit)
npm http cache https://registry.npmjs.org/rollup/-/rollup-5.6.0.tgz 33ms (cache hit)
npm http cache https://registry.npmjs.org/esbuild/-/esbuild-6.7.1.tgz 34ms (cache hit)
npm http cache https://registry.npmjs.org/typescript/-/typescript-7.8.2.tgz 35ms (cache hit)
npm http cache https://registry.npmjs.org/vite/-/vite-8.9.3.tgz 36ms (cache hit)
npm http cache https://registry.npmjs.org/react/-/react-1.10.4.tgz 37ms (cache hit)
npm http cache https://registry.npmjs.org/react-dom/-/react-dom-2.11.5.tgz 38ms (cache hit)
npm http cache https://registry.npmjs.org/eslint/-/eslint-3.12.6.tgz 2ms (cache hit)
npm http cache https://registry.npmjs.org/vitest/-/vitest-4.13.7.tgz 3ms (cache hit)
npm http cache https://registry.npmjs.org/zod/-/zod-5.14.8.tgz 4ms (cache hit)
npm http cache https://registry.npmjs.org/undici/-/undici-6.15.9.tgz 5ms (cache hit)
npm http cache https://registry.npmjs.org/rollup/-/rollup-7.16.10.tgz 6ms (cache hit)
npm http cache https://registry.npmjs.org/esbuild/-/esbuild-8.17.11.tgz 7ms (cache hit)
npm http cache https://registry.npmjs.org/typescript/-/typescript-1.18.12.tgz 8ms (cache hit)
npm http cache https://registry.npmjs.org/vite/-/vite-2.19.13.tgz 9ms (cache hit)
npm http cache https://registry.npmjs.org/react/-/react-3.20.14.tgz 10ms (cache hit)
npm http cache https://registry.npmjs.org/react-dom/-/react-dom-4.21.15.tgz 11ms (cache hit)
npm http cache https://registry.npmjs.org/eslint/-/eslint-5.22.16.tgz 12ms (cache hit)
npm http cache https://registry.npmjs.org/vitest/-/vitest-6.23.0.tgz 13ms (cache hit)
npm http cache https://registry.npmjs.org/zod/-/zod-7.24.1.tgz 14ms (cache hit)
npm http cache https://registry.npmjs.org/undici/-/undici-8.25.2.tgz 15ms (cache hit)
npm http cache https://registry.npmjs.org/rollup/-/rollup-1.26.3.tgz 16ms (cache hit)
npm http cache https://registry.npmjs.org/esbuild/-/esbuild-2.27.4.tgz 17ms (cache hit)
npm http cache https://registry.npmjs.org/typescript/-/typescript-3.28.5.tgz 18ms (cache hit)
npm http cache https://registry.npmjs.org/vite/-/vite-4.29.6.tgz 19ms (cache hit)
npm http cache https://registry.npmjs.org/react/-/react-5.30.7.tgz 20ms (cache hit)
npm http cache https://registry.npmjs.org/react-dom/-/react-dom-6.0.8.tgz 21ms (cache hit)
npm http cache https://registry.npmjs.org/eslint/-/eslint-7.1.9.tgz 22ms (cache hit)
npm http cache https://registry.npmjs.org/vitest/-/vitest-8.2.10.tgz 23ms (cache hit)
npm http cache https://registry.npmjs.org/zod/-/zod-1.3.11.tgz 24ms (cache hit)
npm http cache https://registry.npmjs.org/undici/-/undici-2.4.12.tgz 25ms (cache hit)
npm http cache https://registry.npmjs.org/rollup/-/rollup-3.5.13.tgz 26ms (cache hit)
npm http cache https://registry.npmjs.org/esbuild/-/esbuild-4.6.14.tgz 27ms (cache hit)
npm http cache https://registry.npmjs.org/typescript/-/typescript-5.7.15.tgz 28ms (cache hit)
npm http cache https://registry.npmjs.org/vite/-/vite-6.8.16.tgz 29ms (cache hit)
npm http cache https://registry.npmjs.org/react/-/react-7.9.0.tgz 30ms (cache hit)
npm http cache https://registry.npmjs.org/react-dom/-/react-dom-8.10.1.tgz 31ms (cache hit)
npm http cache https://registry.npmjs.org/eslint/-/eslint-1.11.2.tgz 32ms (cache hit)
npm http cache https://registry.npmjs.org/vitest/-/vitest-2.12.3.tgz 33ms (cache hit)
npm http cache https://registry.npmjs.org/zod/-/zod-3.13.4.tgz 34ms (cache hit)
npm http cache https://registry.npmjs.org/undici/-/undici-4.14.5.tgz 35ms (cache hit)
npm http cache https://registry.npmjs.org/rollup/-/rollup-5.15.6.tgz 36ms (cache hit)
npm http cache https://registry.npmjs.org/esbuild/-/esbuild-6.16.7.tgz 37ms (cache hit)
npm http cache https://registry.npmjs.org/typescript/-/typescript-7.17.8.tgz 38ms (cache hit)
npm http cache https://registry.npmjs.org/vite/-/vite-8.18.9.tgz 2ms (cache hit)
npm http cache https://registry.npmjs.org/react/-/react-1.19.10.tgz 3ms (cache hit)
npm http cache https://registry.npmjs.org/react-dom/-/react-dom-2.20.11.tgz 4ms (cache hit)
npm http cache https://registry.npmjs.org/eslint/-/eslint-3.21.12.tgz 5ms (cache hit)
npm http cache https://registry.npmjs.org/vitest/-/vitest-4.22.13.tgz 6ms (cache hit)
npm http cache https://registry.npmjs.org/zod/-/zod-5.23.14.tgz 7ms (cache hit)
npm http cache https://registry.npmjs.org/undici/-/undici-6.24.15.tgz 8ms (cache hit)
npm http cache https://registry.npmjs.org/rollup/-/rollup-7.25.16.tgz 9ms (cache hit)
npm http cache https://registry.npmjs.org/esbuild/-/esbuild-8.26.0.tgz 10ms (cache hit)
npm http cache https://registry.npmjs.org/typescript/-/typescript-1.27.1.tgz 11ms (cache hit)
npm http cache https://registry.npmjs.org/vite/-/vite-2.28.2.tgz 12ms (cache hit)
npm http cache https://registry.npmjs.org/react/-/react-3.29.3.tgz 13ms (cache hit)
npm http cache https://registry.npmjs.org/react-dom/-/react-dom-4.30.4.tgz 14ms (cache hit)
npm http cache https://registry.npmjs.org/eslint/-/eslint-5.0.5.tgz 15ms (cache hit)
npm http cache https://registry.npmjs.org/vitest/-/vitest-6.1.6.tgz 16ms (cache hit)
npm http cache https://registry.npmjs.org/zod/-/zod-7.2.7.tgz 17ms (cache hit)
npm http cache https://registry.npmjs.org/undici/-/undici-8.3.8.tgz 18ms (cache hit)
npm http cache https://registry.npmjs.org/rollup/-/rollup-1.4.9.tgz 19ms (cache hit)
npm http cache https://registry.npmjs.org/esbuild/-/esbuild-2.5.10.tgz 20ms (cache hit)
npm http cache https://registry.npmjs.org/typescript/-/typescript-3.6.11.tgz 21ms (cache hit)
npm http cache https://registry.npmjs.org/vite/-/vite-4.7.12.tgz 22ms (cache hit)
npm http cache https://registry.npmjs.org/react/-/react-5.8.13.tgz 23ms (cache hit)
npm http cache https://registry.npmjs.org/react-dom/-/react-dom-6.9.14.tgz 24ms (cache hit)
npm http cache https://registry.npmjs.org/eslint/-/eslint-7.10.15.tgz 25ms (cache hit)
npm http cache https://registry.npmjs.org/vitest/-/vitest-8.11.16.tgz 26ms (cache hit)
npm http cache https://registry.npmjs.org/zod/-/zod-1.12.0.tgz 27ms (cache hit)
npm http cache https://registry.npmjs.org/undici/-/undici-2.13.1.tgz 28ms (cache hit)
npm http cache https://registry.npmjs.org/rollup/-/rollup-3.14.2.tgz 29ms (cache hit)
npm http cache https://registry.npmjs.org/esbuild/-/esbuild-4.15.3.tgz 30ms (cache hit)
npm http cache https://registry.npmjs.org/typescript/-/typescript-5.16.4.tgz 31ms (cache hit)
npm http cache https://registry.npmjs.org/vite/-/vite-6.17.5.tgz 32ms (cache hit)
npm http cache https://registry.npmjs.org/react/-/react-7.18.6.tgz 33ms (cache hit)
npm http cache https://registry.npmjs.org/react-dom/-/react-dom-8.19.7.tgz 34ms (cache hit)
npm http cache https://registry.npmjs.org/eslint/-/eslint-1.20.8.tgz 35ms (cache hit)
npm http cache https://registry.npmjs.org/vitest/-/vitest-2.21.9.tgz 36ms (cache hit)
npm http cache https://registry.npmjs.org/zod/-/zod-3.22.10.tgz 37ms (cache hit)
npm http cache https://registry.npmjs.org/undici/-/undici-4.23.11.tgz 38ms (cache hit)
npm http cache https://registry.npmjs.org/rollup/-/rollup-5.24.12.tgz 2ms (cache hit)
npm http cache https://registry.npmjs.org/esbuild/-/esbuild-6.25.13.tgz 3ms (cache hit)
npm http cache https://registry.npmjs.org/typescript/-/typescript-7.26.14.tgz 4ms (cache hit)
npm http cache https://registry.npmjs.org/vite/-/vite-8.27.15.tgz 5ms (cache hit)
npm http cache https://registry.npmjs.org/react/-/react-1.28.16.tgz 6ms (cache hit)
npm http cache https://registry.npmjs.org/react-dom/-/react-dom-2.29.0.tgz 7ms (cache hit)
npm http cache https://registry.npmjs.org/eslint/-/eslint-3.30.1.tgz 8ms (cache hit)
npm http cache https://registry.npmjs.org/vitest/-/vitest-4.0.2.tgz 9ms (cache hit)
npm http cache https://registry.npmjs.org/zod/-/zod-5.1.3.tgz 10ms (cache hit)
npm http cache https://registry.npmjs.org/undici/-/undici-6.2.4.tgz 11ms (cache hit)
npm http cache https://registry.npmjs.org/rollup/-/rollup-7.3.5.tgz 12ms (cache hit)
npm http cache https://registry.npmjs.org/esbuild/-/esbuild-8.4.6.tgz 13ms (cache hit)
npm http cache https://registry.npmjs.org/typescript/-/typescript-1.5.7.tgz 14ms (cache hit)
npm http cache https://registry.npmjs.org/vite/-/vite-2.6.8.tgz 15ms (cache hit)
npm http cache https://registry.npmjs.org/react/-/react-3.7.9.tgz 16ms (cache hit)
npm http cache https://registry.npmjs.org/react-dom/-/react-dom-4.8.10.tgz 17ms (cache hit)
npm http cache https://registry.npmjs.org/eslint/-/eslint-5.9.11.tgz 18ms (cache hit)
npm http cache https://registry.npmjs.org/vitest/-/vitest-6.10.12.tgz 19ms (cache hit)
npm http cache https://registry.npmjs.org/zod/-/zod-7.11.13.tgz 20ms (cache hit)
npm http cache https://registry.npmjs.org/undici/-/undici-8.12.14.tgz 21ms (cache hit)
npm http cache https://registry.npmjs.org/rollup/-/rollup-1.13.15.tgz 22ms (cache hit)
npm http cache https://registry.npmjs.org/esbuild/-/esbuild-2.14.16.tgz 23ms (cache hit)
npm http cache https://registry.npmjs.org/typescript/-/typescript-3.15.0.tgz 24ms (cache hit)
npm http cache https://registry.npmjs.org/vite/-/vite-4.16.1.tgz 25ms (cache hit)
npm http cache https://registry.npmjs.org/react/-/react-5.17.2.tgz 26ms (cache hit)
npm http cache https://registry.npmjs.org/react-dom/-/react-dom-6.18.3.tgz 27ms (cache hit)
npm http cache https://registry.npmjs.org/eslint/-/eslint-7.19.4.tgz 28ms (cache hit)
npm http cache https://registry.npmjs.org/vitest/-/vitest-8.20.5.tgz 29ms (cache hit)
npm http cache https://registry.npmjs.org/zod/-/zod-1.21.6.tgz 30ms (cache hit)
npm http cache https://registry.npmjs.org/undici/-/undici-2.22.7.tgz 31ms (cache hit)
npm http cache https://registry.npmjs.org/rollup/-/rollup-3.23.8.tgz 32ms (cache hit)
npm http cache https://registry.npmjs.org/esbuild/-/esbuild-4.24.9.tgz 33ms (cache hit)
npm http cache https://registry.npmjs.org/typescript/-/typescript-5.25.10.tgz 34ms (cache hit)
npm http cache https://registry.npmjs.org/vite/-/vite-6.26.11.tgz 35ms (cache hit)
npm http cache https://registry.npmjs.org/react/-/react-7.27.12.tgz 36ms (cache hit)
npm http cache https://registry.npmjs.org/react-dom/-/react-dom-8.28.13.tgz 37ms (cache hit)
npm http cache https://registry.npmjs.org/eslint/-/eslint-1.29.14.tgz 38ms (cache hit)
npm http cache https://registry.npmjs.org/vitest/-/vitest-2.30.15.tgz 2ms (cache hit)
npm http cache https://registry.npmjs.org/zod/-/zod-3.0.16.tgz 3ms (cache hit)
npm http cache https://registry.npmjs.org/undici/-/undici-4.1.0.tgz 4ms (cache hit)
npm http cache https://registry.npmjs.org/rollup/-/rollup-5.2.1.tgz 5ms (cache hit)
npm http cache https://registry.npmjs.org/esbuild/-/esbuild-6.3.2.tgz 6ms (cache hit)
npm http cache https://registry.npmjs.org/typescript/-/typescript-7.4.3.tgz 7ms (cache hit)
npm http cache https://registry.npmjs.org/vite/-/vite-8.5.4.tgz 8ms (cache hit)
npm http cache https://registry.npmjs.org/react/-/react-1.6.5.tgz 9ms (cache hit)
npm http cache https://registry.npmjs.org/react-dom/-/react-dom-2.7.6.tgz 10ms (cache hit)
npm http cache https://registry.npmjs.org/eslint/-/eslint-3.8.7.tgz 11ms (cache hit)
npm http cache https://registry.npmjs.org/vitest/-/vitest-4.9.8.tgz 12ms (cache hit)
npm http cache https://registry.npmjs.org/zod/-/zod-5.10.9.tgz 13ms (cache hit)
npm http cache https://registry.npmjs.org/undici/-/undici-6.11.10.tgz 14ms (cache hit)
npm http cache https://registry.npmjs.org/rollup/-/rollup-7.12.11.tgz 15ms (cache hit)
npm http cache https://registry.npmjs.org/esbuild/-/esbuild-8.13.12.tgz 16ms (cache hit)
npm http cache https://registry.npmjs.org/typescript/-/typescript-1.14.13.tgz 17ms (cache hit)
npm http cache https://registry.npmjs.org/vite/-/vite-2.15.14.tgz 18ms (cache hit)
npm http cache https://registry.npmjs.org/react/-/react-3.16.15.tgz 19ms (cache hit)
npm http cache https://registry.npmjs.org/react-dom/-/react-dom-4.17.16.tgz 20ms (cache hit)
npm http cache https://registry.npmjs.org/eslint/-/eslint-5.18.0.tgz 21ms (cache hit)
npm http cache https://registry.npmjs.org/vitest/-/vitest-6.19.1.tgz 22ms (cache hit)
npm http cache https://registry.npmjs.org/zod/-/zod-7.20.2.tgz 23ms (cache hit)
npm http cache https://registry.npmjs.org/undici/-/undici-8.21.3.tgz 24ms (cache hit)
npm http cache https://registry.npmjs.org/rollup/-/rollup-1.22.4.tgz 25ms (cache hit)
npm http cache https://registry.npmjs.org/esbuild/-/esbuild-2.23.5.tgz 26ms (cache hit)
npm http cache https://registry.npmjs.org/typescript/-/typescript-3.24.6.tgz 27ms (cache hit)
npm http cache https://registry.npmjs.org/vite/-/vite-4.25.7.tgz 28ms (cache hit)
npm http cache https://registry.npmjs.org/react/-/react-5.26.8.tgz 29ms (cache hit)
npm http cache https://registry.npmjs.org/react-dom/-/react-dom-6.27.9.tgz 30ms (cache hit)
npm http cache https://registry.npmjs.org/eslint/-/eslint-7.28.10.tgz 31ms (cache hit)
npm http cache https://registry.npmjs.org/vitest/-/vitest-8.29.11.tgz 32ms (cache hit)
npm http cache https://registry.npmjs.org/zod/-/zod-1.30.12.tgz 33ms (cache hit)
npm http cache https://registry.npmjs.org/undici/-/undici-2.0.13.tgz 34ms (cache hit)
npm http cache https://registry.npmjs.org/rollup/-/rollup-3.1.14.tgz 35ms (cache hit)
npm http cache https://registry.npmjs.org/esbuild/-/esbuild-4.2.15.tgz 36ms (cache hit)
npm http cache https://registry.npmjs.org/typescript/-/typescript-5.3.16.tgz 37ms (cache hit)
npm http cache https://registry.npmjs.org/vite/-/vite-6.4.0.tgz 38ms (cache hit)
npm http cache https://registry.npmjs.org/react/-/react-7.5.1.tgz 2ms (cache hit)
npm http cache https://registry.npmjs.org/react-dom/-/react-dom-8.6.2.tgz 3ms (cache hit)
npm http cache https://registry.npmjs.org/eslint/-/eslint-1.7.3.tgz 4ms (cache hit)
npm http cache https://registry.npmjs.org/vitest/-/vitest-2.8.4.tgz 5ms (cache hit)
npm http cache https://registry.npmjs.org/zod/-/zod-3.9.5.tgz 6ms (cache hit)
npm http cache https://registry.npmjs.org/undici/-/undici-4.10.6.tgz 7ms (cache hit)
npm http cache https://registry.npmjs.org/rollup/-/rollup-5.11.7.tgz 8ms (cache hit)
npm http cache https://registry.npmjs.org/esbuild/-/esbuild-6.12.8.tgz 9ms (cache hit)
npm http cache https://registry.npmjs.org/typescript/-/typescript-7.13.9.tgz 10ms (cache hit)
npm http cache https://registry.npmjs.org/vite/-/vite-8.14.10.tgz 11ms (cache hit)
npm http cache https://registry.npmjs.org/react/-/react-1.15.11.tgz 12ms (cache hit)
npm http cache https://registry.npmjs.org/react-dom/-/react-dom-2.16.12.tgz 13ms (cache hit)
npm http cache https://registry.npmjs.org/eslint/-/eslint-3.17.13.tgz 14ms (cache hit)
npm http cache https://registry.npmjs.org/vitest/-/vitest-4.18.14.tgz 15ms (cache hit)
npm http cache https://registry.npmjs.org/zod/-/zod-5.19.15.tgz 16ms (cache hit)
npm http cache https://registry.npmjs.org/undici/-/undici-6.20.16.tgz 17ms (cache hit)
npm http cache https://registry.npmjs.org/rollup/-/rollup-7.21.0.tgz 18ms (cache hit)
npm http cache https://registry.npmjs.org/esbuild/-/esbuild-8.22.1.tgz 19ms (cache hit)
npm http cache https://registry.npmjs.org/typescript/-/typescript-1.23.2.tgz 20ms (cache hit)
npm http cache https://registry.npmjs.org/vite/-/vite-2.24.3.tgz 21ms (cache hit)
npm http cache https://registry.npmjs.org/react/-/react-3.25.4.tgz 22ms (cache hit)
npm http cache https://registry.npmjs.org/react-dom/-/react-dom-4.26.5.tgz 23ms (cache hit)
npm http cache https://registry.npmjs.org/eslint/-/eslint-5.27.6.tgz 24ms (cache hit)
npm http cache https://registry.npmjs.org/vitest/-/vitest-6.28.7.tgz 25ms (cache hit)
npm http cache https://registry.npmjs.org/zod/-/zod-7.29.8.tgz 26ms (cache hit)
npm http cache https://registry.npmjs.org/undici/-/undici-8.30.9.tgz 27ms (cache hit)
npm http cache https://registry.npmjs.org/rollup/-/rollup-1.0.10.tgz 28ms (cache hit)
npm http cache https://registry.npmjs.org/esbuild/-/esbuild-2.1.11.tgz 29ms (cache hit)
npm http cache https://registry.npmjs.org/typescript/-/typescript-3.2.12.tgz 30ms (cache hit)
npm http cache https://registry.npmjs.org/vite/-/vite-4.3.13.tgz 31ms (cache hit)
npm http cache https://registry.npmjs.org/react/-/react-5.4.14.tgz 32ms (cache hit)
npm http cache https://registry.npmjs.org/react-dom/-/react-dom-6.5.15.tgz 33ms (cache hit)
npm http cache https://registry.npmjs.org/eslint/-/eslint-7.6.16.tgz 34ms (cache hit)
npm http cache https://registry.npmjs.org/vitest/-/vitest-8.7.0.tgz 35ms (cache hit)
npm http cache https://registry.npmjs.org/zod/-/zod-1.8.1.tgz 36ms (cache hit)
npm http cache https://registry.npmjs.org/undici/-/undici-2.9.2.tgz 37ms (cache hit)
npm http cache https://registry.npmjs.org/rollup/-/rollup-3.10.3.tgz 38ms (cache hit)
npm http cache https://registry.npmjs.org/esbuild/-/esbuild-4.11.4.tgz 2ms (cache hit)
npm http cache https://registry.npmjs.org/typescript/-/typescript-5.12.5.tgz 3ms (cache hit)
npm http cache https://registry.npmjs.org/vite/-/vite-6.13.6.tgz 4ms (cache hit)
npm http cache https://registry.npmjs.org/react/-/react-7.14.7.tgz 5ms (cache hit)
npm http cache https://registry.npmjs.org/react-dom/-/react-dom-8.15.8.tgz 6ms (cache hit)
npm http cache https://registry.npmjs.org/eslint/-/eslint-1.16.9.tgz 7ms (cache hit)
npm http cache https://registry.npmjs.org/vitest/-/vitest-2.17.10.tgz 8ms (cache hit)
npm http cache https://registry.npmjs.org/zod/-/zod-3.18.11.tgz 9ms (cache hit)
npm http cache https://registry.npmjs.org/undici/-/undici-4.19.12.tgz 10ms (cache hit)
npm http cache https://registry.npmjs.org/rollup/-/rollup-5.20.13.tgz 11ms (cache hit)
npm http cache https://registry.npmjs.org/esbuild/-/esbuild-6.21.14.tgz 12ms (cache hit)
npm http cache https://registry.npmjs.org/typescript/-/typescript-7.22.15.tgz 13ms (cache hit)
npm http cache https://registry.npmjs.org/vite/-/vite-8.23.16.tgz 14ms (cache hit)
npm http cache https://registry.npmjs.org/react/-/react-1.24.0.tgz 15ms (cache hit)
npm http cache https://registry.npmjs.org/react-dom/-/react-dom-2.25.1.tgz 16ms (cache hit)
npm http cache https://registry.npmjs.org/eslint/-/eslint-3.26.2.tgz 17ms (cache hit)
npm http cache https://registry.npmjs.org/vitest/-/vitest-4.27.3.tgz 18ms (cache hit)
npm http cache https://registry.npmjs.org/zod/-/zod-5.28.4.tgz 19ms (cache hit)
npm http cache https://registry.npmjs.org/undici/-/undici-6.29.5.tgz 20ms (cache hit)
npm http cache https://registry.npmjs.org/rollup/-/rollup-7.30.6.tgz 21ms (cache hit)
npm http cache https://registry.npmjs.org/esbuild/-/esbuild-8.0.7.tgz 22ms (cache hit)
npm http cache https://registry.npmjs.org/typescript/-/typescript-1.1.8.tgz 23ms (cache hit)
npm http cache https://registry.npmjs.org/vite/-/vite-2.2.9.tgz 24ms (cache hit)
npm http cache https://registry.npmjs.org/react/-/react-3.3.10.tgz 25ms (cache hit)
npm http cache https://registry.npmjs.org/react-dom/-/react-dom-4.4.11.tgz 26ms (cache hit)
npm http cache https://registry.npmjs.org/eslint/-/eslint-5.5.12.tgz 27ms (cache hit)
npm http cache https://registry.npmjs.org/vitest/-/vitest-6.6.13.tgz 28ms (cache hit)
npm http cache https://registry.npmjs.org/zod/-/zod-7.7.14.tgz 29ms (cache hit)
npm http cache https://registry.npmjs.org/undici/-/undici-8.8.15.tgz 30ms (cache hit)
npm http cache https://registry.npmjs.org/rollup/-/rollup-1.9.16.tgz 31ms (cache hit)
npm http cache https://registry.npmjs.org/esbuild/-/esbuild-2.10.0.tgz 32ms (cache hit)
npm http cache https://registry.npmjs.org/typescript/-/typescript-3.11.1.tgz 33ms (cache hit)
npm http cache https://registry.npmjs.org/vite/-/vite-4.12.2.tgz 34ms (cache hit)
npm http cache https://registry.npmjs.org/react/-/react-5.13.3.tgz 35ms (cache hit)
npm http cache https://registry.npmjs.org/react-dom/-/react-dom-6.14.4.tgz 36ms (cache hit)
npm http cache https://registry.npmjs.org/eslint/-/eslint-7.15.5.tgz 37ms (cache hit)
npm http cache https://registry.npmjs.org/vitest/-/vitest-8.16.6.tgz 38ms (cache hit)
npm http cache https://registry.npmjs.org/zod/-/zod-1.17.7.tgz 2ms (cache hit)
npm http cache https://registry.npmjs.org/undici/-/undici-2.18.8.tgz 3ms (cache hit)
npm http cache https://registry.npmjs.org/rollup/-/rollup-3.19.9.tgz 4ms (cache hit)
npm http cache https://registry.npmjs.org/esbuild/-/esbuild-4.20.10.tgz 5ms (cache hit)
npm http cache https://registry.npmjs.org/typescript/-/typescript-5.21.11.tgz 6ms (cache hit)
npm http cache https://registry.npmjs.org/vite/-/vite-6.22.12.tgz 7ms (cache hit)
npm http cache https://registry.npmjs.org/react/-/react-7.23.13.tgz 8ms (cache hit)
npm http cache https://registry.npmjs.org/react-dom/-/react-dom-8.24.14.tgz 9ms (cache hit)
npm http cache https://registry.npmjs.org/eslint/-/eslint-1.25.15.tgz 10ms (cache hit)
npm http cache https://registry.npmjs.org/vitest/-/vitest-2.26.16.tgz 11ms (cache hit)
npm http cache https://registry.npmjs.org/zod/-/zod-3.27.0.tgz 12ms (cache hit)
npm http cache https://registry.npmjs.org/undici/-/undici-4.28.1.tgz 13ms (cache hit)
npm http cache https://registry.npmjs.org/rollup/-/rollup-5.29.2.tgz 14ms (cache hit)
npm http cache https://registry.npmjs.org/esbuild/-/esbuild-6.30.3.tgz 15ms (cache hit)
npm http cache https://registry.npmjs.org/typescript/-/typescript-7.0.4.tgz 16ms (cache hit)
npm http cache https://registry.npmjs.org/vite/-/vite-8.1.5.tgz 17ms (cache hit)
npm http cache https://registry.npmjs.org/react/-/react-1.2.6.tgz 18ms (cache hit)
npm http cache https://registry.npmjs.org/react-dom/-/react-dom-2.3.7.tgz 19ms (cache hit)
npm http cache https://registry.npmjs.org/eslint/-/eslint-3.4.8.tgz 20ms (cache hit)
npm http cache https://registry.npmjs.org/vitest/-/vitest-4.5.9.tgz 21ms (cache hit)
npm http cache https://registry.npmjs.org/zod/-/zod-5.6.10.tgz 22ms (cache hit)
npm http cache https://registry.npmjs.org/undici/-/undici-6.7.11.tgz 23ms (cache hit)
npm http cache https://registry.npmjs.org/rollup/-/rollup-7.8.12.tgz 24ms (cache hit)
npm http cache https://registry.npmjs.org/esbuild/-/esbuild-8.9.13.tgz 25ms (cache hit)
npm http cache https://registry.npmjs.org/typescript/-/typescript-1.10.14.tgz 26ms (cache hit)
npm http cache https://registry.npmjs.org/vite/-/vite-2.11.15.tgz 27ms (cache hit)
npm http cache https://registry.npmjs.org/react/-/react-3.12.16.tgz 28ms (cache hit)
npm http cache https://registry.npmjs.org/react-dom/-/react-dom-4.13.0.tgz 29ms (cache hit)
npm http cache https://registry.npmjs.org/eslint/-/eslint-5.14.1.tgz 30ms (cache hit)
npm http cache https://registry.npmjs.org/vitest/-/vitest-6.15.2.tgz 31ms (cache hit)
npm http cache https://registry.npmjs.org/zod/-/zod-7.16.3.tgz 32ms (cache hit)
npm http cache https://registry.npmjs.org/undici/-/undici-8.17.4.tgz 33ms (cache hit)
npm http cache https://registry.npmjs.org/rollup/-/rollup-1.18.5.tgz 34ms (cache hit)
npm http cache https://registry.npmjs.org/esbuild/-/esbuild-2.19.6.tgz 35ms (cache hit)
npm http cache https://registry.npmjs.org/typescript/-/typescript-3.20.7.tgz 36ms (cache hit)
npm http cache https://registry.npmjs.org/vite/-/vite-4.21.8.tgz 37ms (cache hit)
npm http cache https://registry.npmjs.org/react/-/react-5.22.9.tgz 38ms (cache hit)
npm http cache https://registry.npmjs.org/react-dom/-/react-dom-6.23.10.tgz 2ms (cache hit)
npm http cache https://registry.npmjs.org/eslint/-/eslint-7.24.11.tgz 3ms (cache hit)
npm http cache https://registry.npmjs.org/vitest/-/vitest-8.25.12.tgz 4ms (cache hit)
npm http cache https://registry.npmjs.org/zod/-/zod-1.26.13.tgz 5ms (cache hit)
npm http cache https://registry.npmjs.org/undici/-/undici-2.27.14.tgz 6ms (cache hit)
npm http cache https://registry.npmjs.org/rollup/-/rollup-3.28.15.tgz 7ms (cache hit)
npm http cache https://registry.npmjs.org/esbuild/-/esbuild-4.29.16.tgz 8ms (cache hit)
npm http cache https://registry.npmjs.org/typescript/-/typescript-5.30.0.tgz 9ms (cache hit)
npm http cache https://registry.npmjs.org/vite/-/vite-6.0.1.tgz 10ms (cache hit)
npm http cache https://registry.npmjs.org/react/-/react-7.1.2.tgz 11ms (cache hit)
npm http cache https://registry.npmjs.org/react-dom/-/react-dom-8.2.3.tgz 12ms (cache hit)
npm http cache https://registry.npmjs.org/eslint/-/eslint-1.3.4.tgz 13ms (cache hit)
npm http cache https://registry.npmjs.org/vitest/-/vitest-2.4.5.tgz 14ms (cache hit)
npm http cache https://registry.npmjs.org/zod/-/zod-3.5.6.tgz 15ms (cache hit)
npm http cache https://registry.npmjs.org/undici/-/undici-4.6.7.tgz 16ms (cache hit)
npm http cache https://registry.npmjs.org/rollup/-/rollup-5.7.8.tgz 17ms (cache hit)
npm http cache https://registry.npmjs.org/esbuild/-/esbuild-6.8.9.tgz 18ms (cache hit)
npm http cache https://registry.npmjs.org/typescript/-/typescript-7.9.10.tgz 19ms (cache hit)
npm http cache https://registry.npmjs.org/vite/-/vite-8.10.11.tgz 20ms (cache hit)
npm http cache https://registry.npmjs.org/react/-/react-1.11.12.tgz 21ms (cache hit)
npm http cache https://registry.npmjs.org/react-dom/-/react-dom-2.12.13.tgz 22ms (cache hit)
npm http cache https://registry.npmjs.org/eslint/-/eslint-3.13.14.tgz 23ms (cache hit)
npm http cache https://registry.npmjs.org/vitest/-/vitest-4.14.15.tgz 24ms (cache hit)
npm http cache https://registry.npmjs.org/zod/-/zod-5.15.16.tgz 25ms (cache hit)
npm http cache https://registry.npmjs.org/undici/-/undici-6.16.0.tgz 26ms (cache hit)
npm http cache https://registry.npmjs.org/rollup/-/rollup-7.17.1.tgz 27ms (cache hit)
npm http cache https://registry.npmjs.org/esbuild/-/esbuild-8.18.2.tgz 28ms (cache hit)
npm http cache https://registry.npmjs.org/typescript/-/typescript-1.19.3.tgz 29ms (cache hit)
npm http cache https://registry.npmjs.org/vite/-/vite-2.20.4.tgz 30ms (cache hit)
npm http cache https://registry.npmjs.org/react/-/react-3.21.5.tgz 31ms (cache hit)
npm http cache https://registry.npmjs.org/react-dom/-/react-dom-4.22.6.tgz 32ms (cache hit)
npm http cache https://registry.npmjs.org/eslint/-/eslint-5.23.7.tgz 33ms (cache hit)
npm http cache https://registry.npmjs.org/vitest/-/vitest-6.24.8.tgz 34ms (cache hit)
npm http cache https://registry.npmjs.org/zod/-/zod-7.25.9.tgz 35ms (cache hit)
npm http cache https://registry.npmjs.org/undici/-/undici-8.26.10.tgz 36ms (cache hit)
npm http cache https://registry.npmjs.org/rollup/-/rollup-1.27.11.tgz 37ms (cache hit)
npm http cache https://registry.npmjs.org/esbuild/-/esbuild-2.28.12.tgz 38ms (cache hit)
npm http cache https://registry.npmjs.org/typescript/-/typescript-3.29.13.tgz 2ms (cache hit)
npm http cache https://registry.npmjs.org/vite/-/vite-4.30.14.tgz 3ms (cache hit)
npm http cache https://registry.npmjs.org/react/-/react-5.0.15.tgz 4ms (cache hit)
npm http cache https://registry.npmjs.org/react-dom/-/react-dom-6.1.16.tgz 5ms (cache hit)
npm http cache https://registry.npmjs.org/eslint/-/eslint-7.2.0.tgz 6ms (cache hit)
npm http cache https://registry.npmjs.org/vitest/-/vitest-8.3.1.tgz 7ms (cache hit)
npm http cache https://registry.npmjs.org/zod/-/zod-1.4.2.tgz 8ms (cache hit)
npm http cache https://registry.npmjs.org/undici/-/undici-2.5.3.tgz 9ms (cache hit)
npm http cache https://registry.npmjs.org/rollup/-/rollup-3.6.4.tgz 10ms (cache hit)
npm http cache https://registry.npmjs.org/esbuild/-/esbuild-4.7.5.tgz 11ms (cache hit)
npm http cache https://registry.npmjs.org/typescript/-/typescript-5.8.6.tgz 12ms (cache hit)
npm http cache https://registry.npmjs.org/vite/-/vite-6.9.7.tgz 13ms (cache hit)
npm http cache https://registry.npmjs.org/react/-/react-7.10.8.tgz 14ms (cache hit)
npm http cache https://registry.npmjs.org/react-dom/-/react-dom-8.11.9.tgz 15ms (cache hit)
npm http cache https://registry.npmjs.org/eslint/-/eslint-1.12.10.tgz 16ms (cache hit)
npm http cache https://registry.npmjs.org/vitest/-/vitest-2.13.11.tgz 17ms (cache hit)
npm http cache https://registry.npmjs.org/zod/-/zod-3.14.12.tgz 18ms (cache hit)
npm http cache https://registry.npmjs.org/undici/-/undici-4.15.13.tgz 19ms (cache hit)
npm http cache https://registry.npmjs.org/rollup/-/rollup-5.16.14.tgz 20ms (cache hit)
npm http cache https://registry.npmjs.org/esbuild/-/esbuild-6.17.15.tgz 21ms (cache hit)
npm http cache https://registry.npmjs.org/typescript/-/typescript-7.18.16.tgz 22ms (cache hit)
npm http cache https://registry.npmjs.org/vite/-/vite-8.19.0.tgz 23ms (cache hit)
npm http cache https://registry.npmjs.org/react/-/react-1.20.1.tgz 24ms (cache hit)
npm http cache https://registry.npmjs.org/react-dom/-/react-dom-2.21.2.tgz 25ms (cache hit)
npm http cache https://registry.npmjs.org/eslint/-/eslint-3.22.3.tgz 26ms (cache hit)
npm http cache https://registry.npmjs.org/vitest/-/vitest-4.23.4.tgz 27ms (cache hit)
npm http cache https://registry.npmjs.org/zod/-/zod-5.24.5.tgz 28ms (cache hit)
npm http cache https://registry.npmjs.org/undici/-/undici-6.25.6.tgz 29ms (cache hit)
npm http cache https://registry.npmjs.org/rollup/-/rollup-7.26.7.tgz 30ms (cache hit)
npm http cache https://registry.npmjs.org/esbuild/-/esbuild-8.27.8.tgz 31ms (cache hit)
npm http cache https://registry.npmjs.org/typescript/-/typescript-1.28.9.tgz 32ms (cache hit)
npm http cache https://registry.npmjs.org/vite/-/vite-2.29.10.tgz 33ms (cache hit)
npm http cache https://registry.npmjs.org/react/-/react-3.30.11.tgz 34ms (cache hit)
npm http cache https://registry.npmjs.org/react-dom/-/react-dom-4.0.12.tgz 35ms (cache hit)
npm http cache https://registry.npmjs.org/eslint/-/eslint-5.1.13.tgz 36ms (cache hit)
npm http cache https://registry.npmjs.org/vitest/-/vitest-6.2.14.tgz 37ms (cache hit)
npm http cache https://registry.npmjs.org/zod/-/zod-7.3.15.tgz 38ms (cache hit)
npm http cache https://registry.npmjs.org/undici/-/undici-8.4.16.tgz 2ms (cache hit)
npm http cache https://registry.npmjs.org/rollup/-/rollup-1.5.0.tgz 3ms (cache hit)
npm http cache https://registry.npmjs.org/esbuild/-/esbuild-2.6.1.tgz 4ms (cache hit)
npm http cache https://registry.npmjs.org/typescript/-/typescript-3.7.2.tgz 5ms (cache hit)
npm http cache https://registry.npmjs.org/vite/-/vite-4.8.3.tgz 6ms (cache hit)
npm http cache https://registry.npmjs.org/react/-/react-5.9.4.tgz 7ms (cache hit)
npm http cache https://registry.npmjs.org/react-dom/-/react-dom-6.10.5.tgz 8ms (cache hit)
npm http cache https://registry.npmjs.org/eslint/-/eslint-7.11.6.tgz 9ms (cache hit)
npm http cache https://registry.npmjs.org/vitest/-/vitest-8.12.7.tgz 10ms (cache hit)
npm http cache https://registry.npmjs.org/zod/-/zod-1.13.8.tgz 11ms (cache hit)
npm http cache https://registry.npmjs.org/undici/-/undici-2.14.9.tgz 12ms (cache hit)
npm http cache https://registry.npmjs.org/rollup/-/rollup-3.15.10.tgz 13ms (cache hit)
npm http cache https://registry.npmjs.org/esbuild/-/esbuild-4.16.11.tgz 14ms (cache hit)
npm http cache https://registry.npmjs.org/typescript/-/typescript-5.17.12.tgz 15ms (cache hit)
npm http cache https://registry.npmjs.org/vite/-/vite-6.18.13.tgz 16ms (cache hit)
npm http cache https://registry.npmjs.org/react/-/react-7.19.14.tgz 17ms (cache hit)
npm http cache https://registry.npmjs.org/react-dom/-/react-dom-8.20.15.tgz 18ms (cache hit)
npm http cache https://registry.npmjs.org/eslint/-/eslint-1.21.16.tgz 19ms (cache hit)
npm http cache https://registry.npmjs.org/vitest/-/vitest-2.22.0.tgz 20ms (cache hit)
npm http cache https://registry.npmjs.org/zod/-/zod-3.23.1.tgz 21ms (cache hit)
npm http cache https://registry.npmjs.org/undici/-/undici-4.24.2.tgz 22ms (cache hit)
npm http cache https://registry.npmjs.org/rollup/-/rollup-5.25.3.tgz 23ms (cache hit)
npm http cache https://registry.npmjs.org/esbuild/-/esbuild-6.26.4.tgz 24ms (cache hit)
npm http cache https://registry.npmjs.org/typescript/-/typescript-7.27.5.tgz 25ms (cache hit)
npm http cache https://registry.npmjs.org/vite/-/vite-8.28.6.tgz 26ms (cache hit)
npm http cache https://registry.npmjs.org/react/-/react-1.29.7.tgz 27ms (cache hit)
npm http cache https://registry.npmjs.org/react-dom/-/react-dom-2.30.8.tgz 28ms (cache hit)
npm http cache https://registry.npmjs.org/eslint/-/eslint-3.0.9.tgz 29ms (cache hit)
npm http cache https://registry.npmjs.org/vitest/-/vitest-4.1.10.tgz 30ms (cache hit)
npm http cache https://registry.npmjs.org/zod/-/zod-5.2.11.tgz 31ms (cache hit)
npm http cache https://registry.npmjs.org/undici/-/undici-6.3.12.tgz 32ms (cache hit)
npm http cache https://registry.npmjs.org/rollup/-/rollup-7.4.13.tgz 33ms (cache hit)
npm http cache https://registry.npmjs.org/esbuild/-/esbuild-8.5.14.tgz 34ms (cache hit)
npm http cache https://registry.npmjs.org/typescript/-/typescript-1.6.15.tgz 35ms (cache hit)
npm http cache https://registry.npmjs.org/vite/-/vite-2.7.16.tgz 36ms (cache hit)
npm http cache https://registry.npmjs.org/react/-/react-3.8.0.tgz 37ms (cache hit)
npm http cache https://registry.npmjs.org/react-dom/-/react-dom-4.9.1.tgz 38ms (cache hit)
npm http cache https://registry.npmjs.org/eslint/-/eslint-5.10.2.tgz 2ms (cache hit)
npm http cache https://registry.npmjs.org/vitest/-/vitest-6.11.3.tgz 3ms (cache hit)
npm http cache https://registry.npmjs.org/zod/-/zod-7.12.4.tgz 4ms (cache hit)
npm http cache https://registry.npmjs.org/undici/-/undici-8.13.5.tgz 5ms (cache hit)
npm http cache https://registry.npmjs.org/rollup/-/rollup-1.14.6.tgz 6ms (cache hit)
npm http cache https://registry.npmjs.org/esbuild/-/esbuild-2.15.7.tgz 7ms (cache hit)
npm http cache https://registry.npmjs.org/typescript/-/typescript-3.16.8.tgz 8ms (cache hit)
npm http cache https://registry.npmjs.org/vite/-/vite-4.17.9.tgz 9ms (cache hit)
npm http cache https://registry.npmjs.org/react/-/react-5.18.10.tgz 10ms (cache hit)
npm http cache https://registry.npmjs.org/react-dom/-/react-dom-6.19.11.tgz 11ms (cache hit)
npm http cache https://registry.npmjs.org/eslint/-/eslint-7.20.12.tgz 12ms (cache hit)
npm http cache https://registry.npmjs.org/vitest/-/vitest-8.21.13.tgz 13ms (cache hit)
npm http cache https://registry.npmjs.org/zod/-/zod-1.22.14.tgz 14ms (cache hit)
npm http cache https://registry.npmjs.org/undici/-/undici-2.23.15.tgz 15ms (cache hit)
npm http cache https://registry.npmjs.org/rollup/-/rollup-3.24.16.tgz 16ms (cache hit)
npm http cache https://registry.npmjs.org/esbuild/-/esbuild-4.25.0.tgz 17ms (cache hit)
npm http cache https://registry.npmjs.org/typescript/-/typescript-5.26.1.tgz 18ms (cache hit)
npm http cache https://registry.npmjs.org/vite/-/vite-6.27.2.tgz 19ms (cache hit)
npm http cache https://registry.npmjs.org/react/-/react-7.28.3.tgz 20ms (cache hit)
npm http cache https://registry.npmjs.org/react-dom/-/react-dom-8.29.4.tgz 21ms (cache hit)
npm http cache https://registry.npmjs.org/eslint/-/eslint-1.30.5.tgz 22ms (cache hit)
npm http cache https://registry.npmjs.org/vitest/-/vitest-2.0.6.tgz 23ms (cache hit)
npm http cache https://registry.npmjs.org/zod/-/zod-3.1.7.tgz 24ms (cache hit)
npm http cache https://registry.npmjs.org/undici/-/undici-4.2.8.tgz 25ms (cache hit)
npm http cache https://registry.npmjs.org/rollup/-/rollup-5.3.9.tgz 26ms (cache hit)
npm http cache https://registry.npmjs.org/esbuild/-/esbuild-6.4.10.tgz 27ms (cache hit)
npm http cache https://registry.npmjs.org/typescript/-/typescript-7.5.11.tgz 28ms (cache hit)
npm http cache https://registry.npmjs.org/vite/-/vite-8.6.12.tgz 29ms (cache hit)
npm http cache https://registry.npmjs.org/react/-/react-1.7.13.tgz 30ms (cache hit)
npm http cache https://registry.npmjs.org/react-dom/-/react-dom-2.8.14.tgz 31ms (cache hit)
npm http cache https://registry.npmjs.org/eslint/-/eslint-3.9.15.tgz 32ms (cache hit)
npm http cache https://registry.npmjs.org/vitest/-/vitest-4.10.16.tgz 33ms (cache hit)
npm http cache https://registry.npmjs.org/zod/-/zod-5.11.0.tgz 34ms (cache hit)
npm http cache https://registry.npmjs.org/undici/-/undici-6.12.1.tgz 35ms (cache hit)
npm http cache https://registry.npmjs.org/rollup/-/rollup-7.13.2.tgz 36ms (cache hit)
npm http cache https://registry.npmjs.org/esbuild/-/esbuild-8.14.3.tgz 37ms (cache hit)
npm http cache https://registry.npmjs.org/typescript/-/typescript-1.15.4.tgz 38ms (cache hit)
npm http cache https://registry.npmjs.org/vite/-/vite-2.16.5.tgz 2ms (cache hit)
npm http cache https://registry.npmjs.org/react/-/react-3.17.6.tgz 3ms (cache hit)
npm http cache https://registry.npmjs.org/react-dom/-/react-dom-4.18.7.tgz 4ms (cache hit)
npm http cache https://registry.npmjs.org/eslint/-/eslint-5.19.8.tgz 5ms (cache hit)
npm http cache https://registry.npmjs.org/vitest/-/vitest-6.20.9.tgz 6ms (cache hit)
npm http cache https://registry.npmjs.org/zod/-/zod-7.21.10.tgz 7ms (cache hit)
npm http cache https://registry.npmjs.org/undici/-/undici-8.22.11.tgz 8ms (cache hit)
npm http cache https://registry.npmjs.org/rollup/-/rollup-1.23.12.tgz 9ms (cache hit)
npm http cache https://registry.npmjs.org/esbuild/-/esbuild-2.24.13.tgz 10ms (cache hit)
npm http cache https://registry.npmjs.org/typescript/-/typescript-3.25.14.tgz 11ms (cache hit)
npm http cache https://registry.npmjs.org/vite/-/vite-4.26.15.tgz 12ms (cache hit)
npm http cache https://registry.npmjs.org/react/-/react-5.27.16.tgz 13ms (cache hit)
npm http cache https://registry.npmjs.org/react-dom/-/react-dom-6.28.0.tgz 14ms (cache hit)
npm http cache https://registry.npmjs.org/eslint/-/eslint-7.29.1.tgz 15ms (cache hit)
npm http cache https://registry.npmjs.org/vitest/-/vitest-8.30.2.tgz 16ms (cache hit)
npm http cache https://registry.npmjs.org/zod/-/zod-1.0.3.tgz 17ms (cache hit)
npm http cache https://registry.npmjs.org/undici/-/undici-2.1.4.tgz 18ms (cache hit)
npm http cache https://registry.npmjs.org/rollup/-/rollup-3.2.5.tgz 19ms (cache hit)
npm http cache https://registry.npmjs.org/esbuild/-/esbuild-4.3.6.tgz 20ms (cache hit)
npm http cache https://registry.npmjs.org/typescript/-/typescript-5.4.7.tgz 21ms (cache hit)
npm http cache https://registry.npmjs.org/vite/-/vite-6.5.8.tgz 22ms (cache hit)
npm http cache https://registry.npmjs.org/react/-/react-7.6.9.tgz 23ms (cache hit)
npm http cache https://registry.npmjs.org/react-dom/-/react-dom-8.7.10.tgz 24ms (cache hit)
npm http cache https://registry.npmjs.org/eslint/-/eslint-1.8.11.tgz 25ms (cache hit)
npm http cache https://registry.npmjs.org/vitest/-/vitest-2.9.12.tgz 26ms (cache hit)
npm http cache https://registry.npmjs.org/zod/-/zod-3.10.13.tgz 27ms (cache hit)
npm http cache https://registry.npmjs.org/undici/-/undici-4.11.14.tgz 28ms (cache hit)
npm http cache https://registry.npmjs.org/rollup/-/rollup-5.12.15.tgz 29ms (cache hit)
npm http cache https://registry.npmjs.org/esbuild/-/esbuild-6.13.16.tgz 30ms (cache hit)
npm http cache https://registry.npmjs.org/typescript/-/typescript-7.14.0.tgz 31ms (cache hit)
npm http cache https://registry.npmjs.org/vite/-/vite-8.15.1.tgz 32ms (cache hit)
npm http cache https://registry.npmjs.org/react/-/react-1.16.2.tgz 33ms (cache hit)
npm http cache https://registry.npmjs.org/react-dom/-/react-dom-2.17.3.tgz 34ms (cache hit)
npm http cache https://registry.npmjs.org/eslint/-/eslint-3.18.4.tgz 35ms (cache hit)
npm http cache https://registry.npmjs.org/vitest/-/vitest-4.19.5.tgz 36ms (cache hit)
npm http cache https://registry.npmjs.org/zod/-/zod-5.20.6.tgz 37ms (cache hit)
npm http cache https://registry.npmjs.org/undici/-/undici-6.21.7.tgz 38ms (cache hit)
npm http cache https://registry.npmjs.org/rollup/-/rollup-7.22.8.tgz 2ms (cache hit)
npm http cache https://registry.npmjs.org/esbuild/-/esbuild-8.23.9.tgz 3ms (cache hit)
npm http cache https://registry.npmjs.org/typescript/-/typescript-1.24.10.tgz 4ms (cache hit)
npm http cache https://registry.npmjs.org/vite/-/vite-2.25.11.tgz 5ms (cache hit)
npm http cache https://registry.npmjs.org/react/-/react-3.26.12.tgz 6ms (cache hit)
npm http cache https://registry.npmjs.org/react-dom/-/react-dom-4.27.13.tgz 7ms (cache hit)
npm http cache https://registry.npmjs.org/eslint/-/eslint-5.28.14.tgz 8ms (cache hit)
npm http cache https://registry.npmjs.org/vitest/-/vitest-6.29.15.tgz 9ms (cache hit)
npm http cache https://registry.npmjs.org/zod/-/zod-7.30.16.tgz 10ms (cache hit)
npm http cache https://registry.npmjs.org/undici/-/undici-8.0.0.tgz 11ms (cache hit)
npm http cache https://registry.npmjs.org/rollup/-/rollup-1.1.1.tgz 12ms (cache hit)
npm http cache https://registry.npmjs.org/esbuild/-/esbuild-2.2.2.tgz 13ms (cache hit)
npm http cache https://registry.npmjs.org/typescript/-/typescript-3.3.3.tgz 14ms (cache hit)
npm http cache https://registry.npmjs.org/vite/-/vite-4.4.4.tgz 15ms (cache hit)
npm http cache https://registry.npmjs.org/react/-/react-5.5.5.tgz 16ms (cache hit)
npm http cache https://registry.npmjs.org/react-dom/-/react-dom-6.6.6.tgz 17ms (cache hit)
npm http cache https://registry.npmjs.org/eslint/-/eslint-7.7.7.tgz 18ms (cache hit)
npm http cache https://registry.npmjs.org/vitest/-/vitest-8.8.8.tgz 19ms (cache hit)
npm http cache https://registry.npmjs.org/zod/-/zod-1.9.9.tgz 20ms (cache hit)
npm http cache https://registry.npmjs.org/undici/-/undici-2.10.10.tgz 21ms (cache hit)
npm http cache https://registry.npmjs.org/rollup/-/rollup-3.11.11.tgz 22ms (cache hit)
npm http cache https://registry.npmjs.org/esbuild/-/esbuild-4.12.12.tgz 23ms (cache hit)
npm http cache https://registry.npmjs.org/typescript/-/typescript-5.13.13.tgz 24ms (cache hit)
npm http cache https://registry.npmjs.org/vite/-/vite-6.14.14.tgz 25ms (cache hit)
npm http cache https://registry.npmjs.org/react/-/react-7.15.15.tgz 26ms (cache hit)
npm http cache https://registry.npmjs.org/react-dom/-/react-dom-8.16.16.tgz 27ms (cache hit)
npm http cache https://registry.npmjs.org/eslint/-/eslint-1.17.0.tgz 28ms (cache hit)
npm http cache https://registry.npmjs.org/vitest/-/vitest-2.18.1.tgz 29ms (cache hit)
npm http cache https://registry.npmjs.org/zod/-/zod-3.19.2.tgz 30ms (cache hit)
npm http cache https://registry.npmjs.org/undici/-/undici-4.20.3.tgz 31ms (cache hit)
npm http cache https://registry.npmjs.org/rollup/-/rollup-5.21.4.tgz 32ms (cache hit)
npm http cache https://registry.npmjs.org/esbuild/-/esbuild-6.22.5.tgz 33ms (cache hit)
npm http cache https://registry.npmjs.org/typescript/-/typescript-7.23.6.tgz 34ms (cache hit)
npm http cache https://registry.npmjs.org/vite/-/vite-8.24.7.tgz 35ms (cache hit)
npm http cache https://registry.npmjs.org/react/-/react-1.25.8.tgz 36ms (cache hit)
npm http cache https://registry.npmjs.org/react-dom/-/react-dom-2.26.9.tgz 37ms (cache hit)
npm http cache https://registry.npmjs.org/eslint/-/eslint-3.27.10.tgz 38ms (cache hit)
npm http cache https://registry.npmjs.org/vitest/-/vitest-4.28.11.tgz 2ms (cache hit)
npm http cache https://registry.npmjs.org/zod/-/zod-5.29.12.tgz 3ms (cache hit)
npm http cache https://registry.npmjs.org/undici/-/undici-6.30.13.tgz 4ms (cache hit)
npm http cache https://registry.npmjs.org/rollup/-/rollup-7.0.14.tgz 5ms (cache hit)
npm http cache https://registry.npmjs.org/esbuild/-/esbuild-8.1.15.tgz 6ms (cache hit)
npm http cache https://registry.npmjs.org/typescript/-/typescript-1.2.16.tgz 7ms (cache hit)
npm http cache https://registry.npmjs.org/vite/-/vite-2.3.0.tgz 8ms (cache hit)
npm http cache https://registry.npmjs.org/react/-/react-3.4.1.tgz 9ms (cache hit)
npm http cache https://registry.npmjs.org/react-dom/-/react-dom-4.5.2.tgz 10ms (cache hit)
npm http cache https://registry.npmjs.org/eslint/-/eslint-5.6.3.tgz 11ms (cache hit)
npm http cache https://registry.npmjs.org/vitest/-/vitest-6.7.4.tgz 12ms (cache hit)
npm http cache https://registry.npmjs.org/zod/-/zod-7.8.5.tgz 13ms (cache hit)
npm http cache https://registry.npmjs.org/undici/-/undici-8.9.6.tgz 14ms (cache hit)
npm http cache https://registry.npmjs.org/rollup/-/rollup-1.10.7.tgz 15ms (cache hit)
npm http cache https://registry.npmjs.org/esbuild/-/esbuild-2.11.8.tgz 16ms (cache hit)
npm http cache https://registry.npmjs.org/typescript/-/typescript-3.12.9.tgz 17ms (cache hit)
npm http cache https://registry.npmjs.org/vite/-/vite-4.13.10.tgz 18ms (cache hit)
npm http cache https://registry.npmjs.org/react/-/react-5.14.11.tgz 19ms (cache hit)
npm http cache https://registry.npmjs.org/react-dom/-/react-dom-6.15.12.tgz 20ms (cache hit)
npm http cache https://registry.npmjs.org/eslint/-/eslint-7.16.13.tgz 21ms (cache hit)
npm http cache https://registry.npmjs.org/vitest/-/vitest-8.17.14.tgz 22ms (cache hit)
npm http cache https://registry.npmjs.org/zod/-/zod-1.18.15.tgz 23ms (cache hit)
npm http cache https://registry.npmjs.org/undici/-/undici-2.19.16.tgz 24ms (cache hit)
npm http cache https://registry.npmjs.org/rollup/-/rollup-3.20.0.tgz 25ms (cache hit)
npm http cache https://registry.npmjs.org/esbuild/-/esbuild-4.21.1.tgz 26ms (cache hit)
npm http cache https://registry.npmjs.org/typescript/-/typescript-5.22.2.tgz 27ms (cache hit)
npm http cache https://registry.npmjs.org/vite/-/vite-6.23.3.tgz 28ms (cache hit)
npm http cache https://registry.npmjs.org/react/-/react-7.24.4.tgz 29ms (cache hit)
npm http cache https://registry.npmjs.org/react-dom/-/react-dom-8.25.5.tgz 30ms (cache hit)
npm http cache https://registry.npmjs.org/eslint/-/eslint-1.26.6.tgz 31ms (cache hit)
npm http cache https://registry.npmjs.org/vitest/-/vitest-2.27.7.tgz 32ms (cache hit)
npm http cache https://registry.npmjs.org/zod/-/zod-3.28.8.tgz 33ms (cache hit)
npm http cache https://registry.npmjs.org/undici/-/undici-4.29.9.tgz 34ms (cache hit)
npm http cache https://registry.npmjs.org/rollup/-/rollup-5.30.10.tgz 35ms (cache hit)
npm http cache https://registry.npmjs.org/esbuild/-/esbuild-6.0.11.tgz 36ms (cache hit)
npm http cache https://registry.npmjs.org/typescript/-/typescript-7.1.12.tgz 37ms (cache hit)
npm http cache https://registry.npmjs.org/vite/-/vite-8.2.13.tgz 38ms (cache hit)
npm http cache https://registry.npmjs.org/react/-/react-1.3.14.tgz 2ms (cache hit)
npm http cache https://registry.npmjs.org/react-dom/-/react-dom-2.4.15.tgz 3ms (cache hit)
npm http cache https://registry.npmjs.org/eslint/-/eslint-3.5.16.tgz 4ms (cache hit)
npm http cache https://registry.npmjs.org/vitest/-/vitest-4.6.0.tgz 5ms (cache hit)
npm http cache https://registry.npmjs.org/zod/-/zod-5.7.1.tgz 6ms (cache hit)
npm http cache https://registry.npmjs.org/undici/-/undici-6.8.2.tgz 7ms (cache hit)
npm http cache https://registry.npmjs.org/rollup/-/rollup-7.9.3.tgz 8ms (cache hit)
npm http cache https://registry.npmjs.org/esbuild/-/esbuild-8.10.4.tgz 9ms (cache hit)
npm http cache https://registry.npmjs.org/typescript/-/typescript-1.11.5.tgz 10ms (cache hit)
npm http cache https://registry.npmjs.org/vite/-/vite-2.12.6.tgz 11ms (cache hit)
npm http cache https://registry.npmjs.org/react/-/react-3.13.7.tgz 12ms (cache hit)
npm http cache https://registry.npmjs.org/react-dom/-/react-dom-4.14.8.tgz 13ms (cache hit)
npm http cache https://registry.npmjs.org/eslint/-/eslint-5.15.9.tgz 14ms (cache hit)
npm http cache https://registry.npmjs.org/vitest/-/vitest-6.16.10.tgz 15ms (cache hit)
npm http cache https://registry.npmjs.org/zod/-/zod-7.17.11.tgz 16ms (cache hit)
npm http cache https://registry.npmjs.org/undici/-/undici-8.18.12.tgz 17ms (cache hit)
npm http cache https://registry.npmjs.org/rollup/-/rollup-1.19.13.tgz 18ms (cache hit)
npm http cache https://registry.npmjs.org/esbuild/-/esbuild-2.20.14.tgz 19ms (cache hit)
npm http cache https://registry.npmjs.org/typescript/-/typescript-3.21.15.tgz 20ms (cache hit)
npm http cache https://registry.npmjs.org/vite/-/vite-4.22.16.tgz 21ms (cache hit)
npm http cache https://registry.npmjs.org/react/-/react-5.23.0.tgz 22ms (cache hit)
npm http cache https://registry.npmjs.org/react-dom/-/react-dom-6.24.1.tgz 23ms (cache hit)
npm http cache https://registry.npmjs.org/eslint/-/eslint-7.25.2.tgz 24ms (cache hit)
npm http cache https://registry.npmjs.org/vitest/-/vitest-8.26.3.tgz 25ms (cache hit)
npm http cache https://registry.npmjs.org/zod/-/zod-1.27.4.tgz 26ms (cache hit)
npm http cache https://registry.npmjs.org/undici/-/undici-2.28.5.tgz 27ms (cache hit)
npm http cache https://registry.npmjs.org/rollup/-/rollup-3.29.6.tgz 28ms (cache hit)
npm http cache https://registry.npmjs.org/esbuild/-/esbuild-4.30.7.tgz 29ms (cache hit)
npm http cache https://registry.npmjs.org/typescript/-/typescript-5.0.8.tgz 30ms (cache hit)
npm http cache https://registry.npmjs.org/vite/-/vite-6.1.9.tgz 31ms (cache hit)
npm http cache https://registry.npmjs.org/react/-/react-7.2.10.tgz 32ms (cache hit)
npm http cache https://registry.npmjs.org/react-dom/-/react-dom-8.3.11.tgz 33ms (cache hit)
npm http cache https://registry.npmjs.org/eslint/-/eslint-1.4.12.tgz 34ms (cache hit)
npm http cache https://registry.npmjs.org/vitest/-/vitest-2.5.13.tgz 35ms (cache hit)
npm http cache https://registry.npmjs.org/zod/-/zod-3.6.14.tgz 36ms (cache hit)
npm http cache https://registry.npmjs.org/undici/-/undici-4.7.15.tgz 37ms (cache hit)
npm http cache https://registry.npmjs.org/rollup/-/rollup-5.8.16.tgz 38ms (cache hit)
npm http cache https://registry.npmjs.org/esbuild/-/esbuild-6.9.0.tgz 2ms (cache hit)
npm http cache https://registry.npmjs.org/typescript/-/typescript-7.10.1.tgz 3ms (cache hit)
npm http cache https://registry.npmjs.org/vite/-/vite-8.11.2.tgz 4ms (cache hit)
npm http cache https://registry.npmjs.org/react/-/react-1.12.3.tgz 5ms (cache hit)
npm http cache https://registry.npmjs.org/react-dom/-/react-dom-2.13.4.tgz 6ms (cache hit)
npm http cache https://registry.npmjs.org/eslint/-/eslint-3.14.5.tgz 7ms (cache hit)
npm http cache https://registry.npmjs.org/vitest/-/vitest-4.15.6.tgz 8ms (cache hit)
npm http cache https://registry.npmjs.org/zod/-/zod-5.16.7.tgz 9ms (cache hit)
npm http cache https://registry.npmjs.org/undici/-/undici-6.17.8.tgz 10ms (cache hit)
npm http cache https://registry.npmjs.org/rollup/-/rollup-7.18.9.tgz 11ms (cache hit)
npm http cache https://registry.npmjs.org/esbuild/-/esbuild-8.19.10.tgz 12ms (cache hit)
npm http cache https://registry.npmjs.org/typescript/-/typescript-1.20.11.tgz 13ms (cache hit)
npm http cache https://registry.npmjs.org/vite/-/vite-2.21.12.tgz 14ms (cache hit)
npm http cache https://registry.npmjs.org/react/-/react-3.22.13.tgz 15ms (cache hit)
npm http cache https://registry.npmjs.org/react-dom/-/react-dom-4.23.14.tgz 16ms (cache hit)
npm http cache https://registry.npmjs.org/eslint/-/eslint-5.24.15.tgz 17ms (cache hit)
npm http cache https://registry.npmjs.org/vitest/-/vitest-6.25.16.tgz 18ms (cache hit)
npm http cache https://registry.npmjs.org/zod/-/zod-7.26.0.tgz 19ms (cache hit)
npm http cache https://registry.npmjs.org/undici/-/undici-8.27.1.tgz 20ms (cache hit)
npm http cache https://registry.npmjs.org/rollup/-/rollup-1.28.2.tgz 21ms (cache hit)
npm http cache https://registry.npmjs.org/esbuild/-/esbuild-2.29.3.tgz 22ms (cache hit)
npm http cache https://registry.npmjs.org/typescript/-/typescript-3.30.4.tgz 23ms (cache hit)
npm http cache https://registry.npmjs.org/vite/-/vite-4.0.5.tgz 24ms (cache hit)
npm http cache https://registry.npmjs.org/react/-/react-5.1.6.tgz 25ms (cache hit)
npm http cache https://registry.npmjs.org/react-dom/-/react-dom-6.2.7.tgz 26ms (cache hit)
npm http cache https://registry.npmjs.org/eslint/-/eslint-7.3.8.tgz 27ms (cache hit)
npm http cache https://registry.npmjs.org/vitest/-/vitest-8.4.9.tgz 28ms (cache hit)
npm http cache https://registry.npmjs.org/zod/-/zod-1.5.10.tgz 29ms (cache hit)
npm http cache https://registry.npmjs.org/undici/-/undici-2.6.11.tgz 30ms (cache hit)
npm http cache https://registry.npmjs.org/rollup/-/rollup-3.7.12.tgz 31ms (cache hit)
npm http cache https://registry.npmjs.org/esbuild/-/esbuild-4.8.13.tgz 32ms (cache hit)
npm http cache https://registry.npmjs.org/typescript/-/typescript-5.9.14.tgz 33ms (cache hit)
npm http cache https://registry.npmjs.org/vite/-/vite-6.10.15.tgz 34ms (cache hit)
npm http cache https://registry.npmjs.org/react/-/react-7.11.16.tgz 35ms (cache hit)
npm http cache https://registry.npmjs.org/react-dom/-/react-dom-8.12.0.tgz 36ms (cache hit)
npm http cache https://registry.npmjs.org/eslint/-/eslint-1.13.1.tgz 37ms (cache hit)
npm http cache https://registry.npmjs.org/vitest/-/vitest-2.14.2.tgz 38ms (cache hit)
npm http cache https://registry.npmjs.org/zod/-/zod-3.15.3.tgz 2ms (cache hit)
npm http cache https://registry.npmjs.org/undici/-/undici-4.16.4.tgz 3ms (cache hit)
npm http cache https://registry.npmjs.org/rollup/-/rollup-5.17.5.tgz 4ms (cache hit)
npm http cache https://registry.npmjs.org/esbuild/-/esbuild-6.18.6.tgz 5ms (cache hit)
npm http cache https://registry.npmjs.org/typescript/-/typescript-7.19.7.tgz 6ms (cache hit)
npm http cache https://registry.npmjs.org/vite/-/vite-8.20.8.tgz 7ms (cache hit)
npm http cache https://registry.npmjs.org/react/-/react-1.21.9.tgz 8ms (cache hit)
npm http cache https://registry.npmjs.org/react-dom/-/react-dom-2.22.10.tgz 9ms (cache hit)
npm http cache https://registry.npmjs.org/eslint/-/eslint-3.23.11.tgz 10ms (cache hit)
npm http cache https://registry.npmjs.org/vitest/-/vitest-4.24.12.tgz 11ms (cache hit)
npm http cache https://registry.npmjs.org/zod/-/zod-5.25.13.tgz 12ms (cache hit)
npm http cache https://registry.npmjs.org/undici/-/undici-6.26.14.tgz 13ms (cache hit)
npm http cache https://registry.npmjs.org/rollup/-/rollup-7.27.15.tgz 14ms (cache hit)
npm http cache https://registry.npmjs.org/esbuild/-/esbuild-8.28.16.tgz 15ms (cache hit)
npm http cache https://registry.npmjs.org/typescript/-/typescript-1.29.0.tgz 16ms (cache hit)
npm http cache https://registry.npmjs.org/vite/-/vite-2.30.1.tgz 17ms (cache hit)
npm http cache https://registry.npmjs.org/react/-/react-3.0.2.tgz 18ms (cache hit)
npm http cache https://registry.npmjs.org/react-dom/-/react-dom-4.1.3.tgz 19ms (cache hit)
npm http cache https://registry.npmjs.org/eslint/-/eslint-5.2.4.tgz 20ms (cache hit)
npm http cache https://registry.npmjs.org/vitest/-/vitest-6.3.5.tgz 21ms (cache hit)
npm http cache https://registry.npmjs.org/zod/-/zod-7.4.6.tgz 22ms (cache hit)
npm http cache https://registry.npmjs.org/undici/-/undici-8.5.7.tgz 23ms (cache hit)
npm http cache https://registry.npmjs.org/rollup/-/rollup-1.6.8.tgz 24ms (cache hit)
npm http cache https://registry.npmjs.org/esbuild/-/esbuild-2.7.9.tgz 25ms (cache hit)
npm http cache https://registry.npmjs.org/typescript/-/typescript-3.8.10.tgz 26ms (cache hit)
npm http cache https://registry.npmjs.org/vite/-/vite-4.9.11.tgz 27ms (cache hit)
npm http cache https://registry.npmjs.org/react/-/react-5.10.12.tgz 28ms (cache hit)
npm http cache https://registry.npmjs.org/react-dom/-/react-dom-6.11.13.tgz 29ms (cache hit)
npm http cache https://registry.npmjs.org/eslint/-/eslint-7.12.14.tgz 30ms (cache hit)
npm http cache https://registry.npmjs.org/vitest/-/vitest-8.13.15.tgz 31ms (cache hit)
npm http cache https://registry.npmjs.org/zod/-/zod-1.14.16.tgz 32ms (cache hit)
npm http cache https://registry.npmjs.org/undici/-/undici-2.15.0.tgz 33ms (cache hit)
npm http cache https://registry.npmjs.org/rollup/-/rollup-3.16.1.tgz 34ms (cache hit)
npm http cache https://registry.npmjs.org/esbuild/-/esbuild-4.17.2.tgz 35ms (cache hit)
npm http cache https://registry.npmjs.org/typescript/-/typescript-5.18.3.tgz 36ms (cache hit)
npm http cache https://registry.npmjs.org/vite/-/vite-6.19.4.tgz 37ms (cache hit)
npm http cache https://registry.npmjs.org/react/-/react-7.20.5.tgz 38ms (cache hit)
npm http cache https://registry.npmjs.org/react-dom/-/react-dom-8.21.6.tgz 2ms (cache hit)
npm http cache https://registry.npmjs.org/eslint/-/eslint-1.22.7.tgz 3ms (cache hit)
npm http cache https://registry.npmjs.org/vitest/-/vitest-2.23.8.tgz 4ms (cache hit)
npm http cache https://registry.npmjs.org/zod/-/zod-3.24.9.tgz 5ms (cache hit)
npm http cache https://registry.npmjs.org/undici/-/undici-4.25.10.tgz 6ms (cache hit)
npm http cache https://registry.npmjs.org/rollup/-/rollup-5.26.11.tgz 7ms (cache hit)
npm http cache https://registry.npmjs.org/esbuild/-/esbuild-6.27.12.tgz 8ms (cache hit)
npm http cache https://registry.npmjs.org/typescript/-/typescript-7.28.13.tgz 9ms (cache hit)
npm http cache https://registry.npmjs.org/vite/-/vite-8.29.14.tgz 10ms (cache hit)
npm http cache https://registry.npmjs.org/react/-/react-1.30.15.tgz 11ms (cache hit)
npm http cache https://registry.npmjs.org/react-dom/-/react-dom-2.0.16.tgz 12ms (cache hit)
npm http cache https://registry.npmjs.org/eslint/-/eslint-3.1.0.tgz 13ms (cache hit)
npm http cache https://registry.npmjs.org/vitest/-/vitest-4.2.1.tgz 14ms (cache hit)
npm http cache https://registry.npmjs.org/zod/-/zod-5.3.2.tgz 15ms (cache hit)
npm http cache https://registry.npmjs.org/undici/-/undici-6.4.3.tgz 16ms (cache hit)
npm http cache https://registry.npmjs.org/rollup/-/rollup-7.5.4.tgz 17ms (cache hit)
npm http cache https://registry.npmjs.org/esbuild/-/esbuild-8.6.5.tgz 18ms (cache hit)
npm http cache https://registry.npmjs.org/typescript/-/typescript-1.7.6.tgz 19ms (cache hit)
npm http cache https://registry.npmjs.org/vite/-/vite-2.8.7.tgz 20ms (cache hit)
npm http cache https://registry.npmjs.org/react/-/react-3.9.8.tgz 21ms (cache hit)
npm http cache https://registry.npmjs.org/react-dom/-/react-dom-4.10.9.tgz 22ms (cache hit)
npm http cache https://registry.npmjs.org/eslint/-/eslint-5.11.10.tgz 23ms (cache hit)
npm http cache https://registry.npmjs.org/vitest/-/vitest-6.12.11.tgz 24ms (cache hit)
npm http cache https://registry.npmjs.org/zod/-/zod-7.13.12.tgz 25ms (cache hit)
npm http cache https://registry.npmjs.org/undici/-/undici-8.14.13.tgz 26ms (cache hit)
npm http cache https://registry.npmjs.org/rollup/-/rollup-1.15.14.tgz 27ms (cache hit)
npm http cache https://registry.npmjs.org/esbuild/-/esbuild-2.16.15.tgz 28ms (cache hit)
npm http cache https://registry.npmjs.org/typescript/-/typescript-3.17.16.tgz 29ms (cache hit)
npm http cache https://registry.npmjs.org/vite/-/vite-4.18.0.tgz 30ms (cache hit)
npm http cache https://registry.npmjs.org/react/-/react-5.19.1.tgz 31ms (cache hit)
npm http cache https://registry.npmjs.org/react-dom/-/react-dom-6.20.2.tgz 32ms (cache hit)
npm http cache https://registry.npmjs.org/eslint/-/eslint-7.21.3.tgz 33ms (cache hit)
npm http cache https://registry.npmjs.org/vitest/-/vitest-8.22.4.tgz 34ms (cache hit)
npm http cache https://registry.npmjs.org/zod/-/zod-1.23.5.tgz 35ms (cache hit)
npm http cache https://registry.npmjs.org/undici/-/undici-2.24.6.tgz 36ms (cache hit)
npm http cache https://registry.npmjs.org/rollup/-/rollup-3.25.7.tgz 37ms (cache hit)
npm http cache https://registry.npmjs.org/esbuild/-/esbuild-4.26.8.tgz 38ms (cache hit)
npm http cache https://registry.npmjs.org/typescript/-/typescript-5.27.9.tgz 2ms (cache hit)
npm http cache https://registry.npmjs.org/vite/-/vite-6.28.10.tgz 3ms (cache hit)
npm http cache https://registry.npmjs.org/react/-/react-7.29.11.tgz 4ms (cache hit)
npm http cache https://registry.npmjs.org/react-dom/-/react-dom-8.30.12.tgz 5ms (cache hit)
npm http cache https://registry.npmjs.org/eslint/-/eslint-1.0.13.tgz 6ms (cache hit)
npm http cache https://registry.npmjs.org/vitest/-/vitest-2.1.14.tgz 7ms (cache hit)
npm http cache https://registry.npmjs.org/zod/-/zod-3.2.15.tgz 8ms (cache hit)
npm http cache https://registry.npmjs.org/undici/-/undici-4.3.16.tgz 9ms (cache hit)
npm http cache https://registry.npmjs.org/rollup/-/rollup-5.4.0.tgz 10ms (cache hit)
npm http cache https://registry.npmjs.org/esbuild/-/esbuild-6.5.1.tgz 11ms (cache hit)
npm http cache https://registry.npmjs.org/typescript/-/typescript-7.6.2.tgz 12ms (cache hit)
npm http cache https://registry.npmjs.org/vite/-/vite-8.7.3.tgz 13ms (cache hit)
npm http cache https://registry.npmjs.org/react/-/react-1.8.4.tgz 14ms (cache hit)
npm http cache https://registry.npmjs.org/react-dom/-/react-dom-2.9.5.tgz 15ms (cache hit)
npm http cache https://registry.npmjs.org/eslint/-/eslint-3.10.6.tgz 16ms (cache hit)
npm http cache https://registry.npmjs.org/vitest/-/vitest-4.11.7.tgz 17ms (cache hit)
npm http cache https://registry.npmjs.org/zod/-/zod-5.12.8.tgz 18ms (cache hit)
npm http cache https://registry.npmjs.org/undici/-/undici-6.13.9.tgz 19ms (cache hit)
npm http cache https://registry.npmjs.org/rollup/-/rollup-7.14.10.tgz 20ms (cache hit)
npm http cache https://registry.npmjs.org/esbuild/-/esbuild-8.15.11.tgz 21ms (cache hit)
npm http cache https://registry.npmjs.org/typescript/-/typescript-1.16.12.tgz 22ms (cache hit)
npm http cache https://registry.npmjs.org/vite/-/vite-2.17.13.tgz 23ms (cache hit)
npm http cache https://registry.npmjs.org/react/-/react-3.18.14.tgz 24ms (cache hit)
npm http cache https://registry.npmjs.org/react-dom/-/react-dom-4.19.15.tgz 25ms (cache hit)
npm http cache https://registry.npmjs.org/eslint/-/eslint-5.20.16.tgz 26ms (cache hit)
npm http cache https://registry.npmjs.org/vitest/-/vitest-6.21.0.tgz 27ms (cache hit)
npm http cache https://registry.npmjs.org/zod/-/zod-7.22.1.tgz 28ms (cache hit)
npm http cache https://registry.npmjs.org/undici/-/undici-8.23.2.tgz 29ms (cache hit)
npm http cache https://registry.npmjs.org/rollup/-/rollup-1.24.3.tgz 30ms (cache hit)
npm http cache https://registry.npmjs.org/esbuild/-/esbuild-2.25.4.tgz 31ms (cache hit)
npm http cache https://registry.npmjs.org/typescript/-/typescript-3.26.5.tgz 32ms (cache hit)
npm http cache https://registry.npmjs.org/vite/-/vite-4.27.6.tgz 33ms (cache hit)
npm http cache https://registry.npmjs.org/react/-/react-5.28.7.tgz 34ms (cache hit)
npm http cache https://registry.npmjs.org/react-dom/-/react-dom-6.29.8.tgz 35ms (cache hit)
npm http cache https://registry.npmjs.org/eslint/-/eslint-7.30.9.tgz 36ms (cache hit)
npm http cache https://registry.npmjs.org/vitest/-/vitest-8.0.10.tgz 37ms (cache hit)
npm http cache https://registry.npmjs.org/zod/-/zod-1.1.11.tgz 38ms (cache hit)
npm http cache https://registry.npmjs.org/undici/-/undici-2.2.12.tgz 2ms (cache hit)
npm http cache https://registry.npmjs.org/rollup/-/rollup-3.3.13.tgz 3ms (cache hit)
npm http cache https://registry.npmjs.org/esbuild/-/esbuild-4.4.14.tgz 4ms (cache hit)
npm http cache https://registry.npmjs.org/typescript/-/typescript-5.5.15.tgz 5ms (cache hit)
npm http cache https://registry.npmjs.org/vite/-/vite-6.6.16.tgz 6ms (cache hit)
npm http cache https://registry.npmjs.org/react/-/react-7.7.0.tgz 7ms (cache hit)
npm http cache https://registry.npmjs.org/react-dom/-/react-dom-8.8.1.tgz 8ms (cache hit)
npm http cache https://registry.npmjs.org/eslint/-/eslint-1.9.2.tgz 9ms (cache hit)
npm http cache https://registry.npmjs.org/vitest/-/vitest-2.10.3.tgz 10ms (cache hit)
npm http cache https://registry.npmjs.org/zod/-/zod-3.11.4.tgz 11ms (cache hit)
npm http cache https://registry.npmjs.org/undici/-/undici-4.12.5.tgz 12ms (cache hit)
npm http cache https://registry.npmjs.org/rollup/-/rollup-5.13.6.tgz 13ms (cache hit)
npm http cache https://registry.npmjs.org/esbuild/-/esbuild-6.14.7.tgz 14ms (cache hit)
npm http cache https://registry.npmjs.org/typescript/-/typescript-7.15.8.tgz 15ms (cache hit)
npm http cache https://registry.npmjs.org/vite/-/vite-8.16.9.tgz 16ms (cache hit)
npm http cache https://registry.npmjs.org/react/-/react-1.17.10.tgz 17ms (cache hit)
npm http cache https://registry.npmjs.org/react-dom/-/react-dom-2.18.11.tgz 18ms (cache hit)
npm http cache https://registry.npmjs.org/eslint/-/eslint-3.19.12.tgz 19ms (cache hit)
npm http cache https://registry.npmjs.org/vitest/-/vitest-4.20.13.tgz 20ms (cache hit)
npm http cache https://registry.npmjs.org/zod/-/zod-5.21.14.tgz 21ms (cache hit)
npm http cache https://registry.npmjs.org/undici/-/undici-6.22.15.tgz 22ms (cache hit)
npm http cache https://registry.npmjs.org/rollup/-/rollup-7.23.16.tgz 23ms (cache hit)
npm http cache https://registry.npmjs.org/esbuild/-/esbuild-8.24.0.tgz 24ms (cache hit)
npm http cache https://registry.npmjs.org/typescript/-/typescript-1.25.1.tgz 25ms (cache hit)
npm http cache https://registry.npmjs.org/vite/-/vite-2.26.2.tgz 26ms (cache hit)
npm http cache https://registry.npmjs.org/react/-/react-3.27.3.tgz 27ms (cache hit)
npm http cache https://registry.npmjs.org/react-dom/-/react-dom-4.28.4.tgz 28ms (cache hit)
npm http cache https://registry.npmjs.org/eslint/-/eslint-5.29.5.tgz 29ms (cache hit)
npm http cache https://registry.npmjs.org/vitest/-/vitest-6.30.6.tgz 30ms (cache hit)
npm http cache https://registry.npmjs.org/zod/-/zod-7.0.7.tgz 31ms (cache hit)
npm http cache https://registry.npmjs.org/undici/-/undici-8.1.8.tgz 32ms (cache hit)
npm http cache https://registry.npmjs.org/rollup/-/rollup-1.2.9.tgz 33ms (cache hit)
npm http cache https://registry.npmjs.org/esbuild/-/esbuild-2.3.10.tgz 34ms (cache hit)
npm http cache https://registry.npmjs.org/typescript/-/typescript-3.4.11.tgz 35ms (cache hit)
npm http cache https://registry.npmjs.org/vite/-/vite-4.5.12.tgz 36ms (cache hit)
npm http cache https://registry.npmjs.org/react/-/react-5.6.13.tgz 37ms (cache hit)
npm http cache https://registry.npmjs.org/react-dom/-/react-dom-6.7.14.tgz 38ms (cache hit)
npm http cache https://registry.npmjs.org/eslint/-/eslint-7.8.15.tgz 2ms (cache hit)
npm http cache https://registry.npmjs.org/vitest/-/vitest-8.9.16.tgz 3ms (cache hit)
npm http cache https://registry.npmjs.org/zod/-/zod-1.10.0.tgz 4ms (cache hit)
npm http cache https://registry.npmjs.org/undici/-/undici-2.11.1.tgz 5ms (cache hit)
npm http cache https://registry.npmjs.org/rollup/-/rollup-3.12.2.tgz 6ms (cache hit)
npm http cache https://registry.npmjs.org/esbuild/-/esbuild-4.13.3.tgz 7ms (cache hit)
npm http cache https://registry.npmjs.org/typescript/-/typescript-5.14.4.tgz 8ms (cache hit)
npm http cache https://registry.npmjs.org/vite/-/vite-6.15.5.tgz 9ms (cache hit)
npm http cache https://registry.npmjs.org/react/-/react-7.16.6.tgz 10ms (cache hit)
npm http cache https://registry.npmjs.org/react-dom/-/react-dom-8.17.7.tgz 11ms (cache hit)
npm http cache https://registry.npmjs.org/eslint/-/eslint-1.18.8.tgz 12ms (cache hit)
npm http cache https://registry.npmjs.org/vitest/-/vitest-2.19.9.tgz 13ms (cache hit)
npm http cache https://registry.npmjs.org/zod/-/zod-3.20.10.tgz 14ms (cache hit)
npm http cache https://registry.npmjs.org/undici/-/undici-4.21.11.tgz 15ms (cache hit)
npm http cache https://registry.npmjs.org/rollup/-/rollup-5.22.12.tgz 16ms (cache hit)
npm http cache https://registry.npmjs.org/esbuild/-/esbuild-6.23.13.tgz 17ms (cache hit)
npm http cache https://registry.npmjs.org/typescript/-/typescript-7.24.14.tgz 18ms (cache hit)
npm http cache https://registry.npmjs.org/vite/-/vite-8.25.15.tgz 19ms (cache hit)
npm http cache https://registry.npmjs.org/react/-/react-1.26.16.tgz 20ms (cache hit)
npm http cache https://registry.npmjs.org/react-dom/-/react-dom-2.27.0.tgz 21ms (cache hit)
npm http cache https://registry.npmjs.org/eslint/-/eslint-3.28.1.tgz 22ms (cache hit)
npm http cache https://registry.npmjs.org/vitest/-/vitest-4.29.2.tgz 23ms (cache hit)
npm http cache https://registry.npmjs.org/zod/-/zod-5.30.3.tgz 24ms (cache hit)
npm http cache https://registry.npmjs.org/undici/-/undici-6.0.4.tgz 25ms (cache hit)
npm http cache https://registry.npmjs.org/rollup/-/rollup-7.1.5.tgz 26ms (cache hit)
npm http cache https://registry.npmjs.org/esbuild/-/esbuild-8.2.6.tgz 27ms (cache hit)
npm http cache https://registry.npmjs.org/typescript/-/typescript-1.3.7.tgz 28ms (cache hit)
npm http cache https://registry.npmjs.org/vite/-/vite-2.4.8.tgz 29ms (cache hit)
npm http cache https://registry.npmjs.org/react/-/react-3.5.9.tgz 30ms (cache hit)
npm http cache https://registry.npmjs.org/react-dom/-/react-dom-4.6.10.tgz 31ms (cache hit)
npm http cache https://registry.npmjs.org/eslint/-/eslint-5.7.11.tgz 32ms (cache hit)
npm http cache https://registry.npmjs.org/vitest/-/vitest-6.8.12.tgz 33ms (cache hit)
npm http cache https://registry.npmjs.org/zod/-/zod-7.9.13.tgz 34ms (cache hit)
npm http cache https://registry.npmjs.org/undici/-/undici-8.10.14.tgz 35ms (cache hit)
npm http cache https://registry.npmjs.org/rollup/-/rollup-1.11.15.tgz 36ms (cache hit)
npm http cache https://registry.npmjs.org/esbuild/-/esbuild-2.12.16.tgz 37ms (cache hit)
npm http cache https://registry.npmjs.org/typescript/-/typescript-3.13.0.tgz 38ms (cache hit)
npm http cache https://registry.npmjs.org/vite/-/vite-4.14.1.tgz 2ms (cache hit)
npm http cache https://registry.npmjs.org/react/-/react-5.15.2.tgz 3ms (cache hit)
npm http cache https://registry.npmjs.org/react-dom/-/react-dom-6.16.3.tgz 4ms (cache hit)
npm http cache https://registry.npmjs.org/eslint/-/eslint-7.17.4.tgz 5ms (cache hit)
npm http cache https://registry.npmjs.org/vitest/-/vitest-8.18.5.tgz 6ms (cache hit)
npm http cache https://registry.npmjs.org/zod/-/zod-1.19.6.tgz 7ms (cache hit)
npm http cache https://registry.npmjs.org/undici/-/undici-2.20.7.tgz 8ms (cache hit)
npm http cache https://registry.npmjs.org/rollup/-/rollup-3.21.8.tgz 9ms (cache hit)
npm http cache https://registry.npmjs.org/esbuild/-/esbuild-4.22.9.tgz 10ms (cache hit)
npm http cache https://registry.npmjs.org/typescript/-/typescript-5.23.10.tgz 11ms (cache hit)
npm http cache https://registry.npmjs.org/vite/-/vite-6.24.11.tgz 12ms (cache hit)
npm http cache https://registry.npmjs.org/react/-/react-7.25.12.tgz 13ms (cache hit)
npm http cache https://registry.npmjs.org/react-dom/-/react-dom-8.26.13.tgz 14ms (cache hit)
npm http cache https://registry.npmjs.org/eslint/-/eslint-1.27.14.tgz 15ms (cache hit)
npm http cache https://registry.npmjs.org/vitest/-/vitest-2.28.15.tgz 16ms (cache hit)
npm http cache https://registry.npmjs.org/zod/-/zod-3.29.16.tgz 17ms (cache hit)
npm http cache https://registry.npmjs.org/undici/-/undici-4.30.0.tgz 18ms (cache hit)
npm http cache https://registry.npmjs.org/rollup/-/rollup-5.0.1.tgz 19ms (cache hit)
npm http cache https://registry.npmjs.org/esbuild/-/esbuild-6.1.2.tgz 20ms (cache hit)
npm http cache https://registry.npmjs.org/typescript/-/typescript-7.2.3.tgz 21ms (cache hit)
npm http cache https://registry.npmjs.org/vite/-/vite-8.3.4.tgz 22ms (cache hit)
npm http cache https://registry.npmjs.org/react/-/react-1.4.5.tgz 23ms (cache hit)
npm http cache https://registry.npmjs.org/react-dom/-/react-dom-2.5.6.tgz 24ms (cache hit)
npm http cache https://registry.npmjs.org/eslint/-/eslint-3.6.7.tgz 25ms (cache hit)
npm http cache https://registry.npmjs.org/vitest/-/vitest-4.7.8.tgz 26ms (cache hit)
npm http cache https://registry.npmjs.org/zod/-/zod-5.8.9.tgz 27ms (cache hit)
npm http cache https://registry.npmjs.org/undici/-/undici-6.9.10.tgz 28ms (cache hit)
npm http cache https://registry.npmjs.org/rollup/-/rollup-7.10.11.tgz 29ms (cache hit)
npm http cache https://registry.npmjs.org/esbuild/-/esbuild-8.11.12.tgz 30ms (cache hit)
npm http cache https://registry.npmjs.org/typescript/-/typescript-1.12.13.tgz 31ms (cache hit)
npm http cache https://registry.npmjs.org/vite/-/vite-2.13.14.tgz 32ms (cache hit)
npm http cache https://registry.npmjs.org/react/-/react-3.14.15.tgz 33ms (cache hit)
npm http cache https://registry.npmjs.org/react-dom/-/react-dom-4.15.16.tgz 34ms (cache hit)
npm http cache https://registry.npmjs.org/eslint/-/eslint-5.16.0.tgz 35ms (cache hit)
npm http cache https://registry.npmjs.org/vitest/-/vitest-6.17.1.tgz 36ms (cache hit)
npm http cache https://registry.npmjs.org/zod/-/zod-7.18.2.tgz 37ms (cache hit)
npm http cache https://registry.npmjs.org/undici/-/undici-8.19.3.tgz 38ms (cache hit)
npm http cache https://registry.npmjs.org/rollup/-/rollup-1.20.4.tgz 2ms (cache hit)
npm http cache https://registry.npmjs.org/esbuild/-/esbuild-2.21.5.tgz 3ms (cache hit)
npm http cache https://registry.npmjs.org/typescript/-/typescript-3.22.6.tgz 4ms (cache hit)
npm http cache https://registry.npmjs.org/vite/-/vite-4.23.7.tgz 5ms (cache hit)
npm http cache https://registry.npmjs.org/react/-/react-5.24.8.tgz 6ms (cache hit)
npm http cache https://registry.npmjs.org/react-dom/-/react-dom-6.25.9.tgz 7ms (cache hit)
npm http cache https://registry.npmjs.org/eslint/-/eslint-7.26.10.tgz 8ms (cache hit)
npm http cache https://registry.npmjs.org/vitest/-/vitest-8.27.11.tgz 9ms (cache hit)
npm http cache https://registry.npmjs.org/zod/-/zod-1.28.12.tgz 10ms (cache hit)
npm http cache https://registry.npmjs.org/undici/-/undici-2.29.13.tgz 11ms (cache hit)
npm http cache https://registry.npmjs.org/rollup/-/rollup-3.30.14.tgz 12ms (cache hit)
npm http cache https://registry.npmjs.org/esbuild/-/esbuild-4.0.15.tgz 13ms (cache hit)
npm http cache https://registry.npmjs.org/typescript/-/typescript-5.1.16.tgz 14ms (cache hit)

added 412 packages in 4s

Run npm run build

> release-dashboard@2.4.0 build
> tsc -b && vite build

src/config.ts(14,5): error TS2322: Type 'string | undefined' is not assignable to type 'string'.
  Type 'undefined' is not assignable to type 'string'.

14     region: process.env.DEPLOY_REGION,
       ~~~~~~

  src/config.ts(3,3)
    3   region: string
        ~~~~~~
    The expected type comes from property 'region' which is declared here on type 'AppConfig'

Found 1 error.
npm error Lifecycle script `build` failed with error:
npm error code 2
npm error path D:\a\release-dashboard\release-dashboard
npm error command failed
npm error command C:\Windows\system32\cmd.exe /d /s /c tsc -b && vite build
Error: Process completed with exit code 2.
