2026-07-26T02:10:01.001Z Requested labels: ubuntu-latest
2026-07-26T02:10:02.114Z Job is waiting for a hosted runner to come online.
2026-07-26T02:10:04.219Z Job is about to start running on the hosted runner.
2026-07-26T02:10:04.500Z Current runner version: '2.332.0'
2026-07-26T02:10:04.501Z Operating System: Ubuntu 24.04.2 LTS
2026-07-26T02:10:04.502Z Runner Image: ubuntu-24.04
2026-07-26T02:10:05.001Z Downloading action dependency layer 0001/0650 from tool cache
2026-07-26T02:10:05.002Z Downloading action dependency layer 0002/0650 from tool cache
2026-07-26T02:10:05.003Z Downloading action dependency layer 0003/0650 from tool cache
2026-07-26T02:10:05.004Z Downloading action dependency layer 0004/0650 from tool cache
2026-07-26T02:10:05.005Z Downloading action dependency layer 0005/0650 from tool cache
2026-07-26T02:10:05.006Z Downloading action dependency layer 0006/0650 from tool cache
2026-07-26T02:10:05.007Z Downloading action dependency layer 0007/0650 from tool cache
2026-07-26T02:10:05.008Z Downloading action dependency layer 0008/0650 from tool cache
2026-07-26T02:10:05.009Z Downloading action dependency layer 0009/0650 from tool cache
2026-07-26T02:10:05.010Z Downloading action dependency layer 0010/0650 from tool cache
2026-07-26T02:10:05.011Z Downloading action dependency layer 0011/0650 from tool cache
2026-07-26T02:10:05.012Z Downloading action dependency layer 0012/0650 from tool cache
2026-07-26T02:10:05.013Z Downloading action dependency layer 0013/0650 from tool cache
2026-07-26T02:10:05.014Z Downloading action dependency layer 0014/0650 from tool cache
2026-07-26T02:10:05.015Z Downloading action dependency layer 0015/0650 from tool cache
2026-07-26T02:10:05.016Z Downloading action dependency layer 0016/0650 from tool cache
2026-07-26T02:10:05.017Z Downloading action dependency layer 0017/0650 from tool cache
2026-07-26T02:10:05.018Z Downloading action dependency layer 0018/0650 from tool cache
2026-07-26T02:10:05.019Z Downloading action dependency layer 0019/0650 from tool cache
2026-07-26T02:10:05.020Z Downloading action dependency layer 0020/0650 from tool cache
2026-07-26T02:10:05.021Z Downloading action dependency layer 0021/0650 from tool cache
2026-07-26T02:10:05.022Z Downloading action dependency layer 0022/0650 from tool cache
2026-07-26T02:10:05.023Z Downloading action dependency layer 0023/0650 from tool cache
2026-07-26T02:10:05.024Z Downloading action dependency layer 0024/0650 from tool cache
2026-07-26T02:10:05.025Z Downloading action dependency layer 0025/0650 from tool cache
2026-07-26T02:10:05.026Z Downloading action dependency layer 0026/0650 from tool cache
2026-07-26T02:10:05.027Z Downloading action dependency layer 0027/0650 from tool cache
2026-07-26T02:10:05.028Z Downloading action dependency layer 0028/0650 from tool cache
2026-07-26T02:10:05.029Z Downloading action dependency layer 0029/0650 from tool cache
2026-07-26T02:10:05.030Z Downloading action dependency layer 0030/0650 from tool cache
2026-07-26T02:10:05.031Z Downloading action dependency layer 0031/0650 from tool cache
2026-07-26T02:10:05.032Z Downloading action dependency layer 0032/0650 from tool cache
2026-07-26T02:10:05.033Z Downloading action dependency layer 0033/0650 from tool cache
2026-07-26T02:10:05.034Z Downloading action dependency layer 0034/0650 from tool cache
2026-07-26T02:10:05.035Z Downloading action dependency layer 0035/0650 from tool cache
2026-07-26T02:10:05.036Z Downloading action dependency layer 0036/0650 from tool cache
2026-07-26T02:10:05.037Z Downloading action dependency layer 0037/0650 from tool cache
2026-07-26T02:10:05.038Z Downloading action dependency layer 0038/0650 from tool cache
2026-07-26T02:10:05.039Z Downloading action dependency layer 0039/0650 from tool cache
2026-07-26T02:10:05.040Z Downloading action dependency layer 0040/0650 from tool cache
2026-07-26T02:10:05.041Z Downloading action dependency layer 0041/0650 from tool cache
2026-07-26T02:10:05.042Z Downloading action dependency layer 0042/0650 from tool cache
2026-07-26T02:10:05.043Z Downloading action dependency layer 0043/0650 from tool cache
2026-07-26T02:10:05.044Z Downloading action dependency layer 0044/0650 from tool cache
2026-07-26T02:10:05.045Z Downloading action dependency layer 0045/0650 from tool cache
2026-07-26T02:10:05.046Z Downloading action dependency layer 0046/0650 from tool cache
2026-07-26T02:10:05.047Z Downloading action dependency layer 0047/0650 from tool cache
2026-07-26T02:10:05.048Z Downloading action dependency layer 0048/0650 from tool cache
2026-07-26T02:10:05.049Z Downloading action dependency layer 0049/0650 from tool cache
2026-07-26T02:10:05.050Z Downloading action dependency layer 0050/0650 from tool cache
2026-07-26T02:10:05.051Z Downloading action dependency layer 0051/0650 from tool cache
2026-07-26T02:10:05.052Z Downloading action dependency layer 0052/0650 from tool cache
2026-07-26T02:10:05.053Z Downloading action dependency layer 0053/0650 from tool cache
2026-07-26T02:10:05.054Z Downloading action dependency layer 0054/0650 from tool cache
2026-07-26T02:10:05.055Z Downloading action dependency layer 0055/0650 from tool cache
2026-07-26T02:10:05.056Z Downloading action dependency layer 0056/0650 from tool cache
2026-07-26T02:10:05.057Z Downloading action dependency layer 0057/0650 from tool cache
2026-07-26T02:10:05.058Z Downloading action dependency layer 0058/0650 from tool cache
2026-07-26T02:10:05.059Z Downloading action dependency layer 0059/0650 from tool cache
2026-07-26T02:10:05.060Z Downloading action dependency layer 0060/0650 from tool cache
2026-07-26T02:10:05.061Z Downloading action dependency layer 0061/0650 from tool cache
2026-07-26T02:10:05.062Z Downloading action dependency layer 0062/0650 from tool cache
2026-07-26T02:10:05.063Z Downloading action dependency layer 0063/0650 from tool cache
2026-07-26T02:10:05.064Z Downloading action dependency layer 0064/0650 from tool cache
2026-07-26T02:10:05.065Z Downloading action dependency layer 0065/0650 from tool cache
2026-07-26T02:10:05.066Z Downloading action dependency layer 0066/0650 from tool cache
2026-07-26T02:10:05.067Z Downloading action dependency layer 0067/0650 from tool cache
2026-07-26T02:10:05.068Z Downloading action dependency layer 0068/0650 from tool cache
2026-07-26T02:10:05.069Z Downloading action dependency layer 0069/0650 from tool cache
2026-07-26T02:10:05.070Z Downloading action dependency layer 0070/0650 from tool cache
2026-07-26T02:10:05.071Z Downloading action dependency layer 0071/0650 from tool cache
2026-07-26T02:10:05.072Z Downloading action dependency layer 0072/0650 from tool cache
2026-07-26T02:10:05.073Z Downloading action dependency layer 0073/0650 from tool cache
2026-07-26T02:10:05.074Z Downloading action dependency layer 0074/0650 from tool cache
2026-07-26T02:10:05.075Z Downloading action dependency layer 0075/0650 from tool cache
2026-07-26T02:10:05.076Z Downloading action dependency layer 0076/0650 from tool cache
2026-07-26T02:10:05.077Z Downloading action dependency layer 0077/0650 from tool cache
2026-07-26T02:10:05.078Z Downloading action dependency layer 0078/0650 from tool cache
2026-07-26T02:10:05.079Z Downloading action dependency layer 0079/0650 from tool cache
2026-07-26T02:10:05.080Z Downloading action dependency layer 0080/0650 from tool cache
2026-07-26T02:10:05.081Z Downloading action dependency layer 0081/0650 from tool cache
2026-07-26T02:10:05.082Z Downloading action dependency layer 0082/0650 from tool cache
2026-07-26T02:10:05.083Z Downloading action dependency layer 0083/0650 from tool cache
2026-07-26T02:10:05.084Z Downloading action dependency layer 0084/0650 from tool cache
2026-07-26T02:10:05.085Z Downloading action dependency layer 0085/0650 from tool cache
2026-07-26T02:10:05.086Z Downloading action dependency layer 0086/0650 from tool cache
2026-07-26T02:10:05.087Z Downloading action dependency layer 0087/0650 from tool cache
2026-07-26T02:10:05.088Z Downloading action dependency layer 0088/0650 from tool cache
2026-07-26T02:10:05.089Z Downloading action dependency layer 0089/0650 from tool cache
2026-07-26T02:10:05.090Z Downloading action dependency layer 0090/0650 from tool cache
2026-07-26T02:10:05.091Z Downloading action dependency layer 0091/0650 from tool cache
2026-07-26T02:10:05.092Z Downloading action dependency layer 0092/0650 from tool cache
2026-07-26T02:10:05.093Z Downloading action dependency layer 0093/0650 from tool cache
2026-07-26T02:10:05.094Z Downloading action dependency layer 0094/0650 from tool cache
2026-07-26T02:10:05.095Z Downloading action dependency layer 0095/0650 from tool cache
2026-07-26T02:10:05.096Z Downloading action dependency layer 0096/0650 from tool cache
2026-07-26T02:10:05.097Z Downloading action dependency layer 0097/0650 from tool cache
2026-07-26T02:10:05.098Z Downloading action dependency layer 0098/0650 from tool cache
2026-07-26T02:10:05.099Z Downloading action dependency layer 0099/0650 from tool cache
2026-07-26T02:10:06.100Z Downloading action dependency layer 0100/0650 from tool cache
2026-07-26T02:10:06.101Z Downloading action dependency layer 0101/0650 from tool cache
2026-07-26T02:10:06.102Z Downloading action dependency layer 0102/0650 from tool cache
2026-07-26T02:10:06.103Z Downloading action dependency layer 0103/0650 from tool cache
2026-07-26T02:10:06.104Z Downloading action dependency layer 0104/0650 from tool cache
2026-07-26T02:10:06.105Z Downloading action dependency layer 0105/0650 from tool cache
2026-07-26T02:10:06.106Z Downloading action dependency layer 0106/0650 from tool cache
2026-07-26T02:10:06.107Z Downloading action dependency layer 0107/0650 from tool cache
2026-07-26T02:10:06.108Z Downloading action dependency layer 0108/0650 from tool cache
2026-07-26T02:10:06.109Z Downloading action dependency layer 0109/0650 from tool cache
2026-07-26T02:10:06.110Z Downloading action dependency layer 0110/0650 from tool cache
2026-07-26T02:10:06.111Z Downloading action dependency layer 0111/0650 from tool cache
2026-07-26T02:10:06.112Z Downloading action dependency layer 0112/0650 from tool cache
2026-07-26T02:10:06.113Z Downloading action dependency layer 0113/0650 from tool cache
2026-07-26T02:10:06.114Z Downloading action dependency layer 0114/0650 from tool cache
2026-07-26T02:10:06.115Z Downloading action dependency layer 0115/0650 from tool cache
2026-07-26T02:10:06.116Z Downloading action dependency layer 0116/0650 from tool cache
2026-07-26T02:10:06.117Z Downloading action dependency layer 0117/0650 from tool cache
2026-07-26T02:10:06.118Z Downloading action dependency layer 0118/0650 from tool cache
2026-07-26T02:10:06.119Z Downloading action dependency layer 0119/0650 from tool cache
2026-07-26T02:10:06.120Z Downloading action dependency layer 0120/0650 from tool cache
2026-07-26T02:10:06.121Z Downloading action dependency layer 0121/0650 from tool cache
2026-07-26T02:10:06.122Z Downloading action dependency layer 0122/0650 from tool cache
2026-07-26T02:10:06.123Z Downloading action dependency layer 0123/0650 from tool cache
2026-07-26T02:10:06.124Z Downloading action dependency layer 0124/0650 from tool cache
2026-07-26T02:10:06.125Z Downloading action dependency layer 0125/0650 from tool cache
2026-07-26T02:10:06.126Z Downloading action dependency layer 0126/0650 from tool cache
2026-07-26T02:10:06.127Z Downloading action dependency layer 0127/0650 from tool cache
2026-07-26T02:10:06.128Z Downloading action dependency layer 0128/0650 from tool cache
2026-07-26T02:10:06.129Z Downloading action dependency layer 0129/0650 from tool cache
2026-07-26T02:10:06.130Z Downloading action dependency layer 0130/0650 from tool cache
2026-07-26T02:10:06.131Z Downloading action dependency layer 0131/0650 from tool cache
2026-07-26T02:10:06.132Z Downloading action dependency layer 0132/0650 from tool cache
2026-07-26T02:10:06.133Z Downloading action dependency layer 0133/0650 from tool cache
2026-07-26T02:10:06.134Z Downloading action dependency layer 0134/0650 from tool cache
2026-07-26T02:10:06.135Z Downloading action dependency layer 0135/0650 from tool cache
2026-07-26T02:10:06.136Z Downloading action dependency layer 0136/0650 from tool cache
2026-07-26T02:10:06.137Z Downloading action dependency layer 0137/0650 from tool cache
2026-07-26T02:10:06.138Z Downloading action dependency layer 0138/0650 from tool cache
2026-07-26T02:10:06.139Z Downloading action dependency layer 0139/0650 from tool cache
2026-07-26T02:10:06.140Z Downloading action dependency layer 0140/0650 from tool cache
2026-07-26T02:10:06.141Z Downloading action dependency layer 0141/0650 from tool cache
2026-07-26T02:10:06.142Z Downloading action dependency layer 0142/0650 from tool cache
2026-07-26T02:10:06.143Z Downloading action dependency layer 0143/0650 from tool cache
2026-07-26T02:10:06.144Z Downloading action dependency layer 0144/0650 from tool cache
2026-07-26T02:10:06.145Z Downloading action dependency layer 0145/0650 from tool cache
2026-07-26T02:10:06.146Z Downloading action dependency layer 0146/0650 from tool cache
2026-07-26T02:10:06.147Z Downloading action dependency layer 0147/0650 from tool cache
2026-07-26T02:10:06.148Z Downloading action dependency layer 0148/0650 from tool cache
2026-07-26T02:10:06.149Z Downloading action dependency layer 0149/0650 from tool cache
2026-07-26T02:10:06.150Z Downloading action dependency layer 0150/0650 from tool cache
2026-07-26T02:10:06.151Z Downloading action dependency layer 0151/0650 from tool cache
2026-07-26T02:10:06.152Z Downloading action dependency layer 0152/0650 from tool cache
2026-07-26T02:10:06.153Z Downloading action dependency layer 0153/0650 from tool cache
2026-07-26T02:10:06.154Z Downloading action dependency layer 0154/0650 from tool cache
2026-07-26T02:10:06.155Z Downloading action dependency layer 0155/0650 from tool cache
2026-07-26T02:10:06.156Z Downloading action dependency layer 0156/0650 from tool cache
2026-07-26T02:10:06.157Z Downloading action dependency layer 0157/0650 from tool cache
2026-07-26T02:10:06.158Z Downloading action dependency layer 0158/0650 from tool cache
2026-07-26T02:10:06.159Z Downloading action dependency layer 0159/0650 from tool cache
2026-07-26T02:10:06.160Z Downloading action dependency layer 0160/0650 from tool cache
2026-07-26T02:10:06.161Z Downloading action dependency layer 0161/0650 from tool cache
2026-07-26T02:10:06.162Z Downloading action dependency layer 0162/0650 from tool cache
2026-07-26T02:10:06.163Z Downloading action dependency layer 0163/0650 from tool cache
2026-07-26T02:10:06.164Z Downloading action dependency layer 0164/0650 from tool cache
2026-07-26T02:10:06.165Z Downloading action dependency layer 0165/0650 from tool cache
2026-07-26T02:10:06.166Z Downloading action dependency layer 0166/0650 from tool cache
2026-07-26T02:10:06.167Z Downloading action dependency layer 0167/0650 from tool cache
2026-07-26T02:10:06.168Z Downloading action dependency layer 0168/0650 from tool cache
2026-07-26T02:10:06.169Z Downloading action dependency layer 0169/0650 from tool cache
2026-07-26T02:10:06.170Z Downloading action dependency layer 0170/0650 from tool cache
2026-07-26T02:10:06.171Z Downloading action dependency layer 0171/0650 from tool cache
2026-07-26T02:10:06.172Z Downloading action dependency layer 0172/0650 from tool cache
2026-07-26T02:10:06.173Z Downloading action dependency layer 0173/0650 from tool cache
2026-07-26T02:10:06.174Z Downloading action dependency layer 0174/0650 from tool cache
2026-07-26T02:10:06.175Z Downloading action dependency layer 0175/0650 from tool cache
2026-07-26T02:10:06.176Z Downloading action dependency layer 0176/0650 from tool cache
2026-07-26T02:10:06.177Z Downloading action dependency layer 0177/0650 from tool cache
2026-07-26T02:10:06.178Z Downloading action dependency layer 0178/0650 from tool cache
2026-07-26T02:10:06.179Z Downloading action dependency layer 0179/0650 from tool cache
2026-07-26T02:10:06.180Z Downloading action dependency layer 0180/0650 from tool cache
2026-07-26T02:10:06.181Z Downloading action dependency layer 0181/0650 from tool cache
2026-07-26T02:10:06.182Z Downloading action dependency layer 0182/0650 from tool cache
2026-07-26T02:10:06.183Z Downloading action dependency layer 0183/0650 from tool cache
2026-07-26T02:10:06.184Z Downloading action dependency layer 0184/0650 from tool cache
2026-07-26T02:10:06.185Z Downloading action dependency layer 0185/0650 from tool cache
2026-07-26T02:10:06.186Z Downloading action dependency layer 0186/0650 from tool cache
2026-07-26T02:10:06.187Z Downloading action dependency layer 0187/0650 from tool cache
2026-07-26T02:10:06.188Z Downloading action dependency layer 0188/0650 from tool cache
2026-07-26T02:10:06.189Z Downloading action dependency layer 0189/0650 from tool cache
2026-07-26T02:10:06.190Z Downloading action dependency layer 0190/0650 from tool cache
2026-07-26T02:10:06.191Z Downloading action dependency layer 0191/0650 from tool cache
2026-07-26T02:10:06.192Z Downloading action dependency layer 0192/0650 from tool cache
2026-07-26T02:10:06.193Z Downloading action dependency layer 0193/0650 from tool cache
2026-07-26T02:10:06.194Z Downloading action dependency layer 0194/0650 from tool cache
2026-07-26T02:10:06.195Z Downloading action dependency layer 0195/0650 from tool cache
2026-07-26T02:10:06.196Z Downloading action dependency layer 0196/0650 from tool cache
2026-07-26T02:10:06.197Z Downloading action dependency layer 0197/0650 from tool cache
2026-07-26T02:10:06.198Z Downloading action dependency layer 0198/0650 from tool cache
2026-07-26T02:10:06.199Z Downloading action dependency layer 0199/0650 from tool cache
2026-07-26T02:10:07.200Z Downloading action dependency layer 0200/0650 from tool cache
2026-07-26T02:10:07.201Z Downloading action dependency layer 0201/0650 from tool cache
2026-07-26T02:10:07.202Z Downloading action dependency layer 0202/0650 from tool cache
2026-07-26T02:10:07.203Z Downloading action dependency layer 0203/0650 from tool cache
2026-07-26T02:10:07.204Z Downloading action dependency layer 0204/0650 from tool cache
2026-07-26T02:10:07.205Z Downloading action dependency layer 0205/0650 from tool cache
2026-07-26T02:10:07.206Z Downloading action dependency layer 0206/0650 from tool cache
2026-07-26T02:10:07.207Z Downloading action dependency layer 0207/0650 from tool cache
2026-07-26T02:10:07.208Z Downloading action dependency layer 0208/0650 from tool cache
2026-07-26T02:10:07.209Z Downloading action dependency layer 0209/0650 from tool cache
2026-07-26T02:10:07.210Z Downloading action dependency layer 0210/0650 from tool cache
2026-07-26T02:10:07.211Z Downloading action dependency layer 0211/0650 from tool cache
2026-07-26T02:10:07.212Z Downloading action dependency layer 0212/0650 from tool cache
2026-07-26T02:10:07.213Z Downloading action dependency layer 0213/0650 from tool cache
2026-07-26T02:10:07.214Z Downloading action dependency layer 0214/0650 from tool cache
2026-07-26T02:10:07.215Z Downloading action dependency layer 0215/0650 from tool cache
2026-07-26T02:10:07.216Z Downloading action dependency layer 0216/0650 from tool cache
2026-07-26T02:10:07.217Z Downloading action dependency layer 0217/0650 from tool cache
2026-07-26T02:10:07.218Z Downloading action dependency layer 0218/0650 from tool cache
2026-07-26T02:10:07.219Z Downloading action dependency layer 0219/0650 from tool cache
2026-07-26T02:10:07.220Z Downloading action dependency layer 0220/0650 from tool cache
2026-07-26T02:10:07.221Z Downloading action dependency layer 0221/0650 from tool cache
2026-07-26T02:10:07.222Z Downloading action dependency layer 0222/0650 from tool cache
2026-07-26T02:10:07.223Z Downloading action dependency layer 0223/0650 from tool cache
2026-07-26T02:10:07.224Z Downloading action dependency layer 0224/0650 from tool cache
2026-07-26T02:10:07.225Z Downloading action dependency layer 0225/0650 from tool cache
2026-07-26T02:10:07.226Z Downloading action dependency layer 0226/0650 from tool cache
2026-07-26T02:10:07.227Z Downloading action dependency layer 0227/0650 from tool cache
2026-07-26T02:10:07.228Z Downloading action dependency layer 0228/0650 from tool cache
2026-07-26T02:10:07.229Z Downloading action dependency layer 0229/0650 from tool cache
2026-07-26T02:10:07.230Z Downloading action dependency layer 0230/0650 from tool cache
2026-07-26T02:10:07.231Z Downloading action dependency layer 0231/0650 from tool cache
2026-07-26T02:10:07.232Z Downloading action dependency layer 0232/0650 from tool cache
2026-07-26T02:10:07.233Z Downloading action dependency layer 0233/0650 from tool cache
2026-07-26T02:10:07.234Z Downloading action dependency layer 0234/0650 from tool cache
2026-07-26T02:10:07.235Z Downloading action dependency layer 0235/0650 from tool cache
2026-07-26T02:10:07.236Z Downloading action dependency layer 0236/0650 from tool cache
2026-07-26T02:10:07.237Z Downloading action dependency layer 0237/0650 from tool cache
2026-07-26T02:10:07.238Z Downloading action dependency layer 0238/0650 from tool cache
2026-07-26T02:10:07.239Z Downloading action dependency layer 0239/0650 from tool cache
2026-07-26T02:10:07.240Z Downloading action dependency layer 0240/0650 from tool cache
2026-07-26T02:10:07.241Z Downloading action dependency layer 0241/0650 from tool cache
2026-07-26T02:10:07.242Z Downloading action dependency layer 0242/0650 from tool cache
2026-07-26T02:10:07.243Z Downloading action dependency layer 0243/0650 from tool cache
2026-07-26T02:10:07.244Z Downloading action dependency layer 0244/0650 from tool cache
2026-07-26T02:10:07.245Z Downloading action dependency layer 0245/0650 from tool cache
2026-07-26T02:10:07.246Z Downloading action dependency layer 0246/0650 from tool cache
2026-07-26T02:10:07.247Z Downloading action dependency layer 0247/0650 from tool cache
2026-07-26T02:10:07.248Z Downloading action dependency layer 0248/0650 from tool cache
2026-07-26T02:10:07.249Z Downloading action dependency layer 0249/0650 from tool cache
2026-07-26T02:10:07.250Z Downloading action dependency layer 0250/0650 from tool cache
2026-07-26T02:10:07.251Z Downloading action dependency layer 0251/0650 from tool cache
2026-07-26T02:10:07.252Z Downloading action dependency layer 0252/0650 from tool cache
2026-07-26T02:10:07.253Z Downloading action dependency layer 0253/0650 from tool cache
2026-07-26T02:10:07.254Z Downloading action dependency layer 0254/0650 from tool cache
2026-07-26T02:10:07.255Z Downloading action dependency layer 0255/0650 from tool cache
2026-07-26T02:10:07.256Z Downloading action dependency layer 0256/0650 from tool cache
2026-07-26T02:10:07.257Z Downloading action dependency layer 0257/0650 from tool cache
2026-07-26T02:10:07.258Z Downloading action dependency layer 0258/0650 from tool cache
2026-07-26T02:10:07.259Z Downloading action dependency layer 0259/0650 from tool cache
2026-07-26T02:10:07.260Z Downloading action dependency layer 0260/0650 from tool cache
2026-07-26T02:10:07.261Z Downloading action dependency layer 0261/0650 from tool cache
2026-07-26T02:10:07.262Z Downloading action dependency layer 0262/0650 from tool cache
2026-07-26T02:10:07.263Z Downloading action dependency layer 0263/0650 from tool cache
2026-07-26T02:10:07.264Z Downloading action dependency layer 0264/0650 from tool cache
2026-07-26T02:10:07.265Z Downloading action dependency layer 0265/0650 from tool cache
2026-07-26T02:10:07.266Z Downloading action dependency layer 0266/0650 from tool cache
2026-07-26T02:10:07.267Z Downloading action dependency layer 0267/0650 from tool cache
2026-07-26T02:10:07.268Z Downloading action dependency layer 0268/0650 from tool cache
2026-07-26T02:10:07.269Z Downloading action dependency layer 0269/0650 from tool cache
2026-07-26T02:10:07.270Z Downloading action dependency layer 0270/0650 from tool cache
2026-07-26T02:10:07.271Z Downloading action dependency layer 0271/0650 from tool cache
2026-07-26T02:10:07.272Z Downloading action dependency layer 0272/0650 from tool cache
2026-07-26T02:10:07.273Z Downloading action dependency layer 0273/0650 from tool cache
2026-07-26T02:10:07.274Z Downloading action dependency layer 0274/0650 from tool cache
2026-07-26T02:10:07.275Z Downloading action dependency layer 0275/0650 from tool cache
2026-07-26T02:10:07.276Z Downloading action dependency layer 0276/0650 from tool cache
2026-07-26T02:10:07.277Z Downloading action dependency layer 0277/0650 from tool cache
2026-07-26T02:10:07.278Z Downloading action dependency layer 0278/0650 from tool cache
2026-07-26T02:10:07.279Z Downloading action dependency layer 0279/0650 from tool cache
2026-07-26T02:10:07.280Z Downloading action dependency layer 0280/0650 from tool cache
2026-07-26T02:10:07.281Z Downloading action dependency layer 0281/0650 from tool cache
2026-07-26T02:10:07.282Z Downloading action dependency layer 0282/0650 from tool cache
2026-07-26T02:10:07.283Z Downloading action dependency layer 0283/0650 from tool cache
2026-07-26T02:10:07.284Z Downloading action dependency layer 0284/0650 from tool cache
2026-07-26T02:10:07.285Z Downloading action dependency layer 0285/0650 from tool cache
2026-07-26T02:10:07.286Z Downloading action dependency layer 0286/0650 from tool cache
2026-07-26T02:10:07.287Z Downloading action dependency layer 0287/0650 from tool cache
2026-07-26T02:10:07.288Z Downloading action dependency layer 0288/0650 from tool cache
2026-07-26T02:10:07.289Z Downloading action dependency layer 0289/0650 from tool cache
2026-07-26T02:10:07.290Z Downloading action dependency layer 0290/0650 from tool cache
2026-07-26T02:10:07.291Z Downloading action dependency layer 0291/0650 from tool cache
2026-07-26T02:10:07.292Z Downloading action dependency layer 0292/0650 from tool cache
2026-07-26T02:10:07.293Z Downloading action dependency layer 0293/0650 from tool cache
2026-07-26T02:10:07.294Z Downloading action dependency layer 0294/0650 from tool cache
2026-07-26T02:10:07.295Z Downloading action dependency layer 0295/0650 from tool cache
2026-07-26T02:10:07.296Z Downloading action dependency layer 0296/0650 from tool cache
2026-07-26T02:10:07.297Z Downloading action dependency layer 0297/0650 from tool cache
2026-07-26T02:10:07.298Z Downloading action dependency layer 0298/0650 from tool cache
2026-07-26T02:10:07.299Z Downloading action dependency layer 0299/0650 from tool cache
2026-07-26T02:10:08.300Z Downloading action dependency layer 0300/0650 from tool cache
2026-07-26T02:10:08.301Z Downloading action dependency layer 0301/0650 from tool cache
2026-07-26T02:10:08.302Z Downloading action dependency layer 0302/0650 from tool cache
2026-07-26T02:10:08.303Z Downloading action dependency layer 0303/0650 from tool cache
2026-07-26T02:10:08.304Z Downloading action dependency layer 0304/0650 from tool cache
2026-07-26T02:10:08.305Z Downloading action dependency layer 0305/0650 from tool cache
2026-07-26T02:10:08.306Z Downloading action dependency layer 0306/0650 from tool cache
2026-07-26T02:10:08.307Z Downloading action dependency layer 0307/0650 from tool cache
2026-07-26T02:10:08.308Z Downloading action dependency layer 0308/0650 from tool cache
2026-07-26T02:10:08.309Z Downloading action dependency layer 0309/0650 from tool cache
2026-07-26T02:10:08.310Z Downloading action dependency layer 0310/0650 from tool cache
2026-07-26T02:10:08.311Z Downloading action dependency layer 0311/0650 from tool cache
2026-07-26T02:10:08.312Z Downloading action dependency layer 0312/0650 from tool cache
2026-07-26T02:10:08.313Z Downloading action dependency layer 0313/0650 from tool cache
2026-07-26T02:10:08.314Z Downloading action dependency layer 0314/0650 from tool cache
2026-07-26T02:10:08.315Z Downloading action dependency layer 0315/0650 from tool cache
2026-07-26T02:10:08.316Z Downloading action dependency layer 0316/0650 from tool cache
2026-07-26T02:10:08.317Z Downloading action dependency layer 0317/0650 from tool cache
2026-07-26T02:10:08.318Z Downloading action dependency layer 0318/0650 from tool cache
2026-07-26T02:10:08.319Z Downloading action dependency layer 0319/0650 from tool cache
2026-07-26T02:10:08.320Z Downloading action dependency layer 0320/0650 from tool cache
2026-07-26T02:10:08.321Z Downloading action dependency layer 0321/0650 from tool cache
2026-07-26T02:10:08.322Z Downloading action dependency layer 0322/0650 from tool cache
2026-07-26T02:10:08.323Z Downloading action dependency layer 0323/0650 from tool cache
2026-07-26T02:10:08.324Z Downloading action dependency layer 0324/0650 from tool cache
2026-07-26T02:10:08.325Z Downloading action dependency layer 0325/0650 from tool cache
2026-07-26T02:10:08.326Z Downloading action dependency layer 0326/0650 from tool cache
2026-07-26T02:10:08.327Z Downloading action dependency layer 0327/0650 from tool cache
2026-07-26T02:10:08.328Z Downloading action dependency layer 0328/0650 from tool cache
2026-07-26T02:10:08.329Z Downloading action dependency layer 0329/0650 from tool cache
2026-07-26T02:10:08.330Z Downloading action dependency layer 0330/0650 from tool cache
2026-07-26T02:10:08.331Z Downloading action dependency layer 0331/0650 from tool cache
2026-07-26T02:10:08.332Z Downloading action dependency layer 0332/0650 from tool cache
2026-07-26T02:10:08.333Z Downloading action dependency layer 0333/0650 from tool cache
2026-07-26T02:10:08.334Z Downloading action dependency layer 0334/0650 from tool cache
2026-07-26T02:10:08.335Z Downloading action dependency layer 0335/0650 from tool cache
2026-07-26T02:10:08.336Z Downloading action dependency layer 0336/0650 from tool cache
2026-07-26T02:10:08.337Z Downloading action dependency layer 0337/0650 from tool cache
2026-07-26T02:10:08.338Z Downloading action dependency layer 0338/0650 from tool cache
2026-07-26T02:10:08.339Z Downloading action dependency layer 0339/0650 from tool cache
2026-07-26T02:10:08.340Z Downloading action dependency layer 0340/0650 from tool cache
2026-07-26T02:10:08.341Z Downloading action dependency layer 0341/0650 from tool cache
2026-07-26T02:10:08.342Z Downloading action dependency layer 0342/0650 from tool cache
2026-07-26T02:10:08.343Z Downloading action dependency layer 0343/0650 from tool cache
2026-07-26T02:10:08.344Z Downloading action dependency layer 0344/0650 from tool cache
2026-07-26T02:10:08.345Z Downloading action dependency layer 0345/0650 from tool cache
2026-07-26T02:10:08.346Z Downloading action dependency layer 0346/0650 from tool cache
2026-07-26T02:10:08.347Z Downloading action dependency layer 0347/0650 from tool cache
2026-07-26T02:10:08.348Z Downloading action dependency layer 0348/0650 from tool cache
2026-07-26T02:10:08.349Z Downloading action dependency layer 0349/0650 from tool cache
2026-07-26T02:10:08.350Z Downloading action dependency layer 0350/0650 from tool cache
2026-07-26T02:10:08.351Z Downloading action dependency layer 0351/0650 from tool cache
2026-07-26T02:10:08.352Z Downloading action dependency layer 0352/0650 from tool cache
2026-07-26T02:10:08.353Z Downloading action dependency layer 0353/0650 from tool cache
2026-07-26T02:10:08.354Z Downloading action dependency layer 0354/0650 from tool cache
2026-07-26T02:10:08.355Z Downloading action dependency layer 0355/0650 from tool cache
2026-07-26T02:10:08.356Z Downloading action dependency layer 0356/0650 from tool cache
2026-07-26T02:10:08.357Z Downloading action dependency layer 0357/0650 from tool cache
2026-07-26T02:10:08.358Z Downloading action dependency layer 0358/0650 from tool cache
2026-07-26T02:10:08.359Z Downloading action dependency layer 0359/0650 from tool cache
2026-07-26T02:10:08.360Z Downloading action dependency layer 0360/0650 from tool cache
2026-07-26T02:10:08.361Z Downloading action dependency layer 0361/0650 from tool cache
2026-07-26T02:10:08.362Z Downloading action dependency layer 0362/0650 from tool cache
2026-07-26T02:10:08.363Z Downloading action dependency layer 0363/0650 from tool cache
2026-07-26T02:10:08.364Z Downloading action dependency layer 0364/0650 from tool cache
2026-07-26T02:10:08.365Z Downloading action dependency layer 0365/0650 from tool cache
2026-07-26T02:10:08.366Z Downloading action dependency layer 0366/0650 from tool cache
2026-07-26T02:10:08.367Z Downloading action dependency layer 0367/0650 from tool cache
2026-07-26T02:10:08.368Z Downloading action dependency layer 0368/0650 from tool cache
2026-07-26T02:10:08.369Z Downloading action dependency layer 0369/0650 from tool cache
2026-07-26T02:10:08.370Z Downloading action dependency layer 0370/0650 from tool cache
2026-07-26T02:10:08.371Z Downloading action dependency layer 0371/0650 from tool cache
2026-07-26T02:10:08.372Z Downloading action dependency layer 0372/0650 from tool cache
2026-07-26T02:10:08.373Z Downloading action dependency layer 0373/0650 from tool cache
2026-07-26T02:10:08.374Z Downloading action dependency layer 0374/0650 from tool cache
2026-07-26T02:10:08.375Z Downloading action dependency layer 0375/0650 from tool cache
2026-07-26T02:10:08.376Z Downloading action dependency layer 0376/0650 from tool cache
2026-07-26T02:10:08.377Z Downloading action dependency layer 0377/0650 from tool cache
2026-07-26T02:10:08.378Z Downloading action dependency layer 0378/0650 from tool cache
2026-07-26T02:10:08.379Z Downloading action dependency layer 0379/0650 from tool cache
2026-07-26T02:10:08.380Z Downloading action dependency layer 0380/0650 from tool cache
2026-07-26T02:10:08.381Z Downloading action dependency layer 0381/0650 from tool cache
2026-07-26T02:10:08.382Z Downloading action dependency layer 0382/0650 from tool cache
2026-07-26T02:10:08.383Z Downloading action dependency layer 0383/0650 from tool cache
2026-07-26T02:10:08.384Z Downloading action dependency layer 0384/0650 from tool cache
2026-07-26T02:10:08.385Z Downloading action dependency layer 0385/0650 from tool cache
2026-07-26T02:10:08.386Z Downloading action dependency layer 0386/0650 from tool cache
2026-07-26T02:10:08.387Z Downloading action dependency layer 0387/0650 from tool cache
2026-07-26T02:10:08.388Z Downloading action dependency layer 0388/0650 from tool cache
2026-07-26T02:10:08.389Z Downloading action dependency layer 0389/0650 from tool cache
2026-07-26T02:10:08.390Z Downloading action dependency layer 0390/0650 from tool cache
2026-07-26T02:10:08.391Z Downloading action dependency layer 0391/0650 from tool cache
2026-07-26T02:10:08.392Z Downloading action dependency layer 0392/0650 from tool cache
2026-07-26T02:10:08.393Z Downloading action dependency layer 0393/0650 from tool cache
2026-07-26T02:10:08.394Z Downloading action dependency layer 0394/0650 from tool cache
2026-07-26T02:10:08.395Z Downloading action dependency layer 0395/0650 from tool cache
2026-07-26T02:10:08.396Z Downloading action dependency layer 0396/0650 from tool cache
2026-07-26T02:10:08.397Z Downloading action dependency layer 0397/0650 from tool cache
2026-07-26T02:10:08.398Z Downloading action dependency layer 0398/0650 from tool cache
2026-07-26T02:10:08.399Z Downloading action dependency layer 0399/0650 from tool cache
2026-07-26T02:10:09.400Z Downloading action dependency layer 0400/0650 from tool cache
2026-07-26T02:10:09.401Z Downloading action dependency layer 0401/0650 from tool cache
2026-07-26T02:10:09.402Z Downloading action dependency layer 0402/0650 from tool cache
2026-07-26T02:10:09.403Z Downloading action dependency layer 0403/0650 from tool cache
2026-07-26T02:10:09.404Z Downloading action dependency layer 0404/0650 from tool cache
2026-07-26T02:10:09.405Z Downloading action dependency layer 0405/0650 from tool cache
2026-07-26T02:10:09.406Z Downloading action dependency layer 0406/0650 from tool cache
2026-07-26T02:10:09.407Z Downloading action dependency layer 0407/0650 from tool cache
2026-07-26T02:10:09.408Z Downloading action dependency layer 0408/0650 from tool cache
2026-07-26T02:10:09.409Z Downloading action dependency layer 0409/0650 from tool cache
2026-07-26T02:10:09.410Z Downloading action dependency layer 0410/0650 from tool cache
2026-07-26T02:10:09.411Z Downloading action dependency layer 0411/0650 from tool cache
2026-07-26T02:10:09.412Z Downloading action dependency layer 0412/0650 from tool cache
2026-07-26T02:10:09.413Z Downloading action dependency layer 0413/0650 from tool cache
2026-07-26T02:10:09.414Z Downloading action dependency layer 0414/0650 from tool cache
2026-07-26T02:10:09.415Z Downloading action dependency layer 0415/0650 from tool cache
2026-07-26T02:10:09.416Z Downloading action dependency layer 0416/0650 from tool cache
2026-07-26T02:10:09.417Z Downloading action dependency layer 0417/0650 from tool cache
2026-07-26T02:10:09.418Z Downloading action dependency layer 0418/0650 from tool cache
2026-07-26T02:10:09.419Z Downloading action dependency layer 0419/0650 from tool cache
2026-07-26T02:10:09.420Z Downloading action dependency layer 0420/0650 from tool cache
2026-07-26T02:10:09.421Z Downloading action dependency layer 0421/0650 from tool cache
2026-07-26T02:10:09.422Z Downloading action dependency layer 0422/0650 from tool cache
2026-07-26T02:10:09.423Z Downloading action dependency layer 0423/0650 from tool cache
2026-07-26T02:10:09.424Z Downloading action dependency layer 0424/0650 from tool cache
2026-07-26T02:10:09.425Z Downloading action dependency layer 0425/0650 from tool cache
2026-07-26T02:10:09.426Z Downloading action dependency layer 0426/0650 from tool cache
2026-07-26T02:10:09.427Z Downloading action dependency layer 0427/0650 from tool cache
2026-07-26T02:10:09.428Z Downloading action dependency layer 0428/0650 from tool cache
2026-07-26T02:10:09.429Z Downloading action dependency layer 0429/0650 from tool cache
2026-07-26T02:10:09.430Z Downloading action dependency layer 0430/0650 from tool cache
2026-07-26T02:10:09.431Z Downloading action dependency layer 0431/0650 from tool cache
2026-07-26T02:10:09.432Z Downloading action dependency layer 0432/0650 from tool cache
2026-07-26T02:10:09.433Z Downloading action dependency layer 0433/0650 from tool cache
2026-07-26T02:10:09.434Z Downloading action dependency layer 0434/0650 from tool cache
2026-07-26T02:10:09.435Z Downloading action dependency layer 0435/0650 from tool cache
2026-07-26T02:10:09.436Z Downloading action dependency layer 0436/0650 from tool cache
2026-07-26T02:10:09.437Z Downloading action dependency layer 0437/0650 from tool cache
2026-07-26T02:10:09.438Z Downloading action dependency layer 0438/0650 from tool cache
2026-07-26T02:10:09.439Z Downloading action dependency layer 0439/0650 from tool cache
2026-07-26T02:10:09.440Z Downloading action dependency layer 0440/0650 from tool cache
2026-07-26T02:10:09.441Z Downloading action dependency layer 0441/0650 from tool cache
2026-07-26T02:10:09.442Z Downloading action dependency layer 0442/0650 from tool cache
2026-07-26T02:10:09.443Z Downloading action dependency layer 0443/0650 from tool cache
2026-07-26T02:10:09.444Z Downloading action dependency layer 0444/0650 from tool cache
2026-07-26T02:10:09.445Z Downloading action dependency layer 0445/0650 from tool cache
2026-07-26T02:10:09.446Z Downloading action dependency layer 0446/0650 from tool cache
2026-07-26T02:10:09.447Z Downloading action dependency layer 0447/0650 from tool cache
2026-07-26T02:10:09.448Z Downloading action dependency layer 0448/0650 from tool cache
2026-07-26T02:10:09.449Z Downloading action dependency layer 0449/0650 from tool cache
2026-07-26T02:10:09.450Z Downloading action dependency layer 0450/0650 from tool cache
2026-07-26T02:10:09.451Z Downloading action dependency layer 0451/0650 from tool cache
2026-07-26T02:10:09.452Z Downloading action dependency layer 0452/0650 from tool cache
2026-07-26T02:10:09.453Z Downloading action dependency layer 0453/0650 from tool cache
2026-07-26T02:10:09.454Z Downloading action dependency layer 0454/0650 from tool cache
2026-07-26T02:10:09.455Z Downloading action dependency layer 0455/0650 from tool cache
2026-07-26T02:10:09.456Z Downloading action dependency layer 0456/0650 from tool cache
2026-07-26T02:10:09.457Z Downloading action dependency layer 0457/0650 from tool cache
2026-07-26T02:10:09.458Z Downloading action dependency layer 0458/0650 from tool cache
2026-07-26T02:10:09.459Z Downloading action dependency layer 0459/0650 from tool cache
2026-07-26T02:10:09.460Z Downloading action dependency layer 0460/0650 from tool cache
2026-07-26T02:10:09.461Z Downloading action dependency layer 0461/0650 from tool cache
2026-07-26T02:10:09.462Z Downloading action dependency layer 0462/0650 from tool cache
2026-07-26T02:10:09.463Z Downloading action dependency layer 0463/0650 from tool cache
2026-07-26T02:10:09.464Z Downloading action dependency layer 0464/0650 from tool cache
2026-07-26T02:10:09.465Z Downloading action dependency layer 0465/0650 from tool cache
2026-07-26T02:10:09.466Z Downloading action dependency layer 0466/0650 from tool cache
2026-07-26T02:10:09.467Z Downloading action dependency layer 0467/0650 from tool cache
2026-07-26T02:10:09.468Z Downloading action dependency layer 0468/0650 from tool cache
2026-07-26T02:10:09.469Z Downloading action dependency layer 0469/0650 from tool cache
2026-07-26T02:10:09.470Z Downloading action dependency layer 0470/0650 from tool cache
2026-07-26T02:10:09.471Z Downloading action dependency layer 0471/0650 from tool cache
2026-07-26T02:10:09.472Z Downloading action dependency layer 0472/0650 from tool cache
2026-07-26T02:10:09.473Z Downloading action dependency layer 0473/0650 from tool cache
2026-07-26T02:10:09.474Z Downloading action dependency layer 0474/0650 from tool cache
2026-07-26T02:10:09.475Z Downloading action dependency layer 0475/0650 from tool cache
2026-07-26T02:10:09.476Z Downloading action dependency layer 0476/0650 from tool cache
2026-07-26T02:10:09.477Z Downloading action dependency layer 0477/0650 from tool cache
2026-07-26T02:10:09.478Z Downloading action dependency layer 0478/0650 from tool cache
2026-07-26T02:10:09.479Z Downloading action dependency layer 0479/0650 from tool cache
2026-07-26T02:10:09.480Z Downloading action dependency layer 0480/0650 from tool cache
2026-07-26T02:10:09.481Z Downloading action dependency layer 0481/0650 from tool cache
2026-07-26T02:10:09.482Z Downloading action dependency layer 0482/0650 from tool cache
2026-07-26T02:10:09.483Z Downloading action dependency layer 0483/0650 from tool cache
2026-07-26T02:10:09.484Z Downloading action dependency layer 0484/0650 from tool cache
2026-07-26T02:10:09.485Z Downloading action dependency layer 0485/0650 from tool cache
2026-07-26T02:10:09.486Z Downloading action dependency layer 0486/0650 from tool cache
2026-07-26T02:10:09.487Z Downloading action dependency layer 0487/0650 from tool cache
2026-07-26T02:10:09.488Z Downloading action dependency layer 0488/0650 from tool cache
2026-07-26T02:10:09.489Z Downloading action dependency layer 0489/0650 from tool cache
2026-07-26T02:10:09.490Z Downloading action dependency layer 0490/0650 from tool cache
2026-07-26T02:10:09.491Z Downloading action dependency layer 0491/0650 from tool cache
2026-07-26T02:10:09.492Z Downloading action dependency layer 0492/0650 from tool cache
2026-07-26T02:10:09.493Z Downloading action dependency layer 0493/0650 from tool cache
2026-07-26T02:10:09.494Z Downloading action dependency layer 0494/0650 from tool cache
2026-07-26T02:10:09.495Z Downloading action dependency layer 0495/0650 from tool cache
2026-07-26T02:10:09.496Z Downloading action dependency layer 0496/0650 from tool cache
2026-07-26T02:10:09.497Z Downloading action dependency layer 0497/0650 from tool cache
2026-07-26T02:10:09.498Z Downloading action dependency layer 0498/0650 from tool cache
2026-07-26T02:10:09.499Z Downloading action dependency layer 0499/0650 from tool cache
2026-07-26T02:10:10.500Z Downloading action dependency layer 0500/0650 from tool cache
2026-07-26T02:10:10.501Z Downloading action dependency layer 0501/0650 from tool cache
2026-07-26T02:10:10.502Z Downloading action dependency layer 0502/0650 from tool cache
2026-07-26T02:10:10.503Z Downloading action dependency layer 0503/0650 from tool cache
2026-07-26T02:10:10.504Z Downloading action dependency layer 0504/0650 from tool cache
2026-07-26T02:10:10.505Z Downloading action dependency layer 0505/0650 from tool cache
2026-07-26T02:10:10.506Z Downloading action dependency layer 0506/0650 from tool cache
2026-07-26T02:10:10.507Z Downloading action dependency layer 0507/0650 from tool cache
2026-07-26T02:10:10.508Z Downloading action dependency layer 0508/0650 from tool cache
2026-07-26T02:10:10.509Z Downloading action dependency layer 0509/0650 from tool cache
2026-07-26T02:10:10.510Z Downloading action dependency layer 0510/0650 from tool cache
2026-07-26T02:10:10.511Z Downloading action dependency layer 0511/0650 from tool cache
2026-07-26T02:10:10.512Z Downloading action dependency layer 0512/0650 from tool cache
2026-07-26T02:10:10.513Z Downloading action dependency layer 0513/0650 from tool cache
2026-07-26T02:10:10.514Z Downloading action dependency layer 0514/0650 from tool cache
2026-07-26T02:10:10.515Z Downloading action dependency layer 0515/0650 from tool cache
2026-07-26T02:10:10.516Z Downloading action dependency layer 0516/0650 from tool cache
2026-07-26T02:10:10.517Z Downloading action dependency layer 0517/0650 from tool cache
2026-07-26T02:10:10.518Z Downloading action dependency layer 0518/0650 from tool cache
2026-07-26T02:10:10.519Z Downloading action dependency layer 0519/0650 from tool cache
2026-07-26T02:10:10.520Z Downloading action dependency layer 0520/0650 from tool cache
2026-07-26T02:10:10.521Z Downloading action dependency layer 0521/0650 from tool cache
2026-07-26T02:10:10.522Z Downloading action dependency layer 0522/0650 from tool cache
2026-07-26T02:10:10.523Z Downloading action dependency layer 0523/0650 from tool cache
2026-07-26T02:10:10.524Z Downloading action dependency layer 0524/0650 from tool cache
2026-07-26T02:10:10.525Z Downloading action dependency layer 0525/0650 from tool cache
2026-07-26T02:10:10.526Z Downloading action dependency layer 0526/0650 from tool cache
2026-07-26T02:10:10.527Z Downloading action dependency layer 0527/0650 from tool cache
2026-07-26T02:10:10.528Z Downloading action dependency layer 0528/0650 from tool cache
2026-07-26T02:10:10.529Z Downloading action dependency layer 0529/0650 from tool cache
2026-07-26T02:10:10.530Z Downloading action dependency layer 0530/0650 from tool cache
2026-07-26T02:10:10.531Z Downloading action dependency layer 0531/0650 from tool cache
2026-07-26T02:10:10.532Z Downloading action dependency layer 0532/0650 from tool cache
2026-07-26T02:10:10.533Z Downloading action dependency layer 0533/0650 from tool cache
2026-07-26T02:10:10.534Z Downloading action dependency layer 0534/0650 from tool cache
2026-07-26T02:10:10.535Z Downloading action dependency layer 0535/0650 from tool cache
2026-07-26T02:10:10.536Z Downloading action dependency layer 0536/0650 from tool cache
2026-07-26T02:10:10.537Z Downloading action dependency layer 0537/0650 from tool cache
2026-07-26T02:10:10.538Z Downloading action dependency layer 0538/0650 from tool cache
2026-07-26T02:10:10.539Z Downloading action dependency layer 0539/0650 from tool cache
2026-07-26T02:10:10.540Z Downloading action dependency layer 0540/0650 from tool cache
2026-07-26T02:10:10.541Z Downloading action dependency layer 0541/0650 from tool cache
2026-07-26T02:10:10.542Z Downloading action dependency layer 0542/0650 from tool cache
2026-07-26T02:10:10.543Z Downloading action dependency layer 0543/0650 from tool cache
2026-07-26T02:10:10.544Z Downloading action dependency layer 0544/0650 from tool cache
2026-07-26T02:10:10.545Z Downloading action dependency layer 0545/0650 from tool cache
2026-07-26T02:10:10.546Z Downloading action dependency layer 0546/0650 from tool cache
2026-07-26T02:10:10.547Z Downloading action dependency layer 0547/0650 from tool cache
2026-07-26T02:10:10.548Z Downloading action dependency layer 0548/0650 from tool cache
2026-07-26T02:10:10.549Z Downloading action dependency layer 0549/0650 from tool cache
2026-07-26T02:10:10.550Z Downloading action dependency layer 0550/0650 from tool cache
2026-07-26T02:10:10.551Z Downloading action dependency layer 0551/0650 from tool cache
2026-07-26T02:10:10.552Z Downloading action dependency layer 0552/0650 from tool cache
2026-07-26T02:10:10.553Z Downloading action dependency layer 0553/0650 from tool cache
2026-07-26T02:10:10.554Z Downloading action dependency layer 0554/0650 from tool cache
2026-07-26T02:10:10.555Z Downloading action dependency layer 0555/0650 from tool cache
2026-07-26T02:10:10.556Z Downloading action dependency layer 0556/0650 from tool cache
2026-07-26T02:10:10.557Z Downloading action dependency layer 0557/0650 from tool cache
2026-07-26T02:10:10.558Z Downloading action dependency layer 0558/0650 from tool cache
2026-07-26T02:10:10.559Z Downloading action dependency layer 0559/0650 from tool cache
2026-07-26T02:10:10.560Z Downloading action dependency layer 0560/0650 from tool cache
2026-07-26T02:10:10.561Z Downloading action dependency layer 0561/0650 from tool cache
2026-07-26T02:10:10.562Z Downloading action dependency layer 0562/0650 from tool cache
2026-07-26T02:10:10.563Z Downloading action dependency layer 0563/0650 from tool cache
2026-07-26T02:10:10.564Z Downloading action dependency layer 0564/0650 from tool cache
2026-07-26T02:10:10.565Z Downloading action dependency layer 0565/0650 from tool cache
2026-07-26T02:10:10.566Z Downloading action dependency layer 0566/0650 from tool cache
2026-07-26T02:10:10.567Z Downloading action dependency layer 0567/0650 from tool cache
2026-07-26T02:10:10.568Z Downloading action dependency layer 0568/0650 from tool cache
2026-07-26T02:10:10.569Z Downloading action dependency layer 0569/0650 from tool cache
2026-07-26T02:10:10.570Z Downloading action dependency layer 0570/0650 from tool cache
2026-07-26T02:10:10.571Z Downloading action dependency layer 0571/0650 from tool cache
2026-07-26T02:10:10.572Z Downloading action dependency layer 0572/0650 from tool cache
2026-07-26T02:10:10.573Z Downloading action dependency layer 0573/0650 from tool cache
2026-07-26T02:10:10.574Z Downloading action dependency layer 0574/0650 from tool cache
2026-07-26T02:10:10.575Z Downloading action dependency layer 0575/0650 from tool cache
2026-07-26T02:10:10.576Z Downloading action dependency layer 0576/0650 from tool cache
2026-07-26T02:10:10.577Z Downloading action dependency layer 0577/0650 from tool cache
2026-07-26T02:10:10.578Z Downloading action dependency layer 0578/0650 from tool cache
2026-07-26T02:10:10.579Z Downloading action dependency layer 0579/0650 from tool cache
2026-07-26T02:10:10.580Z Downloading action dependency layer 0580/0650 from tool cache
2026-07-26T02:10:10.581Z Downloading action dependency layer 0581/0650 from tool cache
2026-07-26T02:10:10.582Z Downloading action dependency layer 0582/0650 from tool cache
2026-07-26T02:10:10.583Z Downloading action dependency layer 0583/0650 from tool cache
2026-07-26T02:10:10.584Z Downloading action dependency layer 0584/0650 from tool cache
2026-07-26T02:10:10.585Z Downloading action dependency layer 0585/0650 from tool cache
2026-07-26T02:10:10.586Z Downloading action dependency layer 0586/0650 from tool cache
2026-07-26T02:10:10.587Z Downloading action dependency layer 0587/0650 from tool cache
2026-07-26T02:10:10.588Z Downloading action dependency layer 0588/0650 from tool cache
2026-07-26T02:10:10.589Z Downloading action dependency layer 0589/0650 from tool cache
2026-07-26T02:10:10.590Z Downloading action dependency layer 0590/0650 from tool cache
2026-07-26T02:10:10.591Z Downloading action dependency layer 0591/0650 from tool cache
2026-07-26T02:10:10.592Z Downloading action dependency layer 0592/0650 from tool cache
2026-07-26T02:10:10.593Z Downloading action dependency layer 0593/0650 from tool cache
2026-07-26T02:10:10.594Z Downloading action dependency layer 0594/0650 from tool cache
2026-07-26T02:10:10.595Z Downloading action dependency layer 0595/0650 from tool cache
2026-07-26T02:10:10.596Z Downloading action dependency layer 0596/0650 from tool cache
2026-07-26T02:10:10.597Z Downloading action dependency layer 0597/0650 from tool cache
2026-07-26T02:10:10.598Z Downloading action dependency layer 0598/0650 from tool cache
2026-07-26T02:10:10.599Z Downloading action dependency layer 0599/0650 from tool cache
2026-07-26T02:10:11.600Z Downloading action dependency layer 0600/0650 from tool cache
2026-07-26T02:10:11.601Z Downloading action dependency layer 0601/0650 from tool cache
2026-07-26T02:10:11.602Z Downloading action dependency layer 0602/0650 from tool cache
2026-07-26T02:10:11.603Z Downloading action dependency layer 0603/0650 from tool cache
2026-07-26T02:10:11.604Z Downloading action dependency layer 0604/0650 from tool cache
2026-07-26T02:10:11.605Z Downloading action dependency layer 0605/0650 from tool cache
2026-07-26T02:10:11.606Z Downloading action dependency layer 0606/0650 from tool cache
2026-07-26T02:10:11.607Z Downloading action dependency layer 0607/0650 from tool cache
2026-07-26T02:10:11.608Z Downloading action dependency layer 0608/0650 from tool cache
2026-07-26T02:10:11.609Z Downloading action dependency layer 0609/0650 from tool cache
2026-07-26T02:10:11.610Z Downloading action dependency layer 0610/0650 from tool cache
2026-07-26T02:10:11.611Z Downloading action dependency layer 0611/0650 from tool cache
2026-07-26T02:10:11.612Z Downloading action dependency layer 0612/0650 from tool cache
2026-07-26T02:10:11.613Z Downloading action dependency layer 0613/0650 from tool cache
2026-07-26T02:10:11.614Z Downloading action dependency layer 0614/0650 from tool cache
2026-07-26T02:10:11.615Z Downloading action dependency layer 0615/0650 from tool cache
2026-07-26T02:10:11.616Z Downloading action dependency layer 0616/0650 from tool cache
2026-07-26T02:10:11.617Z Downloading action dependency layer 0617/0650 from tool cache
2026-07-26T02:10:11.618Z Downloading action dependency layer 0618/0650 from tool cache
2026-07-26T02:10:11.619Z Downloading action dependency layer 0619/0650 from tool cache
2026-07-26T02:10:11.620Z Downloading action dependency layer 0620/0650 from tool cache
2026-07-26T02:10:11.621Z Downloading action dependency layer 0621/0650 from tool cache
2026-07-26T02:10:11.622Z Downloading action dependency layer 0622/0650 from tool cache
2026-07-26T02:10:11.623Z Downloading action dependency layer 0623/0650 from tool cache
2026-07-26T02:10:11.624Z Downloading action dependency layer 0624/0650 from tool cache
2026-07-26T02:10:11.625Z Downloading action dependency layer 0625/0650 from tool cache
2026-07-26T02:10:11.626Z Downloading action dependency layer 0626/0650 from tool cache
2026-07-26T02:10:11.627Z Downloading action dependency layer 0627/0650 from tool cache
2026-07-26T02:10:11.628Z Downloading action dependency layer 0628/0650 from tool cache
2026-07-26T02:10:11.629Z Downloading action dependency layer 0629/0650 from tool cache
2026-07-26T02:10:11.630Z Downloading action dependency layer 0630/0650 from tool cache
2026-07-26T02:10:11.631Z Downloading action dependency layer 0631/0650 from tool cache
2026-07-26T02:10:11.632Z Downloading action dependency layer 0632/0650 from tool cache
2026-07-26T02:10:11.633Z Downloading action dependency layer 0633/0650 from tool cache
2026-07-26T02:10:11.634Z Downloading action dependency layer 0634/0650 from tool cache
2026-07-26T02:10:11.635Z Downloading action dependency layer 0635/0650 from tool cache
2026-07-26T02:10:11.636Z Downloading action dependency layer 0636/0650 from tool cache
2026-07-26T02:10:11.637Z Downloading action dependency layer 0637/0650 from tool cache
2026-07-26T02:10:11.638Z Downloading action dependency layer 0638/0650 from tool cache
2026-07-26T02:10:11.639Z Downloading action dependency layer 0639/0650 from tool cache
2026-07-26T02:10:11.640Z Downloading action dependency layer 0640/0650 from tool cache
2026-07-26T02:10:11.641Z Downloading action dependency layer 0641/0650 from tool cache
2026-07-26T02:10:11.642Z Downloading action dependency layer 0642/0650 from tool cache
2026-07-26T02:10:11.643Z Downloading action dependency layer 0643/0650 from tool cache
2026-07-26T02:10:11.644Z Downloading action dependency layer 0644/0650 from tool cache
2026-07-26T02:10:11.645Z Downloading action dependency layer 0645/0650 from tool cache
2026-07-26T02:10:11.646Z Downloading action dependency layer 0646/0650 from tool cache
2026-07-26T02:10:11.647Z Downloading action dependency layer 0647/0650 from tool cache
2026-07-26T02:10:11.648Z Downloading action dependency layer 0648/0650 from tool cache
2026-07-26T02:10:11.649Z Downloading action dependency layer 0649/0650 from tool cache
2026-07-26T02:10:11.650Z Downloading action dependency layer 0650/0650 from tool cache
2026-07-26T02:10:15.010Z ##[group]Run python scripts/validate_env.py
2026-07-26T02:10:15.011Z python scripts/validate_env.py
2026-07-26T02:10:15.012Z shell: /usr/bin/bash -e {0}
2026-07-26T02:10:15.013Z env:
2026-07-26T02:10:15.014Z   DEPLOY_ENV:
2026-07-26T02:10:15.015Z ##[endgroup]
2026-07-26T02:10:15.101Z Traceback (most recent call last):
2026-07-26T02:10:15.102Z   File "scripts/validate_env.py", line 8, in <module>
2026-07-26T02:10:15.103Z     raise RuntimeError("DEPLOY_ENV is required")
2026-07-26T02:10:15.104Z RuntimeError: DEPLOY_ENV is required
2026-07-26T02:10:15.110Z ##[error]Process completed with exit code 1.
