Run docker buildx build --progress=plain --tag demo-api:ci .
#0 building with "default" instance using docker driver

#1 [internal] load build definition from Dockerfile
#1 transferring dockerfile: 612B done
#1 DONE 0.0s

#2 [internal] load metadata for docker.io/library/node:22.18.0-alpine
#2 DONE 0.7s

#3 [auth] library/node:pull token for registry-1.docker.io
#3 DONE 0.0s

#4 [internal] load .dockerignore
#4 transferring context: 178B done
#4 DONE 0.0s

#5 [1/6] FROM docker.io/library/node:22.18.0-alpine@sha256:44d3b2f6f4e7c13a
BuildKit progress: downloading the base image layer.
BuildKit progress: downloading the base image layer.
BuildKit progress: downloading the base image layer.
BuildKit progress: downloading the base image layer.
BuildKit progress: downloading the base image layer.
BuildKit progress: downloading the base image layer.
BuildKit progress: downloading the base image layer.
BuildKit progress: downloading the base image layer.
BuildKit progress: downloading the base image layer.
BuildKit progress: downloading the base image layer.
BuildKit progress: downloading the base image layer.
BuildKit progress: downloading the base image layer.
BuildKit progress: downloading the base image layer.
BuildKit progress: downloading the base image layer.
BuildKit progress: downloading the base image layer.
BuildKit progress: downloading the base image layer.
BuildKit progress: downloading the base image layer.
BuildKit progress: downloading the base image layer.
BuildKit progress: downloading the base image layer.
BuildKit progress: downloading the base image layer.
BuildKit progress: downloading the base image layer.
BuildKit progress: downloading the base image layer.
BuildKit progress: downloading the base image layer.
BuildKit progress: downloading the base image layer.
BuildKit progress: downloading the base image layer.
BuildKit progress: downloading the base image layer.
BuildKit progress: downloading the base image layer.
BuildKit progress: downloading the base image layer.
BuildKit progress: downloading the base image layer.
BuildKit progress: downloading the base image layer.
BuildKit progress: downloading the base image layer.
BuildKit progress: downloading the base image layer.
BuildKit progress: downloading the base image layer.
BuildKit progress: downloading the base image layer.
BuildKit progress: downloading the base image layer.
BuildKit progress: downloading the base image layer.
BuildKit progress: downloading the base image layer.
BuildKit progress: downloading the base image layer.
BuildKit progress: downloading the base image layer.
BuildKit progress: downloading the base image layer.
BuildKit progress: downloading the base image layer.
BuildKit progress: downloading the base image layer.
BuildKit progress: downloading the base image layer.
BuildKit progress: downloading the base image layer.
BuildKit progress: downloading the base image layer.
BuildKit progress: downloading the base image layer.
BuildKit progress: downloading the base image layer.
BuildKit progress: downloading the base image layer.
BuildKit progress: downloading the base image layer.
BuildKit progress: downloading the base image layer.
BuildKit progress: downloading the base image layer.
BuildKit progress: downloading the base image layer.
BuildKit progress: downloading the base image layer.
BuildKit progress: downloading the base image layer.
BuildKit progress: downloading the base image layer.
BuildKit progress: downloading the base image layer.
BuildKit progress: downloading the base image layer.
BuildKit progress: downloading the base image layer.
BuildKit progress: downloading the base image layer.
BuildKit progress: downloading the base image layer.
BuildKit progress: downloading the base image layer.
BuildKit progress: downloading the base image layer.
BuildKit progress: downloading the base image layer.
BuildKit progress: downloading the base image layer.
BuildKit progress: downloading the base image layer.
BuildKit progress: downloading the base image layer.
BuildKit progress: downloading the base image layer.
BuildKit progress: downloading the base image layer.
BuildKit progress: downloading the base image layer.
BuildKit progress: downloading the base image layer.
BuildKit progress: downloading the base image layer.
BuildKit progress: downloading the base image layer.
BuildKit progress: downloading the base image layer.
BuildKit progress: downloading the base image layer.
BuildKit progress: downloading the base image layer.
BuildKit progress: downloading the base image layer.
BuildKit progress: downloading the base image layer.
BuildKit progress: downloading the base image layer.
BuildKit progress: downloading the base image layer.
BuildKit progress: downloading the base image layer.
BuildKit progress: downloading the base image layer.
BuildKit progress: downloading the base image layer.
BuildKit progress: downloading the base image layer.
BuildKit progress: downloading the base image layer.
BuildKit progress: downloading the base image layer.
BuildKit progress: downloading the base image layer.
BuildKit progress: downloading the base image layer.
BuildKit progress: downloading the base image layer.
BuildKit progress: downloading the base image layer.
BuildKit progress: downloading the base image layer.
BuildKit progress: downloading the base image layer.
BuildKit progress: downloading the base image layer.
BuildKit progress: downloading the base image layer.
BuildKit progress: downloading the base image layer.
BuildKit progress: downloading the base image layer.
BuildKit progress: downloading the base image layer.
BuildKit progress: downloading the base image layer.
BuildKit progress: downloading the base image layer.
BuildKit progress: downloading the base image layer.
BuildKit progress: downloading the base image layer.
BuildKit progress: downloading the base image layer.
BuildKit progress: downloading the base image layer.
BuildKit progress: downloading the base image layer.
BuildKit progress: downloading the base image layer.
BuildKit progress: downloading the base image layer.
BuildKit progress: downloading the base image layer.
BuildKit progress: downloading the base image layer.
BuildKit progress: downloading the base image layer.
BuildKit progress: downloading the base image layer.
BuildKit progress: downloading the base image layer.
BuildKit progress: downloading the base image layer.
BuildKit progress: downloading the base image layer.
BuildKit progress: downloading the base image layer.
BuildKit progress: downloading the base image layer.
BuildKit progress: downloading the base image layer.
BuildKit progress: downloading the base image layer.
BuildKit progress: downloading the base image layer.
BuildKit progress: downloading the base image layer.
BuildKit progress: downloading the base image layer.
BuildKit progress: downloading the base image layer.
BuildKit progress: downloading the base image layer.
BuildKit progress: downloading the base image layer.
BuildKit progress: downloading the base image layer.
BuildKit progress: downloading the base image layer.
BuildKit progress: downloading the base image layer.
BuildKit progress: downloading the base image layer.
BuildKit progress: downloading the base image layer.
BuildKit progress: downloading the base image layer.
BuildKit progress: downloading the base image layer.
BuildKit progress: downloading the base image layer.
BuildKit progress: downloading the base image layer.
BuildKit progress: downloading the base image layer.
BuildKit progress: downloading the base image layer.
BuildKit progress: downloading the base image layer.
BuildKit progress: downloading the base image layer.
BuildKit progress: downloading the base image layer.
BuildKit progress: downloading the base image layer.
BuildKit progress: downloading the base image layer.
BuildKit progress: downloading the base image layer.
BuildKit progress: downloading the base image layer.
BuildKit progress: downloading the base image layer.
BuildKit progress: downloading the base image layer.
BuildKit progress: downloading the base image layer.
BuildKit progress: downloading the base image layer.
BuildKit progress: downloading the base image layer.
BuildKit progress: downloading the base image layer.
BuildKit progress: downloading the base image layer.
BuildKit progress: downloading the base image layer.
BuildKit progress: downloading the base image layer.
BuildKit progress: downloading the base image layer.
BuildKit progress: downloading the base image layer.
BuildKit progress: downloading the base image layer.
BuildKit progress: downloading the base image layer.
BuildKit progress: downloading the base image layer.
BuildKit progress: downloading the base image layer.
BuildKit progress: downloading the base image layer.
BuildKit progress: downloading the base image layer.
BuildKit progress: downloading the base image layer.
BuildKit progress: downloading the base image layer.
BuildKit progress: downloading the base image layer.
BuildKit progress: downloading the base image layer.
BuildKit progress: downloading the base image layer.
BuildKit progress: downloading the base image layer.
BuildKit progress: downloading the base image layer.
BuildKit progress: downloading the base image layer.
BuildKit progress: downloading the base image layer.
BuildKit progress: downloading the base image layer.
BuildKit progress: downloading the base image layer.
BuildKit progress: downloading the base image layer.
BuildKit progress: downloading the base image layer.
BuildKit progress: downloading the base image layer.
BuildKit progress: downloading the base image layer.
BuildKit progress: downloading the base image layer.
BuildKit progress: downloading the base image layer.
BuildKit progress: downloading the base image layer.
BuildKit progress: downloading the base image layer.
BuildKit progress: downloading the base image layer.
BuildKit progress: downloading the base image layer.
BuildKit progress: downloading the base image layer.
BuildKit progress: downloading the base image layer.
BuildKit progress: downloading the base image layer.
BuildKit progress: downloading the base image layer.
BuildKit progress: downloading the base image layer.
BuildKit progress: downloading the base image layer.
BuildKit progress: downloading the base image layer.
BuildKit progress: downloading the base image layer.
BuildKit progress: downloading the base image layer.
BuildKit progress: downloading the base image layer.
BuildKit progress: downloading the base image layer.
BuildKit progress: downloading the base image layer.
BuildKit progress: downloading the base image layer.
BuildKit progress: downloading the base image layer.
BuildKit progress: downloading the base image layer.
BuildKit progress: downloading the base image layer.
BuildKit progress: downloading the base image layer.
BuildKit progress: downloading the base image layer.
BuildKit progress: downloading the base image layer.
BuildKit progress: downloading the base image layer.
BuildKit progress: downloading the base image layer.
BuildKit progress: downloading the base image layer.
BuildKit progress: downloading the base image layer.
BuildKit progress: downloading the base image layer.
BuildKit progress: downloading the base image layer.
BuildKit progress: downloading the base image layer.
BuildKit progress: downloading the base image layer.
BuildKit progress: downloading the base image layer.
BuildKit progress: downloading the base image layer.
BuildKit progress: downloading the base image layer.
BuildKit progress: downloading the base image layer.
BuildKit progress: downloading the base image layer.
BuildKit progress: downloading the base image layer.
BuildKit progress: downloading the base image layer.
BuildKit progress: downloading the base image layer.
BuildKit progress: downloading the base image layer.
BuildKit progress: downloading the base image layer.
BuildKit progress: downloading the base image layer.
BuildKit progress: downloading the base image layer.
BuildKit progress: downloading the base image layer.
BuildKit progress: downloading the base image layer.
BuildKit progress: downloading the base image layer.
BuildKit progress: downloading the base image layer.
BuildKit progress: downloading the base image layer.
BuildKit progress: downloading the base image layer.
BuildKit progress: downloading the base image layer.
BuildKit progress: downloading the base image layer.
BuildKit progress: downloading the base image layer.
BuildKit progress: downloading the base image layer.
BuildKit progress: downloading the base image layer.
BuildKit progress: downloading the base image layer.
BuildKit progress: downloading the base image layer.
BuildKit progress: downloading the base image layer.
BuildKit progress: downloading the base image layer.
BuildKit progress: downloading the base image layer.
BuildKit progress: downloading the base image layer.
BuildKit progress: downloading the base image layer.
BuildKit progress: downloading the base image layer.
BuildKit progress: downloading the base image layer.
BuildKit progress: downloading the base image layer.
BuildKit progress: downloading the base image layer.
BuildKit progress: downloading the base image layer.
BuildKit progress: downloading the base image layer.
BuildKit progress: downloading the base image layer.
BuildKit progress: downloading the base image layer.
BuildKit progress: downloading the base image layer.
BuildKit progress: downloading the base image layer.
BuildKit progress: downloading the base image layer.
BuildKit progress: downloading the base image layer.
BuildKit progress: downloading the base image layer.
BuildKit progress: downloading the base image layer.
BuildKit progress: downloading the base image layer.
BuildKit progress: downloading the base image layer.
BuildKit progress: downloading the base image layer.
BuildKit progress: downloading the base image layer.
BuildKit progress: downloading the base image layer.
BuildKit progress: downloading the base image layer.
BuildKit progress: downloading the base image layer.
BuildKit progress: downloading the base image layer.
BuildKit progress: downloading the base image layer.
BuildKit progress: downloading the base image layer.
BuildKit progress: downloading the base image layer.
BuildKit progress: downloading the base image layer.
BuildKit progress: downloading the base image layer.
BuildKit progress: downloading the base image layer.
BuildKit progress: downloading the base image layer.
BuildKit progress: downloading the base image layer.
BuildKit progress: downloading the base image layer.
BuildKit progress: downloading the base image layer.
BuildKit progress: downloading the base image layer.
BuildKit progress: downloading the base image layer.
BuildKit progress: downloading the base image layer.
BuildKit progress: downloading the base image layer.
BuildKit progress: downloading the base image layer.
BuildKit progress: downloading the base image layer.
BuildKit progress: downloading the base image layer.
BuildKit progress: downloading the base image layer.
BuildKit progress: downloading the base image layer.
BuildKit progress: downloading the base image layer.
BuildKit progress: downloading the base image layer.
BuildKit progress: downloading the base image layer.
BuildKit progress: downloading the base image layer.
BuildKit progress: downloading the base image layer.
BuildKit progress: downloading the base image layer.
BuildKit progress: downloading the base image layer.
BuildKit progress: downloading the base image layer.
BuildKit progress: downloading the base image layer.
BuildKit progress: downloading the base image layer.
BuildKit progress: downloading the base image layer.
BuildKit progress: downloading the base image layer.
BuildKit progress: downloading the base image layer.
BuildKit progress: downloading the base image layer.
BuildKit progress: downloading the base image layer.
BuildKit progress: downloading the base image layer.
BuildKit progress: downloading the base image layer.
BuildKit progress: downloading the base image layer.
BuildKit progress: downloading the base image layer.
BuildKit progress: downloading the base image layer.
BuildKit progress: downloading the base image layer.
BuildKit progress: downloading the base image layer.
BuildKit progress: downloading the base image layer.
BuildKit progress: downloading the base image layer.
BuildKit progress: downloading the base image layer.
BuildKit progress: downloading the base image layer.
BuildKit progress: downloading the base image layer.
BuildKit progress: downloading the base image layer.
BuildKit progress: downloading the base image layer.
BuildKit progress: downloading the base image layer.
BuildKit progress: downloading the base image layer.
BuildKit progress: downloading the base image layer.
BuildKit progress: downloading the base image layer.
BuildKit progress: downloading the base image layer.
BuildKit progress: downloading the base image layer.
BuildKit progress: downloading the base image layer.
BuildKit progress: downloading the base image layer.
BuildKit progress: downloading the base image layer.
BuildKit progress: downloading the base image layer.
BuildKit progress: downloading the base image layer.
BuildKit progress: downloading the base image layer.
BuildKit progress: downloading the base image layer.
BuildKit progress: downloading the base image layer.
BuildKit progress: downloading the base image layer.
BuildKit progress: downloading the base image layer.
BuildKit progress: downloading the base image layer.
BuildKit progress: downloading the base image layer.
BuildKit progress: downloading the base image layer.
BuildKit progress: downloading the base image layer.
BuildKit progress: downloading the base image layer.
BuildKit progress: downloading the base image layer.
BuildKit progress: downloading the base image layer.
BuildKit progress: downloading the base image layer.
BuildKit progress: downloading the base image layer.
BuildKit progress: downloading the base image layer.
BuildKit progress: downloading the base image layer.
BuildKit progress: downloading the base image layer.
BuildKit progress: downloading the base image layer.
BuildKit progress: downloading the base image layer.
BuildKit progress: downloading the base image layer.
BuildKit progress: downloading the base image layer.
BuildKit progress: downloading the base image layer.
BuildKit progress: downloading the base image layer.
BuildKit progress: downloading the base image layer.
BuildKit progress: downloading the base image layer.
BuildKit progress: downloading the base image layer.
BuildKit progress: downloading the base image layer.
BuildKit progress: downloading the base image layer.
BuildKit progress: downloading the base image layer.
BuildKit progress: downloading the base image layer.
BuildKit progress: downloading the base image layer.
BuildKit progress: downloading the base image layer.
BuildKit progress: downloading the base image layer.
BuildKit progress: downloading the base image layer.
BuildKit progress: downloading the base image layer.
BuildKit progress: downloading the base image layer.
BuildKit progress: downloading the base image layer.
BuildKit progress: downloading the base image layer.
BuildKit progress: downloading the base image layer.
BuildKit progress: downloading the base image layer.
BuildKit progress: downloading the base image layer.
BuildKit progress: downloading the base image layer.
BuildKit progress: downloading the base image layer.
BuildKit progress: downloading the base image layer.
BuildKit progress: downloading the base image layer.
BuildKit progress: downloading the base image layer.
BuildKit progress: downloading the base image layer.
BuildKit progress: downloading the base image layer.
BuildKit progress: downloading the base image layer.
BuildKit progress: downloading the base image layer.
BuildKit progress: downloading the base image layer.
BuildKit progress: downloading the base image layer.
BuildKit progress: downloading the base image layer.
BuildKit progress: downloading the base image layer.
BuildKit progress: downloading the base image layer.
BuildKit progress: downloading the base image layer.
BuildKit progress: downloading the base image layer.
BuildKit progress: downloading the base image layer.
BuildKit progress: downloading the base image layer.
BuildKit progress: downloading the base image layer.
BuildKit progress: downloading the base image layer.
BuildKit progress: downloading the base image layer.
BuildKit progress: downloading the base image layer.
BuildKit progress: downloading the base image layer.
BuildKit progress: downloading the base image layer.
BuildKit progress: downloading the base image layer.
BuildKit progress: downloading the base image layer.
BuildKit progress: downloading the base image layer.
BuildKit progress: downloading the base image layer.
BuildKit progress: downloading the base image layer.
BuildKit progress: downloading the base image layer.
BuildKit progress: downloading the base image layer.
BuildKit progress: downloading the base image layer.
BuildKit progress: downloading the base image layer.
BuildKit progress: downloading the base image layer.
BuildKit progress: downloading the base image layer.
BuildKit progress: downloading the base image layer.
BuildKit progress: downloading the base image layer.
BuildKit progress: downloading the base image layer.
BuildKit progress: downloading the base image layer.
BuildKit progress: downloading the base image layer.
BuildKit progress: downloading the base image layer.
BuildKit progress: downloading the base image layer.
BuildKit progress: downloading the base image layer.
BuildKit progress: downloading the base image layer.
BuildKit progress: downloading the base image layer.
BuildKit progress: downloading the base image layer.
BuildKit progress: downloading the base image layer.
BuildKit progress: downloading the base image layer.
BuildKit progress: downloading the base image layer.
BuildKit progress: downloading the base image layer.
BuildKit progress: downloading the base image layer.
BuildKit progress: downloading the base image layer.
BuildKit progress: downloading the base image layer.
BuildKit progress: downloading the base image layer.
BuildKit progress: downloading the base image layer.
BuildKit progress: downloading the base image layer.
BuildKit progress: downloading the base image layer.
BuildKit progress: downloading the base image layer.
BuildKit progress: downloading the base image layer.
BuildKit progress: downloading the base image layer.
BuildKit progress: downloading the base image layer.
BuildKit progress: downloading the base image layer.
BuildKit progress: downloading the base image layer.
BuildKit progress: downloading the base image layer.
BuildKit progress: downloading the base image layer.
BuildKit progress: downloading the base image layer.
BuildKit progress: downloading the base image layer.
BuildKit progress: downloading the base image layer.
BuildKit progress: downloading the base image layer.
BuildKit progress: downloading the base image layer.
BuildKit progress: downloading the base image layer.
BuildKit progress: downloading the base image layer.
BuildKit progress: downloading the base image layer.
BuildKit progress: downloading the base image layer.
BuildKit progress: downloading the base image layer.
BuildKit progress: downloading the base image layer.
BuildKit progress: downloading the base image layer.
BuildKit progress: downloading the base image layer.
BuildKit progress: downloading the base image layer.
BuildKit progress: downloading the base image layer.
BuildKit progress: downloading the base image layer.
BuildKit progress: downloading the base image layer.
BuildKit progress: downloading the base image layer.
BuildKit progress: downloading the base image layer.
BuildKit progress: downloading the base image layer.
BuildKit progress: downloading the base image layer.
BuildKit progress: downloading the base image layer.
BuildKit progress: downloading the base image layer.
BuildKit progress: downloading the base image layer.
BuildKit progress: downloading the base image layer.
BuildKit progress: downloading the base image layer.
BuildKit progress: downloading the base image layer.
BuildKit progress: downloading the base image layer.
BuildKit progress: downloading the base image layer.
BuildKit progress: downloading the base image layer.
BuildKit progress: downloading the base image layer.
BuildKit progress: downloading the base image layer.
BuildKit progress: downloading the base image layer.
BuildKit progress: downloading the base image layer.
BuildKit progress: downloading the base image layer.
BuildKit progress: downloading the base image layer.
BuildKit progress: downloading the base image layer.
BuildKit progress: downloading the base image layer.
BuildKit progress: downloading the base image layer.
BuildKit progress: downloading the base image layer.
BuildKit progress: downloading the base image layer.
BuildKit progress: downloading the base image layer.
BuildKit progress: downloading the base image layer.
BuildKit progress: downloading the base image layer.
BuildKit progress: downloading the base image layer.
BuildKit progress: downloading the base image layer.
BuildKit progress: downloading the base image layer.
BuildKit progress: downloading the base image layer.
BuildKit progress: downloading the base image layer.
BuildKit progress: downloading the base image layer.
BuildKit progress: downloading the base image layer.
BuildKit progress: downloading the base image layer.
BuildKit progress: downloading the base image layer.
BuildKit progress: downloading the base image layer.
BuildKit progress: downloading the base image layer.
BuildKit progress: downloading the base image layer.
BuildKit progress: downloading the base image layer.
BuildKit progress: downloading the base image layer.
BuildKit progress: downloading the base image layer.
BuildKit progress: downloading the base image layer.
BuildKit progress: downloading the base image layer.
BuildKit progress: downloading the base image layer.
BuildKit progress: downloading the base image layer.
BuildKit progress: downloading the base image layer.
BuildKit progress: downloading the base image layer.
BuildKit progress: downloading the base image layer.
BuildKit progress: downloading the base image layer.
BuildKit progress: downloading the base image layer.
BuildKit progress: downloading the base image layer.
BuildKit progress: downloading the base image layer.
BuildKit progress: downloading the base image layer.
BuildKit progress: downloading the base image layer.
BuildKit progress: downloading the base image layer.
BuildKit progress: downloading the base image layer.
BuildKit progress: downloading the base image layer.
BuildKit progress: downloading the base image layer.
BuildKit progress: downloading the base image layer.
BuildKit progress: downloading the base image layer.
BuildKit progress: downloading the base image layer.
BuildKit progress: downloading the base image layer.
BuildKit progress: downloading the base image layer.
BuildKit progress: downloading the base image layer.
BuildKit progress: downloading the base image layer.
BuildKit progress: downloading the base image layer.
BuildKit progress: downloading the base image layer.
BuildKit progress: downloading the base image layer.
BuildKit progress: downloading the base image layer.
BuildKit progress: downloading the base image layer.
BuildKit progress: downloading the base image layer.
BuildKit progress: downloading the base image layer.
BuildKit progress: downloading the base image layer.
BuildKit progress: downloading the base image layer.
BuildKit progress: downloading the base image layer.
BuildKit progress: downloading the base image layer.
BuildKit progress: downloading the base image layer.
BuildKit progress: downloading the base image layer.
BuildKit progress: downloading the base image layer.
BuildKit progress: downloading the base image layer.
BuildKit progress: downloading the base image layer.
BuildKit progress: downloading the base image layer.
BuildKit progress: downloading the base image layer.
BuildKit progress: downloading the base image layer.
BuildKit progress: downloading the base image layer.
BuildKit progress: downloading the base image layer.
BuildKit progress: downloading the base image layer.
BuildKit progress: downloading the base image layer.
BuildKit progress: downloading the base image layer.
BuildKit progress: downloading the base image layer.
BuildKit progress: downloading the base image layer.
BuildKit progress: downloading the base image layer.
BuildKit progress: downloading the base image layer.
BuildKit progress: downloading the base image layer.
BuildKit progress: downloading the base image layer.
BuildKit progress: downloading the base image layer.
BuildKit progress: downloading the base image layer.
BuildKit progress: downloading the base image layer.
BuildKit progress: downloading the base image layer.
BuildKit progress: downloading the base image layer.
BuildKit progress: downloading the base image layer.
BuildKit progress: downloading the base image layer.
BuildKit progress: downloading the base image layer.
BuildKit progress: downloading the base image layer.
BuildKit progress: downloading the base image layer.
BuildKit progress: downloading the base image layer.
BuildKit progress: downloading the base image layer.
BuildKit progress: downloading the base image layer.
BuildKit progress: downloading the base image layer.
BuildKit progress: downloading the base image layer.
BuildKit progress: downloading the base image layer.
BuildKit progress: downloading the base image layer.
BuildKit progress: downloading the base image layer.
BuildKit progress: downloading the base image layer.
BuildKit progress: downloading the base image layer.
BuildKit progress: downloading the base image layer.
BuildKit progress: downloading the base image layer.
BuildKit progress: downloading the base image layer.
BuildKit progress: downloading the base image layer.
BuildKit progress: downloading the base image layer.
BuildKit progress: downloading the base image layer.
BuildKit progress: downloading the base image layer.
BuildKit progress: downloading the base image layer.
BuildKit progress: downloading the base image layer.
BuildKit progress: downloading the base image layer.
BuildKit progress: downloading the base image layer.
BuildKit progress: downloading the base image layer.
BuildKit progress: downloading the base image layer.
BuildKit progress: downloading the base image layer.
BuildKit progress: downloading the base image layer.
BuildKit progress: downloading the base image layer.
BuildKit progress: downloading the base image layer.
BuildKit progress: downloading the base image layer.
BuildKit progress: downloading the base image layer.
BuildKit progress: downloading the base image layer.
BuildKit progress: downloading the base image layer.
BuildKit progress: downloading the base image layer.
BuildKit progress: downloading the base image layer.
BuildKit progress: downloading the base image layer.
BuildKit progress: downloading the base image layer.
BuildKit progress: downloading the base image layer.
BuildKit progress: downloading the base image layer.
BuildKit progress: downloading the base image layer.
BuildKit progress: downloading the base image layer.
BuildKit progress: downloading the base image layer.
BuildKit progress: downloading the base image layer.
BuildKit progress: downloading the base image layer.
BuildKit progress: downloading the base image layer.
BuildKit progress: downloading the base image layer.
BuildKit progress: downloading the base image layer.
BuildKit progress: downloading the base image layer.
BuildKit progress: downloading the base image layer.
BuildKit progress: downloading the base image layer.
BuildKit progress: downloading the base image layer.
BuildKit progress: downloading the base image layer.
BuildKit progress: downloading the base image layer.
BuildKit progress: downloading the base image layer.
BuildKit progress: downloading the base image layer.
BuildKit progress: downloading the base image layer.
BuildKit progress: downloading the base image layer.
BuildKit progress: downloading the base image layer.
BuildKit progress: downloading the base image layer.
BuildKit progress: downloading the base image layer.
BuildKit progress: downloading the base image layer.
BuildKit progress: downloading the base image layer.
BuildKit progress: downloading the base image layer.
BuildKit progress: downloading the base image layer.
BuildKit progress: downloading the base image layer.
BuildKit progress: downloading the base image layer.
BuildKit progress: downloading the base image layer.
BuildKit progress: downloading the base image layer.
BuildKit progress: downloading the base image layer.
BuildKit progress: downloading the base image layer.
BuildKit progress: downloading the base image layer.
BuildKit progress: downloading the base image layer.
BuildKit progress: downloading the base image layer.
BuildKit progress: downloading the base image layer.
BuildKit progress: downloading the base image layer.
BuildKit progress: downloading the base image layer.
BuildKit progress: downloading the base image layer.
BuildKit progress: downloading the base image layer.
BuildKit progress: downloading the base image layer.
BuildKit progress: downloading the base image layer.
BuildKit progress: downloading the base image layer.
BuildKit progress: downloading the base image layer.
BuildKit progress: downloading the base image layer.
BuildKit progress: downloading the base image layer.
BuildKit progress: downloading the base image layer.
BuildKit progress: downloading the base image layer.
BuildKit progress: downloading the base image layer.
BuildKit progress: downloading the base image layer.
BuildKit progress: downloading the base image layer.
BuildKit progress: downloading the base image layer.
BuildKit progress: downloading the base image layer.
BuildKit progress: downloading the base image layer.
BuildKit progress: downloading the base image layer.
BuildKit progress: downloading the base image layer.
BuildKit progress: downloading the base image layer.
BuildKit progress: downloading the base image layer.
BuildKit progress: downloading the base image layer.
BuildKit progress: downloading the base image layer.
BuildKit progress: downloading the base image layer.
BuildKit progress: downloading the base image layer.
BuildKit progress: downloading the base image layer.
BuildKit progress: downloading the base image layer.
BuildKit progress: downloading the base image layer.
BuildKit progress: downloading the base image layer.
BuildKit progress: downloading the base image layer.
BuildKit progress: downloading the base image layer.
BuildKit progress: downloading the base image layer.
BuildKit progress: downloading the base image layer.
BuildKit progress: downloading the base image layer.
BuildKit progress: downloading the base image layer.
BuildKit progress: downloading the base image layer.
BuildKit progress: downloading the base image layer.
BuildKit progress: downloading the base image layer.
BuildKit progress: downloading the base image layer.
BuildKit progress: downloading the base image layer.
BuildKit progress: downloading the base image layer.
BuildKit progress: downloading the base image layer.
BuildKit progress: downloading the base image layer.
BuildKit progress: downloading the base image layer.
BuildKit progress: downloading the base image layer.
BuildKit progress: downloading the base image layer.
BuildKit progress: downloading the base image layer.
BuildKit progress: downloading the base image layer.
BuildKit progress: downloading the base image layer.
BuildKit progress: downloading the base image layer.
BuildKit progress: downloading the base image layer.
BuildKit progress: downloading the base image layer.
BuildKit progress: downloading the base image layer.
BuildKit progress: downloading the base image layer.
BuildKit progress: downloading the base image layer.
BuildKit progress: downloading the base image layer.
BuildKit progress: downloading the base image layer.
BuildKit progress: downloading the base image layer.
BuildKit progress: downloading the base image layer.
BuildKit progress: downloading the base image layer.
BuildKit progress: downloading the base image layer.
BuildKit progress: downloading the base image layer.
BuildKit progress: downloading the base image layer.
BuildKit progress: downloading the base image layer.
BuildKit progress: downloading the base image layer.
BuildKit progress: downloading the base image layer.
BuildKit progress: downloading the base image layer.
BuildKit progress: downloading the base image layer.
BuildKit progress: downloading the base image layer.
BuildKit progress: downloading the base image layer.
BuildKit progress: downloading the base image layer.
BuildKit progress: downloading the base image layer.
BuildKit progress: downloading the base image layer.
BuildKit progress: downloading the base image layer.
BuildKit progress: downloading the base image layer.
BuildKit progress: downloading the base image layer.
BuildKit progress: downloading the base image layer.
BuildKit progress: downloading the base image layer.
BuildKit progress: downloading the base image layer.
BuildKit progress: downloading the base image layer.
BuildKit progress: downloading the base image layer.
BuildKit progress: downloading the base image layer.
BuildKit progress: downloading the base image layer.
BuildKit progress: downloading the base image layer.
BuildKit progress: downloading the base image layer.
BuildKit progress: downloading the base image layer.
BuildKit progress: downloading the base image layer.
BuildKit progress: downloading the base image layer.
BuildKit progress: downloading the base image layer.
BuildKit progress: downloading the base image layer.
BuildKit progress: downloading the base image layer.
BuildKit progress: downloading the base image layer.
BuildKit progress: downloading the base image layer.
BuildKit progress: downloading the base image layer.
BuildKit progress: downloading the base image layer.
BuildKit progress: downloading the base image layer.
BuildKit progress: downloading the base image layer.
BuildKit progress: downloading the base image layer.
BuildKit progress: downloading the base image layer.
BuildKit progress: downloading the base image layer.
BuildKit progress: downloading the base image layer.
BuildKit progress: downloading the base image layer.
BuildKit progress: downloading the base image layer.
BuildKit progress: downloading the base image layer.
BuildKit progress: downloading the base image layer.
BuildKit progress: downloading the base image layer.
BuildKit progress: downloading the base image layer.
BuildKit progress: downloading the base image layer.
BuildKit progress: downloading the base image layer.
BuildKit progress: downloading the base image layer.
BuildKit progress: downloading the base image layer.
BuildKit progress: downloading the base image layer.
BuildKit progress: downloading the base image layer.
BuildKit progress: downloading the base image layer.
BuildKit progress: downloading the base image layer.
BuildKit progress: downloading the base image layer.
BuildKit progress: downloading the base image layer.
BuildKit progress: downloading the base image layer.
BuildKit progress: downloading the base image layer.
BuildKit progress: downloading the base image layer.
BuildKit progress: downloading the base image layer.
BuildKit progress: downloading the base image layer.
BuildKit progress: downloading the base image layer.
BuildKit progress: downloading the base image layer.
BuildKit progress: downloading the base image layer.
BuildKit progress: downloading the base image layer.
BuildKit progress: downloading the base image layer.
BuildKit progress: downloading the base image layer.
BuildKit progress: downloading the base image layer.
BuildKit progress: downloading the base image layer.
BuildKit progress: downloading the base image layer.
BuildKit progress: downloading the base image layer.
#5 extracting sha256:8c2f1d4a7b09
#5 extracting sha256:8c2f1d4a7b09 1.4s done
#5 DONE 39.1s

#6 [internal] load build context
#6 transferring context: 3.14kB done
#6 DONE 0.0s

#7 [2/6] WORKDIR /app
#7 DONE 0.1s

#8 [3/6] COPY package.json package-lock.json ./
#8 ERROR: failed to calculate checksum of ref moby::m9g4j5h6k7l8: "/package-lock.json": not found
------
 > [3/6] COPY package.json package-lock.json ./:
------
Dockerfile:5
--------------------
   3 |     WORKDIR /app
   4 |
   5 | >>> COPY package.json package-lock.json ./
   6 |     RUN npm ci --omit=dev
   7 |
--------------------
ERROR: failed to solve: failed to compute cache key: failed to calculate checksum: "/package-lock.json": not found
Error: buildx failed with: ERROR: failed to solve
Error: Process completed with exit code 1.
